Component: ARM Compiler 5.05 update 1 (build 106) Tool: armlink [4d0efa]

==============================================================================

Section Cross References

    main.o(i.main) refers to _printf_percent.o(.ARM.Collect$$_printf_percent$$00000000) for _printf_percent
    main.o(i.main) refers to _printf_s.o(.ARM.Collect$$_printf_percent$$00000014) for _printf_s
    main.o(i.main) refers to _printf_str.o(.text) for _printf_str
    main.o(i.main) refers to sysctl.o(i.SysCtlClockSet) for SysCtlClockSet
    main.o(i.main) refers to termio.o(i.TERMIO_Init) for TERMIO_Init
    main.o(i.main) refers to noretval__2printf.o(.text) for __2printf
    main.o(i.main) refers to puts.o(.text) for puts
    main.o(i.main) refers to es_framework.o(i.ES_Initialize) for ES_Initialize
    main.o(i.main) refers to es_framework.o(i.ES_Run) for ES_Run
    eventcheckers.o(i.Check4Keystroke) refers to termio.o(i.kbhit) for kbhit
    eventcheckers.o(i.Check4Keystroke) refers to getc.o(.text) for getc
    eventcheckers.o(i.Check4Keystroke) refers to balloon.o(i.PostBalloon) for PostBalloon
    eventcheckers.o(i.Check4Keystroke) refers to commrxsm.o(i.PostCommRxSM) for PostCommRxSM
    eventcheckers.o(i.Check4Keystroke) refers to sensorcomms.o(i.PostSensorComms) for PostSensorComms
    eventcheckers.o(i.Check4Keystroke) refers to spectrexbee.o(i.SoftwareReset) for SoftwareReset
    eventcheckers.o(i.Check4Keystroke) refers to spectrexbee.o(i.PostSpectreXbee) for PostSpectreXbee
    eventcheckers.o(i.Check4Keystroke) refers to suicideds.o(i.closeSuicideDoors) for closeSuicideDoors
    eventcheckers.o(i.Check4Keystroke) refers to suicideds.o(i.openSuicideDoors) for openSuicideDoors
    eventcheckers.o(i.Check4Keystroke) refers to noretval__2printf.o(.text) for __2printf
    eventcheckers.o(i.Check4Keystroke) refers to wtv020sdservice.o(i.PostWTV) for PostWTV
    eventcheckers.o(i.Check4Keystroke) refers to retarget.o(.data) for __stdin
    eventcheckers.o(i.Check4Keystroke) refers to eventcheckers.o(.data) for .data
    eventcheckers.o(i.Check4Keystroke) refers to eventcheckers.o(.constdata) for .constdata
    admulti.o(i.ADC_MultiInit) refers to admulti.o(.data) for .data
    admulti.o(i.ADC_MultiInit) refers to admulti.o(.constdata) for .constdata
    admulti.o(i.ADC_MultiRead) refers to admulti.o(.data) for .data
    pwm.o(i.InitPWM) refers to pwm.o(i.SetPWMDuty) for SetPWMDuty
    pwm.o(i.InitPWM) refers to pwm.o(i.SetPWMWidth) for SetPWMWidth
    pwm.o(i.InitPWM) refers to noretval__2printf.o(.text) for __2printf
    pwm.o(i.SetPWMDuty) refers to pwm.o(.data) for .data
    pwm.o(i.SetPWMWidth) refers to pwm.o(.data) for .data
    sensorcomms.o(i.InitSensorComms) refers to sensorcomms.o(i.InitUART2) for InitUART2
    sensorcomms.o(i.InitSensorComms) refers to es_framework.o(i.ES_PostToService) for ES_PostToService
    sensorcomms.o(i.InitSensorComms) refers to sensorcomms.o(.data) for .data
    sensorcomms.o(i.InitUART2) refers to noretval__2printf.o(.text) for __2printf
    sensorcomms.o(i.PostSensorComms) refers to es_framework.o(i.ES_PostToService) for ES_PostToService
    sensorcomms.o(i.PostSensorComms) refers to sensorcomms.o(.data) for .data
    sensorcomms.o(i.RunSensorComms) refers to sensorcomms.o(i.calc) for calc
    sensorcomms.o(i.RunSensorComms) refers to sensorcomms.o(i.PostSensorComms) for PostSensorComms
    sensorcomms.o(i.RunSensorComms) refers to sensorcomms.o(.data) for .data
    sensorcomms.o(i.RunSensorComms) refers to sensorcomms.o(.constdata) for .constdata
    sensorcomms.o(i.UART2ISR) refers to dflt_clz.o(x$fpl$dfltu) for __aeabi_ui2d
    sensorcomms.o(i.UART2ISR) refers to sensorcomms.o(i.calc) for calc
    sensorcomms.o(i.UART2ISR) refers to sensorcomms.o(.data) for .data
    sensorcomms.o(i.calc) refers to dflt_clz.o(x$fpl$dflt) for __aeabi_i2d
    sensorcomms.o(i.calc) refers to basic.o(x$fpl$basic) for __aeabi_dneg
    sensorcomms.o(i.calc) refers to dflt_clz.o(x$fpl$dfltu) for __aeabi_ui2d
    sensorcomms.o(i.calc) refers to ddiv.o(x$fpl$ddiv) for __aeabi_ddiv
    sensorcomms.o(i.calc) refers to sensorcomms.o(.data) for .data
    sensorcomms.o(i.getHeading) refers to sensorcomms.o(.data) for .data
    sensorcomms.o(i.getYaw) refers to sensorcomms.o(.data) for .data
    spectrexbee.o(i.GetCommands) refers to spectrexbee.o(.bss) for .bss
    spectrexbee.o(i.GetCommands) refers to spectrexbee.o(.data) for .data
    spectrexbee.o(i.InitInputCaptureWT1) refers to noretval__2printf.o(.text) for __2printf
    spectrexbee.o(i.InitSpectreXbee) refers to _printf_percent.o(.ARM.Collect$$_printf_percent$$00000000) for _printf_percent
    spectrexbee.o(i.InitSpectreXbee) refers to _printf_x.o(.ARM.Collect$$_printf_percent$$0000000C) for _printf_x
    spectrexbee.o(i.InitSpectreXbee) refers to _printf_hex_int.o(.text) for _printf_longlong_hex
    spectrexbee.o(i.InitSpectreXbee) refers to spectrexbee.o(i.InitUART) for InitUART
[...]
    ../clib/printf.c                         0x00000000   Number         0  _printf_hex_ll.o ABSOLUTE
    ../clib/printf.c                         0x00000000   Number         0  _printf_hex_int.o ABSOLUTE
    ../clib/printf.c                         0x00000000   Number         0  _printf_hex_ptr.o ABSOLUTE
    ../clib/printf.c                         0x00000000   Number         0  __printf_wp.o ABSOLUTE
    ../clib/printf.c                         0x00000000   Number         0  _printf_char_common.o ABSOLUTE
    ../clib/printf.c                         0x00000000   Number         0  __printf_flags_ss.o ABSOLUTE
    ../clib/printf.c                         0x00000000   Number         0  __2printf.o ABSOLUTE
    ../clib/printf.c                         0x00000000   Number         0  noretval__2printf.o ABSOLUTE
    ../clib/printf.c                         0x00000000   Number         0  _printf_char_file.o ABSOLUTE
    ../clib/printf.c                         0x00000000   Number         0  _printf_hex_int_ll.o ABSOLUTE
    ../clib/printf.c                         0x00000000   Number         0  _printf_hex_int_ptr.o ABSOLUTE
    ../clib/printf.c                         0x00000000   Number         0  _printf_char.o ABSOLUTE
    ../clib/printf.c                         0x00000000   Number         0  __printf.o ABSOLUTE
    ../clib/printf.c                         0x00000000   Number         0  _printf_intcommon.o ABSOLUTE
    ../clib/printf.c                         0x00000000   Number         0  _printf_hex_ll_ptr.o ABSOLUTE
    ../clib/printf.c                         0x00000000   Number         0  _printf_hex_int_ll_ptr.o ABSOLUTE
    ../clib/printf.c                         0x00000000   Number         0  _printf_str.o ABSOLUTE
    ../clib/printf.c                         0x00000000   Number         0  __printf_flags.o ABSOLUTE
    ../clib/printf.c                         0x00000000   Number         0  __printf_flags_ss_wp.o ABSOLUTE
    ../clib/printf.c                         0x00000000   Number         0  __printf_ss_wp.o ABSOLUTE
    ../clib/printf.c                         0x00000000   Number         0  __printf_flags_wp.o ABSOLUTE
    ../clib/printf_percent.s                 0x00000000   Number         0  _printf_percent.o ABSOLUTE
    ../clib/printf_percent.s                 0x00000000   Number         0  _printf_percent_end.o ABSOLUTE
    ../clib/printf_percent.s                 0x00000000   Number         0  _printf_x.o ABSOLUTE
    ../clib/printf_percent.s                 0x00000000   Number         0  _printf_s.o ABSOLUTE
    ../clib/signal.c                         0x00000000   Number         0  defsig_abrt_inner.o ABSOLUTE
    ../clib/signal.c                         0x00000000   Number         0  defsig_other.o ABSOLUTE
    ../clib/signal.c                         0x00000000   Number         0  defsig_segv_inner.o ABSOLUTE
    ../clib/signal.c                         0x00000000   Number         0  defsig_cppl_inner.o ABSOLUTE
    ../clib/signal.c                         0x00000000   Number         0  defsig_fpe_inner.o ABSOLUTE
    ../clib/signal.c                         0x00000000   Number         0  defsig_rtmem_outer.o ABSOLUTE
    ../clib/signal.c                         0x00000000   Number         0  defsig_rtmem_formal.o ABSOLUTE
    ../clib/signal.c                         0x00000000   Number         0  defsig_pvfn_inner.o ABSOLUTE
    ../clib/signal.c                         0x00000000   Number         0  defsig_stak_inner.o ABSOLUTE
    ../clib/signal.c                         0x00000000   Number         0  defsig_rtred_inner.o ABSOLUTE
    ../clib/signal.c                         0x00000000   Number         0  defsig_general.o ABSOLUTE
    ../clib/signal.c                         0x00000000   Number         0  __raise.o ABSOLUTE
    ../clib/signal.c                         0x00000000   Number         0  defsig_exit.o ABSOLUTE
    ../clib/signal.c                         0x00000000   Number         0  defsig_rtmem_inner.o ABSOLUTE
    ../clib/signal.s                         0x00000000   Number         0  defsig.o ABSOLUTE
    ../clib/stdio.c                          0x00000000   Number         0  getc.o ABSOLUTE
    ../clib/stdio.c                          0x00000000   Number         0  puts.o ABSOLUTE
    ../clib/stdlib.c                         0x00000000   Number         0  exit.o ABSOLUTE
    ../fplib/basic.s                         0x00000000   Number         0  basic.o ABSOLUTE
    ../fplib/daddsub.s                       0x00000000   Number         0  daddsub_clz.o ABSOLUTE
    ../fplib/ddiv.s                          0x00000000   Number         0  ddiv.o ABSOLUTE
    ../fplib/dfixu.s                         0x00000000   Number         0  dfixu.o ABSOLUTE
    ../fplib/dflt.s                          0x00000000   Number         0  dflt_clz.o ABSOLUTE
    ../fplib/dmul.s                          0x00000000   Number         0  dmul.o ABSOLUTE
    ../fplib/dnaninf.s                       0x00000000   Number         0  dnaninf.o ABSOLUTE
    ../fplib/dretinf.s                       0x00000000   Number         0  dretinf.o ABSOLUTE
    ../fplib/fpinit.s                        0x00000000   Number         0  fpinit.o ABSOLUTE
    ../fplib/usenofp.s                       0x00000000   Number         0  usenofp.o ABSOLUTE
    Source\ADMulti.c                         0x00000000   Number         0  admulti.o ABSOLUTE
    Source\Balloon.c                         0x00000000   Number         0  balloon.o ABSOLUTE
    Source\CommRxSM.c                        0x00000000   Number         0  commrxsm.o ABSOLUTE
    Source\ES_CheckEvents.c                  0x00000000   Number         0  es_checkevents.o ABSOLUTE
    Source\ES_DeferRecall.c                  0x00000000   Number         0  es_deferrecall.o ABSOLUTE
    Source\ES_Framework.c                    0x00000000   Number         0  es_framework.o ABSOLUTE
    Source\ES_LookupTables.c                 0x00000000   Number         0  es_lookuptables.o ABSOLUTE
    Source\ES_Port.c                         0x00000000   Number         0  es_port.o ABSOLUTE
    Source\ES_PostList.c                     0x00000000   Number         0  es_postlist.o ABSOLUTE
    Source\ES_Queue.c                        0x00000000   Number         0  es_queue.o ABSOLUTE
    Source\ES_Timers.c                       0x00000000   Number         0  es_timers.o ABSOLUTE
    Source\EventCheckers.c                   0x00000000   Number         0  eventcheckers.o ABSOLUTE
    Source\MotorDriver.c                     0x00000000   Number         0  motordriver.o ABSOLUTE
    Source\PWM.c                             0x00000000   Number         0  pwm.o ABSOLUTE
    Source\SensorComms.c                     0x00000000   Number         0  sensorcomms.o ABSOLUTE
    Source\SpectreXbee.c                     0x00000000   Number         0  spectrexbee.o ABSOLUTE
    Source\SuicideDs.c                       0x00000000   Number         0  suicideds.o ABSOLUTE
    Source\WTV020SDService.c                 0x00000000   Number         0  wtv020sdservice.o ABSOLUTE
    Source\main.c                            0x00000000   Number         0  main.o ABSOLUTE
    Source\retarget.c                        0x00000000   Number         0  retarget.o ABSOLUTE
    Source\termio.c                          0x00000000   Number         0  termio.o ABSOLUTE
    Source\uartstdio.c                       0x00000000   Number         0  uartstdio.o ABSOLUTE
    StartUp\startup_rvmdk.S                  0x00000000   Number         0  startup_rvmdk.o ABSOLUTE
    cpu.c                                    0x00000000   Number         0  cpu.o ABSOLUTE
    cpu.c                                    0x00000000   Number         0  cpu.o ABSOLUTE
    dc.s                                     0x00000000   Number         0  dc.o ABSOLUTE
    gpio.c                                   0x00000000   Number         0  gpio.o ABSOLUTE
    interrupt.c                              0x00000000   Number         0  interrupt.o ABSOLUTE
    sysctl.c                                 0x00000000   Number         0  sysctl.o ABSOLUTE
    sysctl.c                                 0x00000000   Number         0  sysctl.o ABSOLUTE
    systick.c                                0x00000000   Number         0  systick.o ABSOLUTE
    uart.c                                   0x00000000   Number         0  uart.o ABSOLUTE
    $v0                                      0x0000026c   Number         0  startup_rvmdk.o(RESET)
    NmiSR                                    0x00000281   Thumb Code     0  startup_rvmdk.o(RESET)
    FaultISR                                 0x00000283   Thumb Code     0  startup_rvmdk.o(RESET)
    IntDefaultHandler                        0x00000285   Thumb Code     0  startup_rvmdk.o(RESET)
    !!!main                                  0x00000288   Section        8  __main.o(!!!main)
    !!!scatter                               0x00000290   Section       52  __scatter.o(!!!scatter)
    !!handler_copy                           0x000002c4   Section       26  __scatter_copy.o(!!handler_copy)
    !!handler_zi                             0x000002e0   Section       28  __scatter_zi.o(!!handler_zi)
    .ARM.Collect$$_printf_percent$$00000000  0x000002fc   Section        0  _printf_percent.o(.ARM.Collect$$_printf_percent$$00000000)
    .ARM.Collect$$_printf_percent$$0000000C  0x000002fc   Section        6  _printf_x.o(.ARM.Collect$$_printf_percent$$0000000C)
    .ARM.Collect$$_printf_percent$$00000014  0x00000302   Section        6  _printf_s.o(.ARM.Collect$$_printf_percent$$00000014)
    .ARM.Collect$$_printf_percent$$00000017  0x00000308   Section        4  _printf_percent_end.o(.ARM.Collect$$_printf_percent$$00000017)
    .ARM.Collect$$libinit$$00000000          0x0000030c   Section        2  libinit.o(.ARM.Collect$$libinit$$00000000)
    .ARM.Collect$$libinit$$00000001          0x0000030e   Section        4  libinit2.o(.ARM.Collect$$libinit$$00000001)
    .ARM.Collect$$libinit$$00000004          0x00000312   Section        0  libinit2.o(.ARM.Collect$$libinit$$00000004)
    .ARM.Collect$$libinit$$0000000A          0x00000312   Section        0  libinit2.o(.ARM.Collect$$libinit$$0000000A)
    .ARM.Collect$$libinit$$0000000C          0x00000312   Section        0  libinit2.o(.ARM.Collect$$libinit$$0000000C)
    .ARM.Collect$$libinit$$0000000E          0x00000312   Section        0  libinit2.o(.ARM.Collect$$libinit$$0000000E)
    .ARM.Collect$$libinit$$00000011          0x00000312   Section        0  libinit2.o(.ARM.Collect$$libinit$$00000011)
    .ARM.Collect$$libinit$$00000013          0x00000312   Section        0  libinit2.o(.ARM.Collect$$libinit$$00000013)
    .ARM.Collect$$libinit$$00000015          0x00000312   Section        0  libinit2.o(.ARM.Collect$$libinit$$00000015)
    .ARM.Collect$$libinit$$00000017          0x00000312   Section        0  libinit2.o(.ARM.Collect$$libinit$$00000017)
    .ARM.Collect$$libinit$$00000019          0x00000312   Section        0  libinit2.o(.ARM.Collect$$libinit$$00000019)
    .ARM.Collect$$libinit$$0000001B          0x00000312   Section        0  libinit2.o(.ARM.Collect$$libinit$$0000001B)
    .ARM.Collect$$libinit$$0000001D          0x00000312   Section        0  libinit2.o(.ARM.Collect$$libinit$$0000001D)
    .ARM.Collect$$libinit$$0000001F          0x00000312   Section        0  libinit2.o(.ARM.Collect$$libinit$$0000001F)
    .ARM.Collect$$libinit$$00000021          0x00000312   Section        0  libinit2.o(.ARM.Collect$$libinit$$00000021)
    .ARM.Collect$$libinit$$00000023          0x00000312   Section        0  libinit2.o(.ARM.Collect$$libinit$$00000023)
    .ARM.Collect$$libinit$$00000025          0x00000312   Section        0  libinit2.o(.ARM.Collect$$libinit$$00000025)
    .ARM.Collect$$libinit$$0000002C          0x00000312   Section        0  libinit2.o(.ARM.Collect$$libinit$$0000002C)
    .ARM.Collect$$libinit$$0000002E          0x00000312   Section        0  libinit2.o(.ARM.Collect$$libinit$$0000002E)
    .ARM.Collect$$libinit$$00000030          0x00000312   Section        0  libinit2.o(.ARM.Collect$$libinit$$00000030)
    .ARM.Collect$$libinit$$00000032          0x00000312   Section        0  libinit2.o(.ARM.Collect$$libinit$$00000032)
    .ARM.Collect$$libinit$$00000033          0x00000312   Section        2  libinit2.o(.ARM.Collect$$libinit$$00000033)
    .ARM.Collect$$libshutdown$$00000000      0x00000314   Section        2  libshutdown.o(.ARM.Collect$$libshutdown$$00000000)
    .ARM.Collect$$libshutdown$$00000003      0x00000316   Section        0  libshutdown2.o(.ARM.Collect$$libshutdown$$00000003)
    .ARM.Collect$$libshutdown$$00000006      0x00000316   Section        0  libshutdown2.o(.ARM.Collect$$libshutdown$$00000006)
    .ARM.Collect$$libshutdown$$00000009      0x00000316   Section        0  libshutdown2.o(.ARM.Collect$$libshutdown$$00000009)
    .ARM.Collect$$libshutdown$$0000000B      0x00000316   Section        0  libshutdown2.o(.ARM.Collect$$libshutdown$$0000000B)
    .ARM.Collect$$libshutdown$$0000000E      0x00000316   Section        0  libshutdown2.o(.ARM.Collect$$libshutdown$$0000000E)
    .ARM.Collect$$libshutdown$$0000000F      0x00000316   Section        2  libshutdown2.o(.ARM.Collect$$libshutdown$$0000000F)
    .ARM.Collect$$rtentry$$00000000          0x00000318   Section        0  __rtentry.o(.ARM.Collect$$rtentry$$00000000)
    .ARM.Collect$$rtentry$$00000002          0x00000318   Section        0  __rtentry2.o(.ARM.Collect$$rtentry$$00000002)
    .ARM.Collect$$rtentry$$00000004          0x00000318   Section        6  __rtentry4.o(.ARM.Collect$$rtentry$$00000004)
    .ARM.Collect$$rtentry$$00000009          0x0000031e   Section        0  __rtentry2.o(.ARM.Collect$$rtentry$$00000009)
    .ARM.Collect$$rtentry$$0000000A          0x0000031e   Section        4  __rtentry2.o(.ARM.Collect$$rtentry$$0000000A)
    .ARM.Collect$$rtentry$$0000000C          0x00000322   Section        0  __rtentry2.o(.ARM.Collect$$rtentry$$0000000C)
    .ARM.Collect$$rtentry$$0000000D          0x00000322   Section        8  __rtentry2.o(.ARM.Collect$$rtentry$$0000000D)
    .ARM.Collect$$rtexit$$00000000           0x0000032a   Section        2  rtexit.o(.ARM.Collect$$rtexit$$00000000)
    .ARM.Collect$$rtexit$$00000002           0x0000032c   Section        0  rtexit2.o(.ARM.Collect$$rtexit$$00000002)
    .ARM.Collect$$rtexit$$00000003           0x0000032c   Section        4  rtexit2.o(.ARM.Collect$$rtexit$$00000003)
    .ARM.Collect$$rtexit$$00000004           0x00000330   Section        6  rtexit2.o(.ARM.Collect$$rtexit$$00000004)
    .emb_text                                0x00000338   Section        6  sysctl.o(.emb_text)
    $v0                                      0x00000338   Number         0  sysctl.o(.emb_text)
    .emb_text                                0x00000340   Section       38  cpu.o(.emb_text)
    $v0                                      0x00000340   Number         0  cpu.o(.emb_text)
    .text                                    0x00000368   Section       24  startup_rvmdk.o(.text)
    $v0                                      0x00000368   Number         0  startup_rvmdk.o(.text)
    .text                                    0x00000380   Section        2  use_no_semi.o(.text)
    .text                                    0x00000384   Section        0  noretval__2printf.o(.text)
    .text                                    0x0000039c   Section        0  __printf.o(.text)
    .text                                    0x00000404   Section        0  _printf_str.o(.text)
    .text                                    0x00000458   Section        0  _printf_hex_int.o(.text)
    .text                                    0x000004b0   Section        0  getc.o(.text)
    .text                                    0x000004b4   Section        0  puts.o(.text)
    .text                                    0x000004e0   Section        0  heapauxi.o(.text)
    .text                                    0x000004e6   Section        0  _printf_intcommon.o(.text)
    .text                                    0x00000598   Section        0  _printf_char.o(.text)
    .text                                    0x000005c4   Section        0  _printf_char_file.o(.text)
    .text                                    0x000005e8   Section        0  _printf_char_common.o(.text)
    _printf_input_char                       0x000005e9   Thumb Code    10  _printf_char_common.o(.text)
    .text                                    0x00000618   Section       74  sys_stackheap_outer.o(.text)
    .text                                    0x00000662   Section        0  exit.o(.text)
    .text                                    0x00000670   Section        8  libspace.o(.text)
    i.CPUgetPRIMASK_cpsid                    0x00000678   Section        0  es_port.o(i.CPUgetPRIMASK_cpsid)
    i.CPUsetPRIMASK                          0x00000680   Section        0  es_port.o(i.CPUsetPRIMASK)
    i.Check4Keystroke                        0x00000688   Section        0  eventcheckers.o(i.Check4Keystroke)
    i.DuringTransferring                     0x00000818   Section        0  wtv020sdservice.o(i.DuringTransferring)
    DuringTransferring                       0x00000819   Thumb Code   164  wtv020sdservice.o(i.DuringTransferring)
    i.ES_CheckUserEvents                     0x000008c4   Section        0  es_checkevents.o(i.ES_CheckUserEvents)
    i.ES_DeQueue                             0x000008ec   Section        0  es_queue.o(i.ES_DeQueue)
    i.ES_EnQueueFIFO                         0x00000940   Section        0  es_queue.o(i.ES_EnQueueFIFO)
    i.ES_GetMSBitSet                         0x00000988   Section        0  es_lookuptables.o(i.ES_GetMSBitSet)
    i.ES_InitQueue                           0x000009bc   Section        0  es_queue.o(i.ES_InitQueue)
    i.ES_Initialize                          0x000009cc   Section        0  es_framework.o(i.ES_Initialize)
    i.ES_PostToService                       0x00000a18   Section        0  es_framework.o(i.ES_PostToService)
    i.ES_Run                                 0x00000a50   Section        0  es_framework.o(i.ES_Run)
    i.ES_Timer_Init                          0x00000ab0   Section        0  es_timers.o(i.ES_Timer_Init)
    i.ES_Timer_InitTimer                     0x00000ab4   Section        0  es_timers.o(i.ES_Timer_InitTimer)
    i.ES_Timer_StopTimer                     0x00000af0   Section        0  es_timers.o(i.ES_Timer_StopTimer)
    i.ES_Timer_Tick_Resp                     0x00000b14   Section        0  es_timers.o(i.ES_Timer_Tick_Resp)
    i.GPIODirModeSet                         0x00000b80   Section        0  gpio.o(i.GPIODirModeSet)
    i.GPIOPadConfigSet                       0x00000ba8   Section        0  gpio.o(i.GPIOPadConfigSet)
    i.GPIOPinConfigure                       0x00000ce4   Section        0  gpio.o(i.GPIOPinConfigure)
    i.GPIOPinTypeUART                        0x00000d2c   Section        0  gpio.o(i.GPIOPinTypeUART)
    i.GetCommands                            0x00000d48   Section        0  spectrexbee.o(i.GetCommands)
    i.GetRxData                              0x00000d70   Section        0  commrxsm.o(i.GetRxData)
    i.InitBalloon                            0x00000d78   Section        0  balloon.o(i.InitBalloon)
    i.InitCommRxSM                           0x00000e04   Section        0  commrxsm.o(i.InitCommRxSM)
    i.InitInputCaptureWT1                    0x00000e48   Section        0  spectrexbee.o(i.InitInputCaptureWT1)
    InitInputCaptureWT1                      0x00000e49   Thumb Code   170  spectrexbee.o(i.InitInputCaptureWT1)
    i.InitMotorDriver                        0x00000f30   Section        0  motordriver.o(i.InitMotorDriver)
    i.InitPWM                                0x00000fe4   Section        0  pwm.o(i.InitPWM)
    i.InitSensorComms                        0x00001228   Section        0  sensorcomms.o(i.InitSensorComms)
    i.InitSpectreXbee                        0x0000124c   Section        0  spectrexbee.o(i.InitSpectreXbee)
    i.InitUART                               0x0000131c   Section        0  spectrexbee.o(i.InitUART)
    InitUART                                 0x0000131d   Thumb Code   158  spectrexbee.o(i.InitUART)
    i.InitUART2                              0x000013e4   Section        0  sensorcomms.o(i.InitUART2)
    i.InitWTV                                0x000014b8   Section        0  wtv020sdservice.o(i.InitWTV)
    i.InitWideTimer0                         0x00001550   Section        0  wtv020sdservice.o(i.InitWideTimer0)
    InitWideTimer0                           0x00001551   Thumb Code    92  wtv020sdservice.o(i.InitWideTimer0)
    i.InputCaptureResponse                   0x000015b8   Section        0  spectrexbee.o(i.InputCaptureResponse)
    i.IntMasterEnable                        0x000015cc   Section        0  interrupt.o(i.IntMasterEnable)
    i.LoadUpConfirmation                     0x000015dc   Section        0  spectrexbee.o(i.LoadUpConfirmation)
    LoadUpConfirmation                       0x000015dd   Thumb Code    54  spectrexbee.o(i.LoadUpConfirmation)
    i.LoadUpStatus                           0x0000161c   Section        0  spectrexbee.o(i.LoadUpStatus)
    LoadUpStatus                             0x0000161d   Thumb Code    54  spectrexbee.o(i.LoadUpStatus)
    i.PlaySound                              0x0000165c   Section        0  wtv020sdservice.o(i.PlaySound)
    i.PostBalloon                            0x00001670   Section        0  balloon.o(i.PostBalloon)
    i.PostCommRxSM                           0x00001680   Section        0  commrxsm.o(i.PostCommRxSM)
    i.PostMotorDriver                        0x00001690   Section        0  motordriver.o(i.PostMotorDriver)
    i.PostSensorComms                        0x000016a0   Section        0  sensorcomms.o(i.PostSensorComms)
    i.PostSpectreXbee                        0x000016b0   Section        0  spectrexbee.o(i.PostSpectreXbee)
    i.PostWTV                                0x000016c0   Section        0  wtv020sdservice.o(i.PostWTV)
    i.RunBalloon                             0x000016d0   Section        0  balloon.o(i.RunBalloon)
    i.RunCommRxSM                            0x000017cc   Section        0  commrxsm.o(i.RunCommRxSM)
    i.RunMotorDriver                         0x000018d4   Section        0  motordriver.o(i.RunMotorDriver)
    i.RunSensorComms                         0x00001a60   Section        0  sensorcomms.o(i.RunSensorComms)
    i.RunSpectreXbee                         0x00001aa8   Section        0  spectrexbee.o(i.RunSpectreXbee)
    i.RunWTV                                 0x00001c34   Section        0  wtv020sdservice.o(i.RunWTV)
    i.SendXbeeData                           0x00001d28   Section        0  spectrexbee.o(i.SendXbeeData)
    SendXbeeData                             0x00001d29   Thumb Code    14  spectrexbee.o(i.SendXbeeData)
    i.SetPWMDuty                             0x00001d3c   Section        0  pwm.o(i.SetPWMDuty)
    i.SetPWMWidth                            0x00001e44   Section        0  pwm.o(i.SetPWMWidth)
    i.SetTimerMicroS                         0x00001f98   Section        0  wtv020sdservice.o(i.SetTimerMicroS)
    SetTimerMicroS                           0x00001f99   Thumb Code    28  wtv020sdservice.o(i.SetTimerMicroS)
    i.SoftwareReset                          0x00001fb8   Section        0  spectrexbee.o(i.SoftwareReset)
    i.SysCtlClockSet                         0x00001fbc   Section        0  sysctl.o(i.SysCtlClockSet)
    i.SysCtlPeripheralEnable                 0x000020dc   Section        0  sysctl.o(i.SysCtlPeripheralEnable)
    i.SysCtlReset                            0x00002104   Section        0  sysctl.o(i.SysCtlReset)
    i.SysTickEnable                          0x00002114   Section        0  systick.o(i.SysTickEnable)
    i.SysTickIntEnable                       0x00002122   Section        0  systick.o(i.SysTickIntEnable)
    i.SysTickIntHandler                      0x00002130   Section        0  es_port.o(i.SysTickIntHandler)
    i.SysTickPeriodSet                       0x00002144   Section        0  systick.o(i.SysTickPeriodSet)
    i.TERMIO_GetChar                         0x0000214e   Section        0  termio.o(i.TERMIO_GetChar)
    i.TERMIO_Init                            0x00002154   Section        0  termio.o(i.TERMIO_Init)
    i.TERMIO_PutChar                         0x000021a4   Section        0  termio.o(i.TERMIO_PutChar)
    i.UART1InterruptResponse                 0x000021b0   Section        0  spectrexbee.o(i.UART1InterruptResponse)
    i.UART2ISR                               0x00002220   Section        0  sensorcomms.o(i.UART2ISR)
    i.UARTCharPut                            0x00002280   Section        0  uart.o(i.UARTCharPut)
    i.UARTClockSourceSet                     0x0000228c   Section        0  uart.o(i.UARTClockSourceSet)
    i.UARTStdioConfig                        0x00002294   Section        0  uartstdio.o(i.UARTStdioConfig)
    i.UARTgetc                               0x000022f0   Section        0  uartstdio.o(i.UARTgetc)
    i.WTVInterruptResponse                   0x00002308   Section        0  wtv020sdservice.o(i.WTVInterruptResponse)
    i._HW_Process_Pending_Ints               0x00002320   Section        0  es_port.o(i._HW_Process_Pending_Ints)
    i._HW_Timer_Init                         0x00002340   Section        0  es_port.o(i._HW_Timer_Init)
    i._sys_exit                              0x00002356   Section        0  retarget.o(i._sys_exit)
    i.calc                                   0x00002358   Section        0  sensorcomms.o(i.calc)
    i.checkSum                               0x000023ac   Section        0  spectrexbee.o(i.checkSum)
    i.closeSuicideDoors                      0x000023c8   Section        0  suicideds.o(i.closeSuicideDoors)
    i.ferror                                 0x000023f6   Section        0  retarget.o(i.ferror)
    i.fgetc                                  0x000023fc   Section        0  retarget.o(i.fgetc)
    i.fputc                                  0x00002400   Section        0  retarget.o(i.fputc)
    i.getYaw                                 0x00002410   Section        0  sensorcomms.o(i.getYaw)
    i.importControl                          0x0000241c   Section        0  motordriver.o(i.importControl)
    importControl                            0x0000241d   Thumb Code    78  motordriver.o(i.importControl)
    i.importData                             0x00002480   Section        0  spectrexbee.o(i.importData)
    importData                               0x00002481   Thumb Code    28  spectrexbee.o(i.importData)
    i.kbhit                                  0x000024a4   Section        0  termio.o(i.kbhit)
    i.main                                   0x000024b8   Section        0  main.o(i.main)
    i.openSuicideDoors                       0x000025dc   Section        0  suicideds.o(i.openSuicideDoors)
    i.writeOrient                            0x000025f8   Section        0  motordriver.o(i.writeOrient)
    writeOrient                              0x000025f9   Thumb Code   154  motordriver.o(i.writeOrient)
    i.writeThrust                            0x00002698   Section        0  motordriver.o(i.writeThrust)
    writeThrust                              0x00002699   Thumb Code    52  motordriver.o(i.writeThrust)
    x$fpl$basic                              0x000026d0   Section       24  basic.o(x$fpl$basic)
    $v0                                      0x000026d0   Number         0  basic.o(x$fpl$basic)
    x$fpl$dadd                               0x000026e8   Section      336  daddsub_clz.o(x$fpl$dadd)
    $v0                                      0x000026e8   Number         0  daddsub_clz.o(x$fpl$dadd)
    _dadd1                                   0x000026f9   Thumb Code     0  daddsub_clz.o(x$fpl$dadd)
    x$fpl$ddiv                               0x00002838   Section      688  ddiv.o(x$fpl$ddiv)
    $v0                                      0x00002838   Number         0  ddiv.o(x$fpl$ddiv)
    ddiv_entry                               0x0000283f   Thumb Code     0  ddiv.o(x$fpl$ddiv)
    x$fpl$dfixu                              0x00002ae8   Section       90  dfixu.o(x$fpl$dfixu)
    $v0                                      0x00002ae8   Number         0  dfixu.o(x$fpl$dfixu)
    x$fpl$dflt                               0x00002b42   Section       46  dflt_clz.o(x$fpl$dflt)
    $v0                                      0x00002b42   Number         0  dflt_clz.o(x$fpl$dflt)
    x$fpl$dfltu                              0x00002b70   Section       38  dflt_clz.o(x$fpl$dfltu)
    $v0                                      0x00002b70   Number         0  dflt_clz.o(x$fpl$dfltu)
    x$fpl$dmul                               0x00002b98   Section      340  dmul.o(x$fpl$dmul)
    $v0                                      0x00002b98   Number         0  dmul.o(x$fpl$dmul)
    x$fpl$dnaninf                            0x00002cec   Section      156  dnaninf.o(x$fpl$dnaninf)
    $v0                                      0x00002cec   Number         0  dnaninf.o(x$fpl$dnaninf)
    x$fpl$dretinf                            0x00002d88   Section       12  dretinf.o(x$fpl$dretinf)
    $v0                                      0x00002d88   Number         0  dretinf.o(x$fpl$dretinf)
    x$fpl$dsub                               0x00002d94   Section      468  daddsub_clz.o(x$fpl$dsub)
    $v0                                      0x00002d94   Number         0  daddsub_clz.o(x$fpl$dsub)
    _dsub1                                   0x00002da5   Thumb Code     0  daddsub_clz.o(x$fpl$dsub)
    x$fpl$fpinit                             0x00002f68   Section       10  fpinit.o(x$fpl$fpinit)
    $v0                                      0x00002f68   Number         0  fpinit.o(x$fpl$fpinit)
    x$fpl$usenofp                            0x00002f72   Section        0  usenofp.o(x$fpl$usenofp)
    .constdata                               0x00002f74   Section        4  eventcheckers.o(.constdata)
    .constdata                               0x00002f78   Section        4  sensorcomms.o(.constdata)
    .constdata                               0x00002f7c   Section       12  wtv020sdservice.o(.constdata)
    .constdata                               0x00002f88   Section        4  es_checkevents.o(.constdata)
    ES_EventList                             0x00002f88   Data           4  es_checkevents.o(.constdata)
    .constdata                               0x00002f8c   Section       96  es_framework.o(.constdata)
    ServDescList                             0x00002f8c   Data          48  es_framework.o(.constdata)
    EventQueues                              0x00002fbc   Data          48  es_framework.o(.constdata)
    .constdata                               0x00002fec   Section       32  es_lookuptables.o(.constdata)
    .constdata                               0x0000300c   Section       15  es_lookuptables.o(.constdata)
    .constdata                               0x0000301c   Section       64  es_timers.o(.constdata)
    Timer2PostFunc                           0x0000301c   Data          64  es_timers.o(.constdata)
    .constdata                               0x0000305c   Section       28  uartstdio.o(.constdata)
    g_pcHex                                  0x0000305c   Data           4  uartstdio.o(.constdata)
    g_ui32UARTBase                           0x00003060   Data          12  uartstdio.o(.constdata)
    g_ui32UARTPeriph                         0x0000306c   Data          12  uartstdio.o(.constdata)
    .constdata                               0x00003078   Section      528  gpio.o(.constdata)
    g_ppui32GPIOIntMapBlizzard               0x00003078   Data         192  gpio.o(.constdata)
    g_ppui32GPIOIntMapSnowflake              0x00003138   Data         192  gpio.o(.constdata)
    g_pui32GPIOBaseAddrs                     0x000031f8   Data         144  gpio.o(.constdata)
    .constdata                               0x00003288   Section       40  _printf_hex_int.o(.constdata)
    uc_hextab                                0x00003288   Data          20  _printf_hex_int.o(.constdata)
    lc_hextab                                0x0000329c   Data          20  _printf_hex_int.o(.constdata)
    .conststring                             0x000032b0   Section       17  uartstdio.o(.conststring)
    .data                                    0x20000000   Section        1  eventcheckers.o(.data)
    open                                     0x20000000   Data           1  eventcheckers.o(.data)
    .data                                    0x20000001   Section        1  pwm.o(.data)
    zeroStatus                               0x20000001   Data           1  pwm.o(.data)
    .data                                    0x20000008   Section       40  sensorcomms.o(.data)
    MyPriority                               0x2000000d   Data           1  sensorcomms.o(.data)
    .data                                    0x20000030   Section       22  spectrexbee.o(.data)
    MasterAddrMSB                            0x20000030   Data           1  spectrexbee.o(.data)
    MasterAddrLSB                            0x20000031   Data           1  spectrexbee.o(.data)
    RejectAddrMSB                            0x20000032   Data           1  spectrexbee.o(.data)
    RejectAddrLSB                            0x20000033   Data           1  spectrexbee.o(.data)
    mind                                     0x20000034   Data           1  spectrexbee.o(.data)
    flag                                     0x20000035   Data           1  spectrexbee.o(.data)
    MyPriority                               0x20000036   Data           1  spectrexbee.o(.data)
    CurrentState                             0x20000037   Data           1  spectrexbee.o(.data)
    txIndex                                  0x20000038   Data           4  spectrexbee.o(.data)
    rx                                       0x2000003c   Data           4  spectrexbee.o(.data)
    CommandData                              0x20000040   Data           6  spectrexbee.o(.data)
    .data                                    0x20000046   Section        8  commrxsm.o(.data)
    chksum                                   0x20000046   Data           1  commrxsm.o(.data)
    MyPriority                               0x20000047   Data           1  commrxsm.o(.data)
    CurrentState                             0x20000048   Data           1  commrxsm.o(.data)
    arrayIndex                               0x2000004c   Data           2  commrxsm.o(.data)
    .data                                    0x2000004e   Section        2  balloon.o(.data)
    MyPriority                               0x2000004e   Data           1  balloon.o(.data)
    CurrentState                             0x2000004f   Data           1  balloon.o(.data)
    .data                                    0x20000050   Section        8  wtv020sdservice.o(.data)
    CommandWaiting                           0x20000050   Data           1  wtv020sdservice.o(.data)
    MyPriority                               0x20000051   Data           1  wtv020sdservice.o(.data)
    CurrentWTVState                          0x20000052   Data           1  wtv020sdservice.o(.data)
    CurrentResettingState                    0x20000053   Data           1  wtv020sdservice.o(.data)
    CurrentTransferringState                 0x20000054   Data           1  wtv020sdservice.o(.data)
    NextCommand                              0x20000055   Data           1  wtv020sdservice.o(.data)
    DataMask                                 0x20000056   Data           2  wtv020sdservice.o(.data)
    .data                                    0x20000058   Section       56  motordriver.o(.data)
    thrustCondition                          0x20000058   Data           1  motordriver.o(.data)
    brakeOn                                  0x20000059   Data           1  motordriver.o(.data)
    control                                  0x2000005a   Data           1  motordriver.o(.data)
    MyPriority                               0x2000005b   Data           1  motordriver.o(.data)
    CurrentState                             0x2000005c   Data           1  motordriver.o(.data)
    uThrust                                  0x2000005d   Data           1  motordriver.o(.data)
    uOrient                                  0x2000005e   Data           1  motordriver.o(.data)
    action                                   0x2000005f   Data           1  motordriver.o(.data)
    portWidth                                0x20000060   Data           4  motordriver.o(.data)
    starWidth                                0x20000064   Data           4  motordriver.o(.data)
    thrust                                   0x20000068   Data           4  motordriver.o(.data)
    orient                                   0x2000006c   Data           4  motordriver.o(.data)
    cmd                                      0x20000070   Data           4  motordriver.o(.data)
    inputAngle                               0x20000078   Data           8  motordriver.o(.data)
    desiredYaw                               0x20000080   Data           8  motordriver.o(.data)
    steerAngle                               0x20000088   Data           8  motordriver.o(.data)
    .data                                    0x20000090   Section        6  es_framework.o(.data)
    ThisEvent                                0x20000092   Data           4  es_framework.o(.data)
    .data                                    0x20000096   Section        4  es_port.o(.data)
    TickCount                                0x20000096   Data           1  es_port.o(.data)
    SysTickCounter                           0x20000098   Data           2  es_port.o(.data)
    .data                                    0x2000009c   Section        4  es_queue.o(.data)
    .data                                    0x200000a0   Section       10  es_timers.o(.data)
    NextTimer2Process                        0x200000a0   Data           1  es_timers.o(.data)
    NeedsProcessing                          0x200000a2   Data           2  es_timers.o(.data)
    TMR_ActiveFlags                          0x200000a4   Data           2  es_timers.o(.data)
    NewEvent                                 0x200000a6   Data           4  es_timers.o(.data)
    .data                                    0x200000ac   Section        4  retarget.o(.data)
    .data                                    0x200000b0   Section        4  retarget.o(.data)
    .data                                    0x200000b4   Section        8  uartstdio.o(.data)
    bLastWasCR                               0x200000b4   Data           1  uartstdio.o(.data)
    g_ui32Base                               0x200000b8   Data           4  uartstdio.o(.data)
    .bss                                     0x200000bc   Section       23  spectrexbee.o(.bss)
    rxData                                   0x200000bc   Data          12  spectrexbee.o(.bss)
    txData                                   0x200000c8   Data          11  spectrexbee.o(.bss)
    .bss                                     0x200000d3   Section       12  commrxsm.o(.bss)
    rxData                                   0x200000d3   Data          12  commrxsm.o(.bss)
    .bss                                     0x200000e0   Section       44  es_framework.o(.bss)
    Queue0                                   0x200000e0   Data          44  es_framework.o(.bss)
    .bss                                     0x2000010c   Section       44  es_framework.o(.bss)
    Queue1                                   0x2000010c   Data          44  es_framework.o(.bss)
    .bss                                     0x20000138   Section       44  es_framework.o(.bss)
    Queue2                                   0x20000138   Data          44  es_framework.o(.bss)
    .bss                                     0x20000164   Section       16  es_framework.o(.bss)
    Queue3                                   0x20000164   Data          16  es_framework.o(.bss)
    .bss                                     0x20000174   Section       24  es_framework.o(.bss)
    Queue4                                   0x20000174   Data          24  es_framework.o(.bss)
    .bss                                     0x2000018c   Section       16  es_framework.o(.bss)
    Queue5                                   0x2000018c   Data          16  es_framework.o(.bss)
    .bss                                     0x2000019c   Section       32  es_timers.o(.bss)
    TMR_TimerArray                           0x2000019c   Data          32  es_timers.o(.bss)
    .bss                                     0x200001bc   Section       96  libspace.o(.bss)
    HEAP                                     0x20000220   Section        0  startup_rvmdk.o(HEAP)
    STACK                                    0x20000220   Section     2048  startup_rvmdk.o(STACK)
    HeapMem                                  0x20000220   Data           0  startup_rvmdk.o(HEAP)
    StackMem                                 0x20000220   Data           0  startup_rvmdk.o(STACK)

    Global Symbols

    Symbol Name                              Value     Ov Type        Size  Object(Section)

    BuildAttributes$$THM_ISAv4$E$P$D$K$B$S$7EM$VFPi3$EXTD16$VFPS$VFMA$PE$A:L22UL41UL21$X:L11$S22US41US21$IEEE1$IW$USESV6$~STKCKD$USESV7$~SHL$OTIME$ROPI$EBA8$UX$STANDARDLIB$REQ8$PRES8$EABIv2 0x00000000   Number         0  anon$$obj.o ABSOLUTE
    __ARM_use_no_argv                        0x00000000   Number         0  main.o ABSOLUTE
    __Vectors                                0x00000000   Data           0  startup_rvmdk.o(RESET)
    __ARM_exceptions_init                     - Undefined Weak Reference
    __alloca_initialize                       - Undefined Weak Reference
    __arm_preinit_                            - Undefined Weak Reference
    __cpp_initialize__aeabi_                  - Undefined Weak Reference
    __cxa_finalize                            - Undefined Weak Reference
    __rt_locale                               - Undefined Weak Reference
    __sigvec_lookup                           - Undefined Weak Reference
    _atexit_init                              - Undefined Weak Reference
    _call_atexit_fns                          - Undefined Weak Reference
    _clock_init                               - Undefined Weak Reference
    _fp_trap_init                             - Undefined Weak Reference
    _fp_trap_shutdown                         - Undefined Weak Reference
    _get_lc_collate                           - Undefined Weak Reference
    _get_lc_ctype                             - Undefined Weak Reference
    _get_lc_monetary                          - Undefined Weak Reference
    _get_lc_numeric                           - Undefined Weak Reference
    _get_lc_time                              - Undefined Weak Reference
    _getenv_init                              - Undefined Weak Reference
    _handle_redirection                       - Undefined Weak Reference
    _init_alloc                               - Undefined Weak Reference
    _init_user_alloc                          - Undefined Weak Reference
    _initio                                   - Undefined Weak Reference
    _printf_mbtowc                            - Undefined Weak Reference
    _printf_post_padding                      - Undefined Weak Reference
    _printf_pre_padding                       - Undefined Weak Reference
    _printf_truncate_unsigned                 - Undefined Weak Reference
    _rand_init                                - Undefined Weak Reference
    _signal_finish                            - Undefined Weak Reference
    _signal_init                              - Undefined Weak Reference
    _terminate_alloc                          - Undefined Weak Reference
    _terminate_user_alloc                     - Undefined Weak Reference
    _terminateio                              - Undefined Weak Reference
    Reset_Handler                            0x0000026d   Thumb Code     0  startup_rvmdk.o(RESET)
    __main                                   0x00000289   Thumb Code     8  __main.o(!!!main)
    __scatterload                            0x00000291   Thumb Code     0  __scatter.o(!!!scatter)
    __scatterload_rt2                        0x00000291   Thumb Code    44  __scatter.o(!!!scatter)
    __scatterload_rt2_thumb_only             0x00000291   Thumb Code     0  __scatter.o(!!!scatter)
    __scatterload_null                       0x0000029f   Thumb Code     0  __scatter.o(!!!scatter)
    __scatterload_copy                       0x000002c5   Thumb Code    26  __scatter_copy.o(!!handler_copy)
    __scatterload_zeroinit                   0x000002e1   Thumb Code    28  __scatter_zi.o(!!handler_zi)
    _printf_percent                          0x000002fd   Thumb Code     0  _printf_percent.o(.ARM.Collect$$_printf_percent$$00000000)
    _printf_x                                0x000002fd   Thumb Code     0  _printf_x.o(.ARM.Collect$$_printf_percent$$0000000C)
    _printf_s                                0x00000303   Thumb Code     0  _printf_s.o(.ARM.Collect$$_printf_percent$$00000014)
    _printf_percent_end                      0x00000309   Thumb Code     0  _printf_percent_end.o(.ARM.Collect$$_printf_percent$$00000017)
    __rt_lib_init                            0x0000030d   Thumb Code     0  libinit.o(.ARM.Collect$$libinit$$00000000)
    __rt_lib_init_fp_1                       0x0000030f   Thumb Code     0  libinit2.o(.ARM.Collect$$libinit$$00000001)
    __rt_lib_init_alloca_1                   0x00000313   Thumb Code     0  libinit2.o(.ARM.Collect$$libinit$$0000002E)
    __rt_lib_init_argv_1                     0x00000313   Thumb Code     0  libinit2.o(.ARM.Collect$$libinit$$0000002C)
    __rt_lib_init_atexit_1                   0x00000313   Thumb Code     0  libinit2.o(.ARM.Collect$$libinit$$0000001B)
    __rt_lib_init_clock_1                    0x00000313   Thumb Code     0  libinit2.o(.ARM.Collect$$libinit$$00000021)
    __rt_lib_init_cpp_1                      0x00000313   Thumb Code     0  libinit2.o(.ARM.Collect$$libinit$$00000032)
    __rt_lib_init_exceptions_1               0x00000313   Thumb Code     0  libinit2.o(.ARM.Collect$$libinit$$00000030)
    __rt_lib_init_fp_trap_1                  0x00000313   Thumb Code     0  libinit2.o(.ARM.Collect$$libinit$$0000001F)
    __rt_lib_init_getenv_1                   0x00000313   Thumb Code     0  libinit2.o(.ARM.Collect$$libinit$$00000023)
    __rt_lib_init_heap_1                     0x00000313   Thumb Code     0  libinit2.o(.ARM.Collect$$libinit$$0000000A)
    __rt_lib_init_lc_collate_1               0x00000313   Thumb Code     0  libinit2.o(.ARM.Collect$$libinit$$00000011)
    __rt_lib_init_lc_ctype_1                 0x00000313   Thumb Code     0  libinit2.o(.ARM.Collect$$libinit$$00000013)
    __rt_lib_init_lc_monetary_1              0x00000313   Thumb Code     0  libinit2.o(.ARM.Collect$$libinit$$00000015)
    __rt_lib_init_lc_numeric_1               0x00000313   Thumb Code     0  libinit2.o(.ARM.Collect$$libinit$$00000017)
    __rt_lib_init_lc_time_1                  0x00000313   Thumb Code     0  libinit2.o(.ARM.Collect$$libinit$$00000019)
    __rt_lib_init_preinit_1                  0x00000313   Thumb Code     0  libinit2.o(.ARM.Collect$$libinit$$00000004)
    __rt_lib_init_rand_1                     0x00000313   Thumb Code     0  libinit2.o(.ARM.Collect$$libinit$$0000000E)
    __rt_lib_init_return                     0x00000313   Thumb Code     0  libinit2.o(.ARM.Collect$$libinit$$00000033)
    __rt_lib_init_signal_1                   0x00000313   Thumb Code     0  libinit2.o(.ARM.Collect$$libinit$$0000001D)
    __rt_lib_init_stdio_1                    0x00000313   Thumb Code     0  libinit2.o(.ARM.Collect$$libinit$$00000025)
    __rt_lib_init_user_alloc_1               0x00000313   Thumb Code     0  libinit2.o(.ARM.Collect$$libinit$$0000000C)
    __rt_lib_shutdown                        0x00000315   Thumb Code     0  libshutdown.o(.ARM.Collect$$libshutdown$$00000000)
    __rt_lib_shutdown_fp_trap_1              0x00000317   Thumb Code     0  libshutdown2.o(.ARM.Collect$$libshutdown$$00000006)
    __rt_lib_shutdown_heap_1                 0x00000317   Thumb Code     0  libshutdown2.o(.ARM.Collect$$libshutdown$$0000000E)
    __rt_lib_shutdown_return                 0x00000317   Thumb Code     0  libshutdown2.o(.ARM.Collect$$libshutdown$$0000000F)
    __rt_lib_shutdown_signal_1               0x00000317   Thumb Code     0  libshutdown2.o(.ARM.Collect$$libshutdown$$00000009)
    __rt_lib_shutdown_stdio_1                0x00000317   Thumb Code     0  libshutdown2.o(.ARM.Collect$$libshutdown$$00000003)
    __rt_lib_shutdown_user_alloc_1           0x00000317   Thumb Code     0  libshutdown2.o(.ARM.Collect$$libshutdown$$0000000B)
    __rt_entry                               0x00000319   Thumb Code     0  __rtentry.o(.ARM.Collect$$rtentry$$00000000)
    __rt_entry_presh_1                       0x00000319   Thumb Code     0  __rtentry2.o(.ARM.Collect$$rtentry$$00000002)
    __rt_entry_sh                            0x00000319   Thumb Code     0  __rtentry4.o(.ARM.Collect$$rtentry$$00000004)
    __rt_entry_li                            0x0000031f   Thumb Code     0  __rtentry2.o(.ARM.Collect$$rtentry$$0000000A)
    __rt_entry_postsh_1                      0x0000031f   Thumb Code     0  __rtentry2.o(.ARM.Collect$$rtentry$$00000009)
    __rt_entry_main                          0x00000323   Thumb Code     0  __rtentry2.o(.ARM.Collect$$rtentry$$0000000D)
    __rt_entry_postli_1                      0x00000323   Thumb Code     0  __rtentry2.o(.ARM.Collect$$rtentry$$0000000C)
    __rt_exit                                0x0000032b   Thumb Code     0  rtexit.o(.ARM.Collect$$rtexit$$00000000)
    __rt_exit_ls                             0x0000032d   Thumb Code     0  rtexit2.o(.ARM.Collect$$rtexit$$00000003)
    __rt_exit_prels_1                        0x0000032d   Thumb Code     0  rtexit2.o(.ARM.Collect$$rtexit$$00000002)
    __rt_exit_exit                           0x00000331   Thumb Code     0  rtexit2.o(.ARM.Collect$$rtexit$$00000004)
    SysCtlDelay                              0x00000339   Thumb Code     6  sysctl.o(.emb_text)
    CPUcpsid                                 0x00000341   Thumb Code     8  cpu.o(.emb_text)
    CPUprimask                               0x00000349   Thumb Code     6  cpu.o(.emb_text)
    CPUcpsie                                 0x0000034f   Thumb Code     8  cpu.o(.emb_text)
    CPUwfi                                   0x00000357   Thumb Code     4  cpu.o(.emb_text)
    CPUbasepriSet                            0x0000035b   Thumb Code     6  cpu.o(.emb_text)
    CPUbasepriGet                            0x00000361   Thumb Code     6  cpu.o(.emb_text)
    __user_initial_stackheap                 0x00000369   Thumb Code     0  startup_rvmdk.o(.text)
    __I$use$semihosting                      0x00000381   Thumb Code     0  use_no_semi.o(.text)
    __use_no_semihosting_swi                 0x00000381   Thumb Code     2  use_no_semi.o(.text)
    __2printf                                0x00000385   Thumb Code    20  noretval__2printf.o(.text)
    __printf                                 0x0000039d   Thumb Code   104  __printf.o(.text)
    _printf_str                              0x00000405   Thumb Code    82  _printf_str.o(.text)
    _printf_int_hex                          0x00000459   Thumb Code    84  _printf_hex_int.o(.text)
    _printf_longlong_hex                     0x00000459   Thumb Code     0  _printf_hex_int.o(.text)
    getc                                     0x000004b1   Thumb Code     4  getc.o(.text)
    puts                                     0x000004b5   Thumb Code    40  puts.o(.text)
    __use_two_region_memory                  0x000004e1   Thumb Code     2  heapauxi.o(.text)
    __rt_heap_escrow$2region                 0x000004e3   Thumb Code     2  heapauxi.o(.text)
    __rt_heap_expand$2region                 0x000004e5   Thumb Code     2  heapauxi.o(.text)
    _printf_int_common                       0x000004e7   Thumb Code   178  _printf_intcommon.o(.text)
    _printf_cs_common                        0x00000599   Thumb Code    20  _printf_char.o(.text)
    _printf_char                             0x000005ad   Thumb Code    16  _printf_char.o(.text)
    _printf_string                           0x000005bd   Thumb Code     8  _printf_char.o(.text)
    _printf_char_file                        0x000005c5   Thumb Code    32  _printf_char_file.o(.text)
    _printf_char_common                      0x000005f3   Thumb Code    32  _printf_char_common.o(.text)
    __user_setup_stackheap                   0x00000619   Thumb Code    74  sys_stackheap_outer.o(.text)
    exit                                     0x00000663   Thumb Code    12  exit.o(.text)
    __user_libspace                          0x00000671   Thumb Code     8  libspace.o(.text)
    __user_perproc_libspace                  0x00000671   Thumb Code     0  libspace.o(.text)
    __user_perthread_libspace                0x00000671   Thumb Code     0  libspace.o(.text)
    CPUgetPRIMASK_cpsid                      0x00000679   Thumb Code     8  es_port.o(i.CPUgetPRIMASK_cpsid)
    CPUsetPRIMASK                            0x00000681   Thumb Code     6  es_port.o(i.CPUsetPRIMASK)
    Check4Keystroke                          0x00000689   Thumb Code   378  eventcheckers.o(i.Check4Keystroke)
    ES_CheckUserEvents                       0x000008c5   Thumb Code    34  es_checkevents.o(i.ES_CheckUserEvents)
    ES_DeQueue                               0x000008ed   Thumb Code    80  es_queue.o(i.ES_DeQueue)
    ES_EnQueueFIFO                           0x00000941   Thumb Code    66  es_queue.o(i.ES_EnQueueFIFO)
    ES_GetMSBitSet                           0x00000989   Thumb Code    48  es_lookuptables.o(i.ES_GetMSBitSet)
    ES_InitQueue                             0x000009bd   Thumb Code    16  es_queue.o(i.ES_InitQueue)
    ES_Initialize                            0x000009cd   Thumb Code    72  es_framework.o(i.ES_Initialize)
    ES_PostToService                         0x00000a19   Thumb Code    42  es_framework.o(i.ES_PostToService)
    ES_Run                                   0x00000a51   Thumb Code    84  es_framework.o(i.ES_Run)
    ES_Timer_Init                            0x00000ab1   Thumb Code     4  es_timers.o(i.ES_Timer_Init)
    ES_Timer_InitTimer                       0x00000ab5   Thumb Code    44  es_timers.o(i.ES_Timer_InitTimer)
    ES_Timer_StopTimer                       0x00000af1   Thumb Code    28  es_timers.o(i.ES_Timer_StopTimer)
    ES_Timer_Tick_Resp                       0x00000b15   Thumb Code    90  es_timers.o(i.ES_Timer_Tick_Resp)
    GPIODirModeSet                           0x00000b81   Thumb Code    40  gpio.o(i.GPIODirModeSet)
    GPIOPadConfigSet                         0x00000ba9   Thumb Code   314  gpio.o(i.GPIOPadConfigSet)
    GPIOPinConfigure                         0x00000ce5   Thumb Code    64  gpio.o(i.GPIOPinConfigure)
    GPIOPinTypeUART                          0x00000d2d   Thumb Code    28  gpio.o(i.GPIOPinTypeUART)
    GetCommands                              0x00000d49   Thumb Code    32  spectrexbee.o(i.GetCommands)
    GetRxData                                0x00000d71   Thumb Code     4  commrxsm.o(i.GetRxData)
    InitBalloon                              0x00000d79   Thumb Code    96  balloon.o(i.InitBalloon)
    InitCommRxSM                             0x00000e05   Thumb Code    38  commrxsm.o(i.InitCommRxSM)
    InitMotorDriver                          0x00000f31   Thumb Code   116  motordriver.o(i.InitMotorDriver)
    InitPWM                                  0x00000fe5   Thumb Code   512  pwm.o(i.InitPWM)
    InitSensorComms                          0x00001229   Thumb Code    32  sensorcomms.o(i.InitSensorComms)
    InitSpectreXbee                          0x0000124d   Thumb Code   148  spectrexbee.o(i.InitSpectreXbee)
    InitUART2                                0x000013e5   Thumb Code   170  sensorcomms.o(i.InitUART2)
    InitWTV                                  0x000014b9   Thumb Code   102  wtv020sdservice.o(i.InitWTV)
    InputCaptureResponse                     0x000015b9   Thumb Code    16  spectrexbee.o(i.InputCaptureResponse)
    IntMasterEnable                          0x000015cd   Thumb Code    14  interrupt.o(i.IntMasterEnable)
    PlaySound                                0x0000165d   Thumb Code    16  wtv020sdservice.o(i.PlaySound)
    PostBalloon                              0x00001671   Thumb Code    10  balloon.o(i.PostBalloon)
    PostCommRxSM                             0x00001681   Thumb Code    10  commrxsm.o(i.PostCommRxSM)
    PostMotorDriver                          0x00001691   Thumb Code    10  motordriver.o(i.PostMotorDriver)
    PostSensorComms                          0x000016a1   Thumb Code    10  sensorcomms.o(i.PostSensorComms)
    PostSpectreXbee                          0x000016b1   Thumb Code    10  spectrexbee.o(i.PostSpectreXbee)
    PostWTV                                  0x000016c1   Thumb Code    10  wtv020sdservice.o(i.PostWTV)
    RunBalloon                               0x000016d1   Thumb Code   168  balloon.o(i.RunBalloon)
    RunCommRxSM                              0x000017cd   Thumb Code   216  commrxsm.o(i.RunCommRxSM)
    RunMotorDriver                           0x000018d5   Thumb Code   298  motordriver.o(i.RunMotorDriver)
    RunSensorComms                           0x00001a61   Thumb Code    58  sensorcomms.o(i.RunSensorComms)
    RunSpectreXbee                           0x00001aa9   Thumb Code   386  spectrexbee.o(i.RunSpectreXbee)
    RunWTV                                   0x00001c35   Thumb Code   236  wtv020sdservice.o(i.RunWTV)
    SetPWMDuty                               0x00001d3d   Thumb Code   256  pwm.o(i.SetPWMDuty)
    SetPWMWidth                              0x00001e45   Thumb Code   332  pwm.o(i.SetPWMWidth)
    SoftwareReset                            0x00001fb9   Thumb Code     4  spectrexbee.o(i.SoftwareReset)
    SysCtlClockSet                           0x00001fbd   Thumb Code   270  sysctl.o(i.SysCtlClockSet)
    SysCtlPeripheralEnable                   0x000020dd   Thumb Code    36  sysctl.o(i.SysCtlPeripheralEnable)
    SysCtlReset                              0x00002105   Thumb Code     8  sysctl.o(i.SysCtlReset)
    SysTickEnable                            0x00002115   Thumb Code    14  systick.o(i.SysTickEnable)
    SysTickIntEnable                         0x00002123   Thumb Code    14  systick.o(i.SysTickIntEnable)
    SysTickIntHandler                        0x00002131   Thumb Code    16  es_port.o(i.SysTickIntHandler)
    SysTickPeriodSet                         0x00002145   Thumb Code    10  systick.o(i.SysTickPeriodSet)
    TERMIO_GetChar                           0x0000214f   Thumb Code     4  termio.o(i.TERMIO_GetChar)
    TERMIO_Init                              0x00002155   Thumb Code    62  termio.o(i.TERMIO_Init)
    TERMIO_PutChar                           0x000021a5   Thumb Code     8  termio.o(i.TERMIO_PutChar)
    UART1InterruptResponse                   0x000021b1   Thumb Code    98  spectrexbee.o(i.UART1InterruptResponse)
    UART2ISR                                 0x00002221   Thumb Code    86  sensorcomms.o(i.UART2ISR)
    UARTCharPut                              0x00002281   Thumb Code    12  uart.o(i.UARTCharPut)
    UARTClockSourceSet                       0x0000228d   Thumb Code     6  uart.o(i.UARTClockSourceSet)
    UARTStdioConfig                          0x00002295   Thumb Code    82  uartstdio.o(i.UARTStdioConfig)
    UARTgetc                                 0x000022f1   Thumb Code    20  uartstdio.o(i.UARTgetc)
    WTVInterruptResponse                     0x00002309   Thumb Code    14  wtv020sdservice.o(i.WTVInterruptResponse)
    _HW_Process_Pending_Ints                 0x00002321   Thumb Code    26  es_port.o(i._HW_Process_Pending_Ints)
    _HW_Timer_Init                           0x00002341   Thumb Code    22  es_port.o(i._HW_Timer_Init)
    _sys_exit                                0x00002357   Thumb Code     2  retarget.o(i._sys_exit)
    calc                                     0x00002359   Thumb Code    70  sensorcomms.o(i.calc)
    checkSum                                 0x000023ad   Thumb Code    28  spectrexbee.o(i.checkSum)
    closeSuicideDoors                        0x000023c9   Thumb Code    46  suicideds.o(i.closeSuicideDoors)
    ferror                                   0x000023f7   Thumb Code     6  retarget.o(i.ferror)
    fgetc                                    0x000023fd   Thumb Code     4  retarget.o(i.fgetc)
    fputc                                    0x00002401   Thumb Code    14  retarget.o(i.fputc)
    getYaw                                   0x00002411   Thumb Code     8  sensorcomms.o(i.getYaw)
    kbhit                                    0x000024a5   Thumb Code    16  termio.o(i.kbhit)
    main                                     0x000024b9   Thumb Code    90  main.o(i.main)
    openSuicideDoors                         0x000025dd   Thumb Code    26  suicideds.o(i.openSuicideDoors)
    __aeabi_dneg                             0x000026d1   Thumb Code     0  basic.o(x$fpl$basic)
    _dneg                                    0x000026d1   Thumb Code     6  basic.o(x$fpl$basic)
    __aeabi_fneg                             0x000026d7   Thumb Code     0  basic.o(x$fpl$basic)
    _fneg                                    0x000026d7   Thumb Code     6  basic.o(x$fpl$basic)
    _dabs                                    0x000026dd   Thumb Code     6  basic.o(x$fpl$basic)
    _fabs                                    0x000026e3   Thumb Code     6  basic.o(x$fpl$basic)
    __aeabi_dadd                             0x000026e9   Thumb Code     0  daddsub_clz.o(x$fpl$dadd)
    _dadd                                    0x000026e9   Thumb Code   332  daddsub_clz.o(x$fpl$dadd)
    __aeabi_ddiv                             0x00002839   Thumb Code     0  ddiv.o(x$fpl$ddiv)
    _ddiv                                    0x00002839   Thumb Code   552  ddiv.o(x$fpl$ddiv)
    __aeabi_d2uiz                            0x00002ae9   Thumb Code     0  dfixu.o(x$fpl$dfixu)
    _dfixu                                   0x00002ae9   Thumb Code    90  dfixu.o(x$fpl$dfixu)
    __aeabi_i2d                              0x00002b43   Thumb Code     0  dflt_clz.o(x$fpl$dflt)
    _dflt                                    0x00002b43   Thumb Code    46  dflt_clz.o(x$fpl$dflt)
    __aeabi_ui2d                             0x00002b71   Thumb Code     0  dflt_clz.o(x$fpl$dfltu)
    _dfltu                                   0x00002b71   Thumb Code    38  dflt_clz.o(x$fpl$dfltu)
    __aeabi_dmul                             0x00002b99   Thumb Code     0  dmul.o(x$fpl$dmul)
    _dmul                                    0x00002b99   Thumb Code   332  dmul.o(x$fpl$dmul)
    __fpl_dnaninf                            0x00002ced   Thumb Code   156  dnaninf.o(x$fpl$dnaninf)
    __fpl_dretinf                            0x00002d89   Thumb Code    12  dretinf.o(x$fpl$dretinf)
    __aeabi_dsub                             0x00002d95   Thumb Code     0  daddsub_clz.o(x$fpl$dsub)
    _dsub                                    0x00002d95   Thumb Code   464  daddsub_clz.o(x$fpl$dsub)
    _fp_init                                 0x00002f69   Thumb Code    10  fpinit.o(x$fpl$fpinit)
    __fplib_config_fpu_vfp                   0x00002f71   Thumb Code     0  fpinit.o(x$fpl$fpinit)
    __fplib_config_pureend_doubles           0x00002f71   Thumb Code     0  fpinit.o(x$fpl$fpinit)
    __I$use$fp                               0x00002f72   Number         0  usenofp.o(x$fpl$usenofp)
    BitNum2SetMask                           0x00002fec   Data          32  es_lookuptables.o(.constdata)
    Nybble2MSBitNum                          0x0000300c   Data          15  es_lookuptables.o(.constdata)
    Region$$Table$$Base                      0x000032c4   Number         0  anon$$obj.o(Region$$Table)
    Region$$Table$$Limit                     0x000032e4   Number         0  anon$$obj.o(Region$$Table)
    yawRateLow                               0x20000008   Data           1  sensorcomms.o(.data)
    yawRateHigh                              0x20000009   Data           1  sensorcomms.o(.data)
    FakeState                                0x2000000a   Data           1  sensorcomms.o(.data)
    dataCounter                              0x2000000b   Data           1  sensorcomms.o(.data)
    error                                    0x2000000c   Data           1  sensorcomms.o(.data)
    Packet                                   0x2000000e   Data           1  sensorcomms.o(.data)
    a_int                                    0x20000010   Data           2  sensorcomms.o(.data)
    a                                        0x20000018   Data           8  sensorcomms.o(.data)
    yawRate                                  0x20000020   Data           8  sensorcomms.o(.data)
    headingAngle                             0x20000028   Data           8  sensorcomms.o(.data)
    DataLen                                  0x2000004a   Data           2  commrxsm.o(.data)
    Ready                                    0x20000090   Data           2  es_framework.o(.data)
    _PRIMASK_temp                            0x2000009c   Data           4  es_queue.o(.data)
    __stdout                                 0x200000ac   Data           4  retarget.o(.data)
    __stdin                                  0x200000b0   Data           4  retarget.o(.data)
    __libspace_start                         0x200001bc   Data          96  libspace.o(.bss)
    __temporary_stack_top$libspace           0x2000021c   Data           0  libspace.o(.bss)



==============================================================================

Memory Map of the image

  Image Entry point : 0x0000026d

  Load Region LR_IROM1 (Base: 0x00000000, Size: 0x000033a0, Max: 0x00040000, ABSOLUTE)

    Execution Region ER_IROM1 (Base: 0x00000000, Size: 0x000032e4, Max: 0x00040000, ABSOLUTE)

    Base Addr    Size         Type   Attr      Idx    E Section Name        Object

    0x00000000   0x00000288   Code   RO          547  * RESET               startup_rvmdk.o
    0x00000288   0x00000008   Code   RO         2190  * !!!main             c_w.l(__main.o)
    0x00000290   0x00000034   Code   RO         2380    !!!scatter          c_w.l(__scatter.o)
    0x000002c4   0x0000001a   Code   RO         2382    !!handler_copy      c_w.l(__scatter_copy.o)
    0x000002de   0x00000002   PAD
    0x000002e0   0x0000001c   Code   RO         2384    !!handler_zi        c_w.l(__scatter_zi.o)
    0x000002fc   0x00000000   Code   RO         2183    .ARM.Collect$$_printf_percent$$00000000  c_w.l(_printf_percent.o)
    0x000002fc   0x00000006   Code   RO         2182    .ARM.Collect$$_printf_percent$$0000000C  c_w.l(_printf_x.o)
    0x00000302   0x00000006   Code   RO         2181    .ARM.Collect$$_printf_percent$$00000014  c_w.l(_printf_s.o)
    0x00000308   0x00000004   Code   RO         2223    .ARM.Collect$$_printf_percent$$00000017  c_w.l(_printf_percent_end.o)
    0x0000030c   0x00000002   Code   RO         2257    .ARM.Collect$$libinit$$00000000  c_w.l(libinit.o)
    0x0000030e   0x00000004   Code   RO         2263    .ARM.Collect$$libinit$$00000001  c_w.l(libinit2.o)
    0x00000312   0x00000000   Code   RO         2266    .ARM.Collect$$libinit$$00000004  c_w.l(libinit2.o)
    0x00000312   0x00000000   Code   RO         2269    .ARM.Collect$$libinit$$0000000A  c_w.l(libinit2.o)
    0x00000312   0x00000000   Code   RO         2271    .ARM.Collect$$libinit$$0000000C  c_w.l(libinit2.o)
    0x00000312   0x00000000   Code   RO         2273    .ARM.Collect$$libinit$$0000000E  c_w.l(libinit2.o)
    0x00000312   0x00000000   Code   RO         2276    .ARM.Collect$$libinit$$00000011  c_w.l(libinit2.o)
    0x00000312   0x00000000   Code   RO         2278    .ARM.Collect$$libinit$$00000013  c_w.l(libinit2.o)
    0x00000312   0x00000000   Code   RO         2280    .ARM.Collect$$libinit$$00000015  c_w.l(libinit2.o)
    0x00000312   0x00000000   Code   RO         2282    .ARM.Collect$$libinit$$00000017  c_w.l(libinit2.o)
    0x00000312   0x00000000   Code   RO         2284    .ARM.Collect$$libinit$$00000019  c_w.l(libinit2.o)
    0x00000312   0x00000000   Code   RO         2286    .ARM.Collect$$libinit$$0000001B  c_w.l(libinit2.o)
    0x00000312   0x00000000   Code   RO         2288    .ARM.Collect$$libinit$$0000001D  c_w.l(libinit2.o)
    0x00000312   0x00000000   Code   RO         2290    .ARM.Collect$$libinit$$0000001F  c_w.l(libinit2.o)
    0x00000312   0x00000000   Code   RO         2292    .ARM.Collect$$libinit$$00000021  c_w.l(libinit2.o)
    0x00000312   0x00000000   Code   RO         2294    .ARM.Collect$$libinit$$00000023  c_w.l(libinit2.o)
    0x00000312   0x00000000   Code   RO         2296    .ARM.Collect$$libinit$$00000025  c_w.l(libinit2.o)
    0x00000312   0x00000000   Code   RO         2300    .ARM.Collect$$libinit$$0000002C  c_w.l(libinit2.o)
    0x00000312   0x00000000   Code   RO         2302    .ARM.Collect$$libinit$$0000002E  c_w.l(libinit2.o)
    0x00000312   0x00000000   Code   RO         2304    .ARM.Collect$$libinit$$00000030  c_w.l(libinit2.o)
    0x00000312   0x00000000   Code   RO         2306    .ARM.Collect$$libinit$$00000032  c_w.l(libinit2.o)
    0x00000312   0x00000002   Code   RO         2307    .ARM.Collect$$libinit$$00000033  c_w.l(libinit2.o)
    0x00000314   0x00000002   Code   RO         2325    .ARM.Collect$$libshutdown$$00000000  c_w.l(libshutdown.o)
    0x00000316   0x00000000   Code   RO         2336    .ARM.Collect$$libshutdown$$00000003  c_w.l(libshutdown2.o)
    0x00000316   0x00000000   Code   RO         2339    .ARM.Collect$$libshutdown$$00000006  c_w.l(libshutdown2.o)
    0x00000316   0x00000000   Code   RO         2342    .ARM.Collect$$libshutdown$$00000009  c_w.l(libshutdown2.o)
    0x00000316   0x00000000   Code   RO         2344    .ARM.Collect$$libshutdown$$0000000B  c_w.l(libshutdown2.o)
    0x00000316   0x00000000   Code   RO         2347    .ARM.Collect$$libshutdown$$0000000E  c_w.l(libshutdown2.o)
    0x00000316   0x00000002   Code   RO         2348    .ARM.Collect$$libshutdown$$0000000F  c_w.l(libshutdown2.o)
    0x00000318   0x00000000   Code   RO         2216    .ARM.Collect$$rtentry$$00000000  c_w.l(__rtentry.o)
    0x00000318   0x00000000   Code   RO         2230    .ARM.Collect$$rtentry$$00000002  c_w.l(__rtentry2.o)
    0x00000318   0x00000006   Code   RO         2242    .ARM.Collect$$rtentry$$00000004  c_w.l(__rtentry4.o)
    0x0000031e   0x00000000   Code   RO         2232    .ARM.Collect$$rtentry$$00000009  c_w.l(__rtentry2.o)
    0x0000031e   0x00000004   Code   RO         2233    .ARM.Collect$$rtentry$$0000000A  c_w.l(__rtentry2.o)
    0x00000322   0x00000000   Code   RO         2235    .ARM.Collect$$rtentry$$0000000C  c_w.l(__rtentry2.o)
    0x00000322   0x00000008   Code   RO         2236    .ARM.Collect$$rtentry$$0000000D  c_w.l(__rtentry2.o)
    0x0000032a   0x00000002   Code   RO         2261    .ARM.Collect$$rtexit$$00000000  c_w.l(rtexit.o)
    0x0000032c   0x00000000   Code   RO         2309    .ARM.Collect$$rtexit$$00000002  c_w.l(rtexit2.o)
    0x0000032c   0x00000004   Code   RO         2310    .ARM.Collect$$rtexit$$00000003  c_w.l(rtexit2.o)
    0x00000330   0x00000006   Code   RO         2311    .ARM.Collect$$rtexit$$00000004  c_w.l(rtexit2.o)
    0x00000336   0x00000002   PAD
    0x00000338   0x00000006   Code   RO         1424    .emb_text           driverlib.lib(sysctl.o)
    0x0000033e   0x00000002   PAD
    0x00000340   0x00000026   Code   RO         2118    .emb_text           driverlib.lib(cpu.o)
    0x00000366   0x00000002   PAD
    0x00000368   0x00000018   Code   RO          548    .text               startup_rvmdk.o
    0x00000380   0x00000002   Code   RO         2130    .text               c_w.l(use_no_semi.o)
    0x00000382   0x00000002   PAD
    0x00000384   0x00000018   Code   RO         2134    .text               c_w.l(noretval__2printf.o)
    0x0000039c   0x00000068   Code   RO         2136    .text               c_w.l(__printf.o)
    0x00000404   0x00000052   Code   RO         2138    .text               c_w.l(_printf_str.o)
    0x00000456   0x00000002   PAD
    0x00000458   0x00000058   Code   RO         2143    .text               c_w.l(_printf_hex_int.o)
    0x000004b0   0x00000004   Code   RO         2184    .text               c_w.l(getc.o)
    0x000004b4   0x0000002c   Code   RO         2186    .text               c_w.l(puts.o)
    0x000004e0   0x00000006   Code   RO         2188    .text               c_w.l(heapauxi.o)
    0x000004e6   0x000000b2   Code   RO         2217    .text               c_w.l(_printf_intcommon.o)
    0x00000598   0x0000002c   Code   RO         2219    .text               c_w.l(_printf_char.o)
    0x000005c4   0x00000024   Code   RO         2221    .text               c_w.l(_printf_char_file.o)
    0x000005e8   0x00000030   Code   RO         2244    .text               c_w.l(_printf_char_common.o)
    0x00000618   0x0000004a   Code   RO         2246    .text               c_w.l(sys_stackheap_outer.o)
    0x00000662   0x0000000c   Code   RO         2250    .text               c_w.l(exit.o)
    0x0000066e   0x00000002   PAD
    0x00000670   0x00000008   Code   RO         2258    .text               c_w.l(libspace.o)
    0x00000678   0x00000008   Code   RO          687    i.CPUgetPRIMASK_cpsid  es_port.o
    0x00000680   0x00000006   Code   RO          693    i.CPUsetPRIMASK     es_port.o
    0x00000686   0x00000002   PAD
    0x00000688   0x00000190   Code   RO           86    i.Check4Keystroke   eventcheckers.o
    0x00000818   0x000000ac   Code   RO          444    i.DuringTransferring  wtv020sdservice.o
    0x000008c4   0x00000028   Code   RO          554    i.ES_CheckUserEvents  es_checkevents.o
    0x000008ec   0x00000054   Code   RO          740    i.ES_DeQueue        es_queue.o
    0x00000940   0x00000048   Code   RO          741    i.ES_EnQueueFIFO    es_queue.o
    0x00000988   0x00000034   Code   RO          636    i.ES_GetMSBitSet    es_lookuptables.o
    0x000009bc   0x00000010   Code   RO          743    i.ES_InitQueue      es_queue.o
    0x000009cc   0x0000004c   Code   RO          586    i.ES_Initialize     es_framework.o
    0x00000a18   0x00000038   Code   RO          588    i.ES_PostToService  es_framework.o
    0x00000a50   0x00000060   Code   RO          590    i.ES_Run            es_framework.o
    0x00000ab0   0x00000004   Code   RO          783    i.ES_Timer_Init     es_timers.o
    0x00000ab4   0x0000003c   Code   RO          784    i.ES_Timer_InitTimer  es_timers.o
    0x00000af0   0x00000024   Code   RO          787    i.ES_Timer_StopTimer  es_timers.o
    0x00000b14   0x0000006c   Code   RO          788    i.ES_Timer_Tick_Resp  es_timers.o
    0x00000b80   0x00000028   Code   RO          987    i.GPIODirModeSet    driverlib.lib(gpio.o)
    0x00000ba8   0x0000013a   Code   RO          997    i.GPIOPadConfigSet  driverlib.lib(gpio.o)
    0x00000ce2   0x00000002   PAD
    0x00000ce4   0x00000048   Code   RO          998    i.GPIOPinConfigure  driverlib.lib(gpio.o)
    0x00000d2c   0x0000001c   Code   RO         1023    i.GPIOPinTypeUART   driverlib.lib(gpio.o)
    0x00000d48   0x00000028   Code   RO          271    i.GetCommands       spectrexbee.o
    0x00000d70   0x00000008   Code   RO          384    i.GetRxData         commrxsm.o
    0x00000d78   0x0000008c   Code   RO          418    i.InitBalloon       balloon.o
    0x00000e04   0x00000044   Code   RO          385    i.InitCommRxSM      commrxsm.o
    0x00000e48   0x000000e8   Code   RO          272    i.InitInputCaptureWT1  spectrexbee.o
    0x00000f30   0x000000b4   Code   RO          504    i.InitMotorDriver   motordriver.o
    0x00000fe4   0x00000244   Code   RO          169    i.InitPWM           pwm.o
    0x00001228   0x00000024   Code   RO          205    i.InitSensorComms   sensorcomms.o
    0x0000124c   0x000000d0   Code   RO          273    i.InitSpectreXbee   spectrexbee.o
    0x0000131c   0x000000c8   Code   RO          274    i.InitUART          spectrexbee.o
    0x000013e4   0x000000d4   Code   RO          206    i.InitUART2         sensorcomms.o
    0x000014b8   0x00000098   Code   RO          445    i.InitWTV           wtv020sdservice.o
    0x00001550   0x00000068   Code   RO          446    i.InitWideTimer0    wtv020sdservice.o
    0x000015b8   0x00000014   Code   RO          275    i.InputCaptureResponse  spectrexbee.o
    0x000015cc   0x0000000e   Code   RO         1312    i.IntMasterEnable   driverlib.lib(interrupt.o)
    0x000015da   0x00000002   PAD
    0x000015dc   0x00000040   Code   RO          276    i.LoadUpConfirmation  spectrexbee.o
    0x0000161c   0x00000040   Code   RO          277    i.LoadUpStatus      spectrexbee.o
    0x0000165c   0x00000014   Code   RO          447    i.PlaySound         wtv020sdservice.o
    0x00001670   0x00000010   Code   RO          419    i.PostBalloon       balloon.o
    0x00001680   0x00000010   Code   RO          386    i.PostCommRxSM      commrxsm.o
    0x00001690   0x00000010   Code   RO          505    i.PostMotorDriver   motordriver.o
    0x000016a0   0x00000010   Code   RO          207    i.PostSensorComms   sensorcomms.o
    0x000016b0   0x00000010   Code   RO          278    i.PostSpectreXbee   spectrexbee.o
    0x000016c0   0x00000010   Code   RO          448    i.PostWTV           wtv020sdservice.o
    0x000016d0   0x000000fc   Code   RO          420    i.RunBalloon        balloon.o
    0x000017cc   0x00000108   Code   RO          387    i.RunCommRxSM       commrxsm.o
    0x000018d4   0x0000018c   Code   RO          506    i.RunMotorDriver    motordriver.o
    0x00001a60   0x00000048   Code   RO          208    i.RunSensorComms    sensorcomms.o
    0x00001aa8   0x0000018c   Code   RO          279    i.RunSpectreXbee    spectrexbee.o
    0x00001c34   0x000000f4   Code   RO          449    i.RunWTV            wtv020sdservice.o
    0x00001d28   0x00000014   Code   RO          280    i.SendXbeeData      spectrexbee.o
    0x00001d3c   0x00000108   Code   RO          170    i.SetPWMDuty        pwm.o
    0x00001e44   0x00000154   Code   RO          171    i.SetPWMWidth       pwm.o
    0x00001f98   0x00000020   Code   RO          450    i.SetTimerMicroS    wtv020sdservice.o
    0x00001fb8   0x00000004   Code   RO          281    i.SoftwareReset     spectrexbee.o
    0x00001fbc   0x00000120   Code   RO         1429    i.SysCtlClockSet    driverlib.lib(sysctl.o)
    0x000020dc   0x00000028   Code   RO         1458    i.SysCtlPeripheralEnable  driverlib.lib(sysctl.o)
    0x00002104   0x00000010   Code   RO         1466    i.SysCtlReset       driverlib.lib(sysctl.o)
    0x00002114   0x0000000e   Code   RO         1767    i.SysTickEnable     driverlib.lib(systick.o)
    0x00002122   0x0000000e   Code   RO         1769    i.SysTickIntEnable  driverlib.lib(systick.o)
    0x00002130   0x00000014   Code   RO          653    i.SysTickIntHandler  es_port.o
    0x00002144   0x0000000a   Code   RO         1773    i.SysTickPeriodSet  driverlib.lib(systick.o)
    0x0000214e   0x00000004   Code   RO          887    i.TERMIO_GetChar    termio.o
    0x00002152   0x00000002   PAD
    0x00002154   0x00000050   Code   RO          888    i.TERMIO_Init       termio.o
    0x000021a4   0x0000000c   Code   RO          889    i.TERMIO_PutChar    termio.o
    0x000021b0   0x00000070   Code   RO          282    i.UART1InterruptResponse  spectrexbee.o
    0x00002220   0x00000060   Code   RO          209    i.UART2ISR          sensorcomms.o
    0x00002280   0x0000000c   Code   RO         1837    i.UARTCharPut       driverlib.lib(uart.o)
    0x0000228c   0x00000006   Code   RO         1841    i.UARTClockSourceSet  driverlib.lib(uart.o)
    0x00002292   0x00000002   PAD
    0x00002294   0x0000005c   Code   RO          927    i.UARTStdioConfig   uartstdio.o
    0x000022f0   0x00000018   Code   RO          928    i.UARTgetc          uartstdio.o
    0x00002308   0x00000018   Code   RO          451    i.WTVInterruptResponse  wtv020sdservice.o
    0x00002320   0x00000020   Code   RO          655    i._HW_Process_Pending_Ints  es_port.o
    0x00002340   0x00000016   Code   RO          656    i._HW_Timer_Init    es_port.o
    0x00002356   0x00000002   Code   RO          834    i._sys_exit         retarget.o
    0x00002358   0x00000054   Code   RO          210    i.calc              sensorcomms.o
    0x000023ac   0x0000001c   Code   RO          283    i.checkSum          spectrexbee.o
    0x000023c8   0x0000002e   Code   RO          366    i.closeSuicideDoors  suicideds.o
    0x000023f6   0x00000006   Code   RO          836    i.ferror            retarget.o
    0x000023fc   0x00000004   Code   RO          837    i.fgetc             retarget.o
    0x00002400   0x0000000e   Code   RO          838    i.fputc             retarget.o
    0x0000240e   0x00000002   PAD
    0x00002410   0x0000000c   Code   RO          212    i.getYaw            sensorcomms.o
    0x0000241c   0x00000064   Code   RO          507    i.importControl     motordriver.o
    0x00002480   0x00000024   Code   RO          284    i.importData        spectrexbee.o
    0x000024a4   0x00000014   Code   RO          890    i.kbhit             termio.o
    0x000024b8   0x00000124   Code   RO            1    i.main              main.o
    0x000025dc   0x0000001a   Code   RO          367    i.openSuicideDoors  suicideds.o
    0x000025f6   0x00000002   PAD
    0x000025f8   0x000000a0   Code   RO          508    i.writeOrient       motordriver.o
    0x00002698   0x00000038   Code   RO          509    i.writeThrust       motordriver.o
    0x000026d0   0x00000018   Code   RO         2192    x$fpl$basic         fz_wm.l(basic.o)
    0x000026e8   0x00000150   Code   RO         2194    x$fpl$dadd          fz_wm.l(daddsub_clz.o)
    0x00002838   0x000002b0   Code   RO         2201    x$fpl$ddiv          fz_wm.l(ddiv.o)
    0x00002ae8   0x0000005a   Code   RO         2204    x$fpl$dfixu         fz_wm.l(dfixu.o)
    0x00002b42   0x0000002e   Code   RO         2209    x$fpl$dflt          fz_wm.l(dflt_clz.o)
    0x00002b70   0x00000026   Code   RO         2208    x$fpl$dfltu         fz_wm.l(dflt_clz.o)
    0x00002b96   0x00000002   PAD
    0x00002b98   0x00000154   Code   RO         2214    x$fpl$dmul          fz_wm.l(dmul.o)
    0x00002cec   0x0000009c   Code   RO         2224    x$fpl$dnaninf       fz_wm.l(dnaninf.o)
    0x00002d88   0x0000000c   Code   RO         2226    x$fpl$dretinf       fz_wm.l(dretinf.o)
    0x00002d94   0x000001d4   Code   RO         2196    x$fpl$dsub          fz_wm.l(daddsub_clz.o)
    0x00002f68   0x0000000a   Code   RO         2317    x$fpl$fpinit        fz_wm.l(fpinit.o)
    0x00002f72   0x00000000   Code   RO         2228    x$fpl$usenofp       fz_wm.l(usenofp.o)
    0x00002f72   0x00000002   PAD
    0x00002f74   0x00000004   Data   RO           87    .constdata          eventcheckers.o
    0x00002f78   0x00000004   Data   RO          213    .constdata          sensorcomms.o
    0x00002f7c   0x0000000c   Data   RO          452    .constdata          wtv020sdservice.o
    0x00002f88   0x00000004   Data   RO          555    .constdata          es_checkevents.o
    0x00002f8c   0x00000060   Data   RO          597    .constdata          es_framework.o
    0x00002fec   0x00000020   Data   RO          637    .constdata          es_lookuptables.o
    0x0000300c   0x0000000f   Data   RO          638    .constdata          es_lookuptables.o
    0x0000301b   0x00000001   PAD
    0x0000301c   0x00000040   Data   RO          790    .constdata          es_timers.o
    0x0000305c   0x0000001c   Data   RO          933    .constdata          uartstdio.o
    0x00003078   0x00000210   Data   RO         1030    .constdata          driverlib.lib(gpio.o)
    0x00003288   0x00000028   Data   RO         2144    .constdata          c_w.l(_printf_hex_int.o)
    0x000032b0   0x00000011   Data   RO          934    .conststring        uartstdio.o
    0x000032c1   0x00000003   PAD
    0x000032c4   0x00000020   Data   RO         2378    Region$$Table       anon$$obj.o


    Execution Region RW_IRAM1 (Base: 0x20000000, Size: 0x00000a20, Max: 0x00008000, ABSOLUTE)

    Base Addr    Size         Type   Attr      Idx    E Section Name        Object

    0x20000000   0x00000001   Data   RW           88    .data               eventcheckers.o
    0x20000001   0x00000001   Data   RW          172    .data               pwm.o
    0x20000002   0x00000006   PAD
    0x20000008   0x00000028   Data   RW          214    .data               sensorcomms.o
    0x20000030   0x00000016   Data   RW          287    .data               spectrexbee.o
    0x20000046   0x00000008   Data   RW          389    .data               commrxsm.o
    0x2000004e   0x00000002   Data   RW          421    .data               balloon.o
    0x20000050   0x00000008   Data   RW          453    .data               wtv020sdservice.o
    0x20000058   0x00000038   Data   RW          510    .data               motordriver.o
    0x20000090   0x00000006   Data   RW          598    .data               es_framework.o
    0x20000096   0x00000004   Data   RW          657    .data               es_port.o
    0x2000009a   0x00000002   PAD
    0x2000009c   0x00000004   Data   RW          745    .data               es_queue.o
    0x200000a0   0x0000000a   Data   RW          791    .data               es_timers.o
    0x200000aa   0x00000002   PAD
    0x200000ac   0x00000004   Data   RW          839    .data               retarget.o
    0x200000b0   0x00000004   Data   RW          840    .data               retarget.o
    0x200000b4   0x00000008   Data   RW          935    .data               uartstdio.o
    0x200000bc   0x00000017   Zero   RW          286    .bss                spectrexbee.o
    0x200000d3   0x0000000c   Zero   RW          388    .bss                commrxsm.o
    0x200000df   0x00000001   PAD
    0x200000e0   0x0000002c   Zero   RW          591    .bss                es_framework.o
    0x2000010c   0x0000002c   Zero   RW          592    .bss                es_framework.o
    0x20000138   0x0000002c   Zero   RW          593    .bss                es_framework.o
    0x20000164   0x00000010   Zero   RW          594    .bss                es_framework.o
    0x20000174   0x00000018   Zero   RW          595    .bss                es_framework.o
    0x2000018c   0x00000010   Zero   RW          596    .bss                es_framework.o
    0x2000019c   0x00000020   Zero   RW          789    .bss                es_timers.o
    0x200001bc   0x00000060   Zero   RW         2259    .bss                c_w.l(libspace.o)
    0x2000021c   0x00000004   PAD
    0x20000220   0x00000000   Zero   RW          546    HEAP                startup_rvmdk.o
    0x20000220   0x00000800   Zero   RW          545    STACK               startup_rvmdk.o


==============================================================================

Image component sizes


      Code (inc. data)   RO Data    RW Data    ZI Data      Debug   Object Name

       408        134          0          2          0       2989   balloon.o
       356         88          0          8         12       3682   commrxsm.o
        40          6          4          0          0       1309   es_checkevents.o
       228         30         96          6        188       3236   es_framework.o
        52          4         47          0          0       1418   es_lookuptables.o
        88         10          0          4          0       3882   es_port.o
       172         10          0          4          0       2657   es_queue.o
       208         42         64         10         32       3215   es_timers.o
       400         22          4          1          0       4850   eventcheckers.o
       292        202          0          0          0      10403   main.o
       908        200          0         56          0       5453   motordriver.o
      1184         98          0          1          0       2853   pwm.o
        26          0          0          8          0       3923   retarget.o
       528         94          4         40          0       5678   sensorcomms.o
      1440        240          0         22         23      10233   spectrexbee.o
       672        636          0          0       2048        644   startup_rvmdk.o
        72          0          0          0          0       1095   suicideds.o
       116         26          0          0          0       2136   termio.o
       116         14         45          8          0       2948   uartstdio.o
       764        102         12          8          0       6820   wtv020sdservice.o

    ----------------------------------------------------------------------
      8078       1958        312        188       2304      79424   Object Totals
         0          0         32          0          0          0   (incl. Generated)
         8          0          4         10          1          0   (incl. Padding)

    ----------------------------------------------------------------------

      Code (inc. data)   RO Data    RW Data    ZI Data      Debug   Library Member Name

         8          0          0          0          0         68   __main.o
       104          0          0          0          0         84   __printf.o
         0          0          0          0          0          0   __rtentry.o
        12          0          0          0          0          0   __rtentry2.o
         6          0          0          0          0          0   __rtentry4.o
        52          8          0          0          0          0   __scatter.o
        26          0          0          0          0          0   __scatter_copy.o
        28          0          0          0          0          0   __scatter_zi.o
        44          0          0          0          0        108   _printf_char.o
        48          6          0          0          0         96   _printf_char_common.o
        36          4          0          0          0         80   _printf_char_file.o
        88          4         40          0          0         88   _printf_hex_int.o
       178          0          0          0          0         88   _printf_intcommon.o
         0          0          0          0          0          0   _printf_percent.o
         4          0          0          0          0          0   _printf_percent_end.o
         6          0          0          0          0          0   _printf_s.o
        82          0          0          0          0         80   _printf_str.o
         6          0          0          0          0          0   _printf_x.o
        12          0          0          0          0         72   exit.o
         4          0          0          0          0         68   getc.o
         6          0          0          0          0        152   heapauxi.o
         2          0          0          0          0          0   libinit.o
         6          0          0          0          0          0   libinit2.o
         2          0          0          0          0          0   libshutdown.o
         2          0          0          0          0          0   libshutdown2.o
         8          4          0          0         96         68   libspace.o
        24          4          0          0          0         84   noretval__2printf.o
        44          4          0          0          0         84   puts.o
         2          0          0          0          0          0   rtexit.o
        10          0          0          0          0          0   rtexit2.o
        74          0          0          0          0         80   sys_stackheap_outer.o
         2          0          0          0          0         68   use_no_semi.o
        38          0          0          0          0        504   cpu.o
       454          8        528          0          0       5929   gpio.o
        14          0          0          0          0        450   interrupt.o
       350         30          0          0          0       1944   sysctl.o
        38          0          0          0          0       1218   systick.o
        18          0          0          0          0        867   uart.o
        24          0          0          0          0        164   basic.o
       804         16          0          0          0        368   daddsub_clz.o
       688        140          0          0          0        256   ddiv.o
        90          4          0          0          0        140   dfixu.o
        84          0          0          0          0        232   dflt_clz.o
       340         12          0          0          0        152   dmul.o
       156          4          0          0          0        140   dnaninf.o
        12          0          0          0          0        116   dretinf.o
        10          0          0          0          0        116   fpinit.o
         0          0          0          0          0          0   usenofp.o

    ----------------------------------------------------------------------
      4070        248        568          0        100      13964   Library Totals
        24          0          0          0          4          0   (incl. Padding)

    ----------------------------------------------------------------------

      Code (inc. data)   RO Data    RW Data    ZI Data      Debug   Library Name

       926         34         40          0         96       1368   c_w.l
       912         38        528          0          0      10912   driverlib.lib
      2208        176          0          0          0       1684   fz_wm.l

    ----------------------------------------------------------------------
      4070        248        568          0        100      13964   Library Totals

    ----------------------------------------------------------------------

==============================================================================


      Code (inc. data)   RO Data    RW Data    ZI Data      Debug   

     12148       2206        880        188       2404      83464   Grand Totals
     12148       2206        880        188       2404      83464   ELF Image Totals
     12148       2206        880        188          0          0   ROM Totals

==============================================================================

    Total RO  Size (Code + RO Data)                13028 (  12.72kB)
    Total RW  Size (RW Data + ZI Data)              2592 (   2.53kB)
    Total ROM Size (Code + RO Data + RW Data)      13216 (  12.91kB)

==============================================================================

