Component: ARM Compiler 5.05 update 1 (build 106) Tool: armlink [4d0efa]

==============================================================================

Section Cross References

    main.o(i.main) refers to _printf_percent.o(.ARM.Collect$$_printf_percent$$00000000) for _printf_percent
    main.o(i.main) refers to _printf_s.o(.ARM.Collect$$_printf_percent$$00000014) for _printf_s
    main.o(i.main) refers to _printf_str.o(.text) for _printf_str
    main.o(i.main) refers to sysctl.o(i.SysCtlClockSet) for SysCtlClockSet
    main.o(i.main) refers to termio.o(i.TERMIO_Init) for TERMIO_Init
    main.o(i.main) refers to noretval__2printf.o(.text) for __2printf
    main.o(i.main) refers to puts.o(.text) for puts
    main.o(i.main) refers to es_framework.o(i.ES_Initialize) for ES_Initialize
    main.o(i.main) refers to es_framework.o(i.ES_Run) for ES_Run
    eventcheckers.o(i.Check4Keystroke) refers to termio.o(i.kbhit) for kbhit
    eventcheckers.o(i.Check4Keystroke) refers to getc.o(.text) for getc
    eventcheckers.o(i.Check4Keystroke) refers to noretval__2printf.o(.text) for __2printf
    eventcheckers.o(i.Check4Keystroke) refers to mi6.o(i.PostMI6) for PostMI6
    eventcheckers.o(i.Check4Keystroke) refers to retarget.o(.data) for __stdin
    admulti.o(i.ADC_MultiInit) refers to admulti.o(.data) for .data
    admulti.o(i.ADC_MultiInit) refers to admulti.o(.constdata) for .constdata
    admulti.o(i.ADC_MultiRead) refers to admulti.o(.data) for .data
    pwm.o(i.GetLastDirection) refers to pwm.o(.data) for .data
    pwm.o(i.GetLastPWM) refers to pwm.o(.data) for .data
    pwm.o(i.InitPWM) refers to pwm.o(i.SetPWMDuty) for SetPWMDuty
    pwm.o(i.InitPWM) refers to pwm.o(i.SetPWMWidth) for SetPWMWidth
    pwm.o(i.InitPWM) refers to noretval__2printf.o(.text) for __2printf
    pwm.o(i.SetLastDirection) refers to pwm.o(.data) for .data
    pwm.o(i.SetLastPWM) refers to pwm.o(.data) for .data
    pwm.o(i.SetPWMDuty) refers to pwm.o(.data) for .data
    pwm.o(i.SetPWMWidth) refers to pwm.o(.data) for .data
    commrxsm.o(i.GetRxData) refers to commrxsm.o(.bss) for .bss
    commrxsm.o(i.InitCommRxSM) refers to es_framework.o(i.ES_PostToService) for ES_PostToService
    commrxsm.o(i.InitCommRxSM) refers to commrxsm.o(.data) for .data
    commrxsm.o(i.PostCommRxSM) refers to es_framework.o(i.ES_PostToService) for ES_PostToService
    commrxsm.o(i.PostCommRxSM) refers to commrxsm.o(.data) for .data
    commrxsm.o(i.RunCommRxSM) refers to es_timers.o(i.ES_Timer_InitTimer) for ES_Timer_InitTimer
    commrxsm.o(i.RunCommRxSM) refers to es_timers.o(i.ES_Timer_StopTimer) for ES_Timer_StopTimer
    commrxsm.o(i.RunCommRxSM) refers to mi6.o(i.PostMI6) for PostMI6
    commrxsm.o(i.RunCommRxSM) refers to commrxsm.o(.data) for .data
    commrxsm.o(i.RunCommRxSM) refers to commrxsm.o(.bss) for .bss
    mi6.o(i.BrakeInterruptResponse) refers to mi6.o(.data) for .data
    mi6.o(i.FlaskInterruptResponse) refers to mi6.o(.data) for .data
    mi6.o(i.InitGPIO) refers to noretval__2printf.o(.text) for __2printf
    mi6.o(i.InitInputCaptureWT1) refers to noretval__2printf.o(.text) for __2printf
    mi6.o(i.InitInputCaptureWT2) refers to noretval__2printf.o(.text) for __2printf
    mi6.o(i.InitInputCaptureWT3) refers to noretval__2printf.o(.text) for __2printf
    mi6.o(i.InitMI6) refers to uart.o(i.InitUART) for InitUART
    mi6.o(i.InitMI6) refers to mi6.o(i.InitInputCaptureWT1) for InitInputCaptureWT1
    mi6.o(i.InitMI6) refers to mi6.o(i.InitInputCaptureWT2) for InitInputCaptureWT2
    mi6.o(i.InitMI6) refers to mi6.o(i.InitInputCaptureWT3) for InitInputCaptureWT3
    mi6.o(i.InitMI6) refers to mi6.o(i.InitGPIO) for InitGPIO
    mi6.o(i.InitMI6) refers to admulti.o(i.ADC_MultiInit) for ADC_MultiInit
    mi6.o(i.InitMI6) refers to es_timers.o(i.ES_Timer_InitTimer) for ES_Timer_InitTimer
    mi6.o(i.InitMI6) refers to es_framework.o(i.ES_PostToService) for ES_PostToService
    mi6.o(i.InitMI6) refers to mi6.o(.data) for .data
    mi6.o(i.LoadUpControl) refers to mi6.o(i.checkSum) for checkSum
    mi6.o(i.LoadUpControl) refers to mi6.o(.bss) for .bss
    mi6.o(i.LoadUpControl) refers to mi6.o(.data) for .data
    mi6.o(i.LoadUpPairingReq) refers to mi6.o(i.checkSum) for checkSum
    mi6.o(i.LoadUpPairingReq) refers to mi6.o(.bss) for .bss
    mi6.o(i.PopInterruptResponse) refers to es_timers.o(i.ES_Timer_InitTimer) for ES_Timer_InitTimer
    mi6.o(i.PopInterruptResponse) refers to mi6.o(i.PostMI6) for PostMI6
    mi6.o(i.PopInterruptResponse) refers to mi6.o(.data) for .data
    mi6.o(i.PostMI6) refers to es_framework.o(i.ES_PostToService) for ES_PostToService
    mi6.o(i.PostMI6) refers to mi6.o(.data) for .data
    mi6.o(i.RunMI6) refers to mi6.o(i.LoadUpPairingReq) for LoadUpPairingReq
    mi6.o(i.RunMI6) refers to mi6.o(i.SendXbeeData) for SendXbeeData
    mi6.o(i.RunMI6) refers to mi6.o(i.importData) for importData
    mi6.o(i.RunMI6) refers to mi6.o(i.LoadUpControl) for LoadUpControl
[...]
    libinit.o(.ARM.Collect$$libinit$$00000000) refers (Special) to libinit2.o(.ARM.Collect$$libinit$$00000021) for __rt_lib_init_clock_1
    libinit.o(.ARM.Collect$$libinit$$00000000) refers (Special) to libinit2.o(.ARM.Collect$$libinit$$00000032) for __rt_lib_init_cpp_1
    libinit.o(.ARM.Collect$$libinit$$00000000) refers (Special) to libinit2.o(.ARM.Collect$$libinit$$00000030) for __rt_lib_init_exceptions_1
    libinit.o(.ARM.Collect$$libinit$$00000000) refers (Special) to libinit2.o(.ARM.Collect$$libinit$$00000001) for __rt_lib_init_fp_1
    libinit.o(.ARM.Collect$$libinit$$00000000) refers (Special) to libinit2.o(.ARM.Collect$$libinit$$0000001F) for __rt_lib_init_fp_trap_1
    libinit.o(.ARM.Collect$$libinit$$00000000) refers (Special) to libinit2.o(.ARM.Collect$$libinit$$00000023) for __rt_lib_init_getenv_1
    libinit.o(.ARM.Collect$$libinit$$00000000) refers (Special) to libinit2.o(.ARM.Collect$$libinit$$0000000A) for __rt_lib_init_heap_1
    libinit.o(.ARM.Collect$$libinit$$00000000) refers (Special) to libinit2.o(.ARM.Collect$$libinit$$00000011) for __rt_lib_init_lc_collate_1
    libinit.o(.ARM.Collect$$libinit$$00000000) refers (Special) to libinit2.o(.ARM.Collect$$libinit$$00000013) for __rt_lib_init_lc_ctype_1
    libinit.o(.ARM.Collect$$libinit$$00000000) refers (Special) to libinit2.o(.ARM.Collect$$libinit$$00000015) for __rt_lib_init_lc_monetary_1
    libinit.o(.ARM.Collect$$libinit$$00000000) refers (Special) to libinit2.o(.ARM.Collect$$libinit$$00000017) for __rt_lib_init_lc_numeric_1
    libinit.o(.ARM.Collect$$libinit$$00000000) refers (Special) to libinit2.o(.ARM.Collect$$libinit$$00000019) for __rt_lib_init_lc_time_1
    libinit.o(.ARM.Collect$$libinit$$00000000) refers (Special) to libinit2.o(.ARM.Collect$$libinit$$00000004) for __rt_lib_init_preinit_1
    libinit.o(.ARM.Collect$$libinit$$00000000) refers (Special) to libinit2.o(.ARM.Collect$$libinit$$0000000E) for __rt_lib_init_rand_1
    libinit.o(.ARM.Collect$$libinit$$00000000) refers (Special) to libinit2.o(.ARM.Collect$$libinit$$00000033) for __rt_lib_init_return
    libinit.o(.ARM.Collect$$libinit$$00000000) refers (Special) to libinit2.o(.ARM.Collect$$libinit$$0000001D) for __rt_lib_init_signal_1
    libinit.o(.ARM.Collect$$libinit$$00000000) refers (Special) to libinit2.o(.ARM.Collect$$libinit$$00000025) for __rt_lib_init_stdio_1
    libinit.o(.ARM.Collect$$libinit$$00000000) refers (Special) to libinit2.o(.ARM.Collect$$libinit$$0000000C) for __rt_lib_init_user_alloc_1
    libspace.o(.text) refers to libspace.o(.bss) for __libspace_start
    rtexit.o(.ARM.Collect$$rtexit$$00000000) refers (Special) to rtexit2.o(.ARM.Collect$$rtexit$$00000004) for __rt_exit_exit
    rtexit.o(.ARM.Collect$$rtexit$$00000000) refers (Special) to rtexit2.o(.ARM.Collect$$rtexit$$00000003) for __rt_exit_ls
    rtexit.o(.ARM.Collect$$rtexit$$00000000) refers (Special) to rtexit2.o(.ARM.Collect$$rtexit$$00000002) for __rt_exit_prels_1
    rtexit.o(.ARM.exidx) refers (Special) to rtexit2.o(.ARM.Collect$$rtexit$$00000004) for __rt_exit_exit
    rtexit.o(.ARM.exidx) refers (Special) to rtexit2.o(.ARM.Collect$$rtexit$$00000003) for __rt_exit_ls
    rtexit.o(.ARM.exidx) refers (Special) to rtexit2.o(.ARM.Collect$$rtexit$$00000002) for __rt_exit_prels_1
    rtexit.o(.ARM.exidx) refers to rtexit.o(.ARM.Collect$$rtexit$$00000000) for .ARM.Collect$$rtexit$$00000000
    libinit2.o(.ARM.Collect$$libinit$$00000001) refers to fpinit.o(x$fpl$fpinit) for _fp_init
    libinit2.o(.ARM.Collect$$libinit$$00000010) refers to libinit2.o(.ARM.Collect$$libinit$$0000000F) for .ARM.Collect$$libinit$$0000000F
    libinit2.o(.ARM.Collect$$libinit$$00000012) refers to libinit2.o(.ARM.Collect$$libinit$$0000000F) for .ARM.Collect$$libinit$$0000000F
    libinit2.o(.ARM.Collect$$libinit$$00000014) refers to libinit2.o(.ARM.Collect$$libinit$$0000000F) for .ARM.Collect$$libinit$$0000000F
    libinit2.o(.ARM.Collect$$libinit$$00000016) refers to libinit2.o(.ARM.Collect$$libinit$$0000000F) for .ARM.Collect$$libinit$$0000000F
    libinit2.o(.ARM.Collect$$libinit$$00000018) refers to libinit2.o(.ARM.Collect$$libinit$$0000000F) for .ARM.Collect$$libinit$$0000000F
    libinit2.o(.ARM.Collect$$libinit$$00000026) refers to argv_veneer.o(.emb_text) for __ARM_argv_veneer
    libinit2.o(.ARM.Collect$$libinit$$00000027) refers to argv_veneer.o(.emb_text) for __ARM_argv_veneer
    rtexit2.o(.ARM.Collect$$rtexit$$00000003) refers to libshutdown.o(.ARM.Collect$$libshutdown$$00000000) for __rt_lib_shutdown
    rtexit2.o(.ARM.Collect$$rtexit$$00000004) refers to retarget.o(i._sys_exit) for _sys_exit
    rtexit2.o(.ARM.exidx) refers to rtexit2.o(.ARM.Collect$$rtexit$$00000001) for .ARM.Collect$$rtexit$$00000001
    rtexit2.o(.ARM.exidx) refers to rtexit2.o(.ARM.Collect$$rtexit$$00000003) for .ARM.Collect$$rtexit$$00000003
    rtexit2.o(.ARM.exidx) refers to rtexit2.o(.ARM.Collect$$rtexit$$00000004) for .ARM.Collect$$rtexit$$00000004
    argv_veneer.o(.emb_text) refers to no_argv.o(.text) for __ARM_get_argv
    _get_argv_nomalloc.o(.text) refers (Special) to hrguard.o(.text) for __heap_region$guard
    _get_argv_nomalloc.o(.text) refers to defsig_rtmem_outer.o(.text) for __rt_SIGRTMEM
    _get_argv_nomalloc.o(.text) refers to sys_command.o(.text) for _sys_command_string
    libshutdown.o(.ARM.Collect$$libshutdown$$00000000) refers (Special) to libshutdown2.o(.ARM.Collect$$libshutdown$$00000006) for __rt_lib_shutdown_fp_trap_1
    libshutdown.o(.ARM.Collect$$libshutdown$$00000000) refers (Special) to libshutdown2.o(.ARM.Collect$$libshutdown$$0000000E) for __rt_lib_shutdown_heap_1
    libshutdown.o(.ARM.Collect$$libshutdown$$00000000) refers (Special) to libshutdown2.o(.ARM.Collect$$libshutdown$$0000000F) for __rt_lib_shutdown_return
    libshutdown.o(.ARM.Collect$$libshutdown$$00000000) refers (Special) to libshutdown2.o(.ARM.Collect$$libshutdown$$00000009) for __rt_lib_shutdown_signal_1
    libshutdown.o(.ARM.Collect$$libshutdown$$00000000) refers (Special) to libshutdown2.o(.ARM.Collect$$libshutdown$$00000003) for __rt_lib_shutdown_stdio_1
    libshutdown.o(.ARM.Collect$$libshutdown$$00000000) refers (Special) to libshutdown2.o(.ARM.Collect$$libshutdown$$0000000B) for __rt_lib_shutdown_user_alloc_1
    sys_command.o(.text) refers (Special) to use_no_semi.o(.text) for __I$use$semihosting
    sys_command.o(.text) refers (Special) to indicate_semi.o(.text) for __semihosting_library_function
    defsig_rtmem_outer.o(.text) refers to defsig_rtmem_inner.o(.text) for __rt_SIGRTMEM_inner
    defsig_rtmem_outer.o(.text) refers to defsig_exit.o(.text) for __sig_exit
    defsig_rtmem_formal.o(.text) refers to rt_raise.o(.text) for __rt_raise
    rt_raise.o(.text) refers to __raise.o(.text) for __raise
    rt_raise.o(.text) refers to retarget.o(i._sys_exit) for _sys_exit
    defsig_exit.o(.text) refers to retarget.o(i._sys_exit) for _sys_exit
    defsig_rtmem_inner.o(.text) refers to defsig_general.o(.text) for __default_signal_display
    __raise.o(.text) refers to defsig.o(CL$$defsig) for __default_signal_handler
    defsig_general.o(.text) refers to retarget.o(i._ttywrch) for _ttywrch
    defsig.o(CL$$defsig) refers to defsig_rtmem_inner.o(.text) for __rt_SIGRTMEM_inner
    defsig_abrt_inner.o(.text) refers to defsig_general.o(.text) for __default_signal_display
    defsig_fpe_inner.o(.text) refers to defsig_general.o(.text) for __default_signal_display
    defsig_rtred_inner.o(.text) refers to defsig_general.o(.text) for __default_signal_display
    defsig_stak_inner.o(.text) refers to defsig_general.o(.text) for __default_signal_display
    defsig_pvfn_inner.o(.text) refers to defsig_general.o(.text) for __default_signal_display
    defsig_cppl_inner.o(.text) refers to defsig_general.o(.text) for __default_signal_display
    defsig_segv_inner.o(.text) refers to defsig_general.o(.text) for __default_signal_display
    defsig_other.o(.text) refers to defsig_general.o(.text) for __default_signal_display


==============================================================================

Removing Unused input sections from the image.

    Removing pwm.o(i.GetLastDirection), (24 bytes).
    Removing pwm.o(i.GetLastPWM), (24 bytes).
    Removing pwm.o(i.InitPWM), (316 bytes).
    Removing pwm.o(i.SetLastDirection), (28 bytes).
    Removing pwm.o(i.SetLastPWM), (20 bytes).
    Removing pwm.o(i.SetPWMDuty), (216 bytes).
    Removing pwm.o(i.SetPWMWidth), (208 bytes).
    Removing pwm.o(.data), (6 bytes).
    Removing es_deferrecall.o(i.ES_RecallEvents), (44 bytes).
    Removing es_framework.o(i.ES_PostAll), (72 bytes).
    Removing es_framework.o(i.ES_PostToServiceLIFO), (56 bytes).
    Removing es_port.o(i.ConsoleInit), (80 bytes).
    Removing es_port.o(i._HW_GetTickCount), (12 bytes).
    Removing es_postlist.o(i.ES_PostList00), (48 bytes).
    Removing es_postlist.o(.constdata), (4 bytes).
    Removing es_queue.o(i.ES_EnQueueLIFO), (72 bytes).
    Removing es_queue.o(i.ES_IsQueueEmpty), (12 bytes).
    Removing es_timers.o(i.ES_Timer_GetTime), (4 bytes).
    Removing es_timers.o(i.ES_Timer_SetTimer), (40 bytes).
    Removing es_timers.o(i.ES_Timer_StartTimer), (48 bytes).
    Removing retarget.o(i._ttywrch), (6 bytes).
    Removing uartstdio.o(i.UARTgets), (132 bytes).
    Removing uartstdio.o(i.UARTprintf), (18 bytes).
    Removing uartstdio.o(i.UARTvprintf), (436 bytes).
    Removing uartstdio.o(i.UARTwrite), (60 bytes).
    Removing gpio.o(i.GPIOADCTriggerDisable), (14 bytes).
    Removing gpio.o(i.GPIOADCTriggerEnable), (14 bytes).
    Removing gpio.o(i.GPIODMATriggerDisable), (14 bytes).
    Removing gpio.o(i.GPIODMATriggerEnable), (14 bytes).
    Removing gpio.o(i.GPIODirModeGet), (34 bytes).
    Removing gpio.o(i.GPIOIntClear), (6 bytes).
    Removing gpio.o(i.GPIOIntDisable), (14 bytes).
    Removing gpio.o(i.GPIOIntEnable), (14 bytes).
    Removing gpio.o(i.GPIOIntRegister), (88 bytes).
    Removing gpio.o(i.GPIOIntStatus), (14 bytes).
    Removing gpio.o(i.GPIOIntTypeGet), (68 bytes).
    Removing gpio.o(i.GPIOIntTypeSet), (80 bytes).
    Removing gpio.o(i.GPIOIntUnregister), (88 bytes).
    Removing gpio.o(i.GPIOPadConfigGet), (204 bytes).
    Removing gpio.o(i.GPIOPinRead), (6 bytes).
    Removing gpio.o(i.GPIOPinTypeADC), (28 bytes).
    Removing gpio.o(i.GPIOPinTypeCAN), (28 bytes).
    Removing gpio.o(i.GPIOPinTypeCIR), (28 bytes).
    Removing gpio.o(i.GPIOPinTypeComparator), (28 bytes).
    Removing gpio.o(i.GPIOPinTypeEPI), (28 bytes).
    Removing gpio.o(i.GPIOPinTypeEthernetLED), (28 bytes).
    Removing gpio.o(i.GPIOPinTypeEthernetMII), (28 bytes).
    Removing gpio.o(i.GPIOPinTypeGPIOInput), (28 bytes).
    Removing gpio.o(i.GPIOPinTypeGPIOOutput), (28 bytes).
    Removing gpio.o(i.GPIOPinTypeGPIOOutputOD), (28 bytes).
    Removing gpio.o(i.GPIOPinTypeI2C), (28 bytes).
    Removing gpio.o(i.GPIOPinTypeI2CSCL), (28 bytes).
    Removing gpio.o(i.GPIOPinTypeKBColumn), (28 bytes).
    Removing gpio.o(i.GPIOPinTypeKBRow), (28 bytes).
    Removing gpio.o(i.GPIOPinTypeLCD), (28 bytes).
    Removing gpio.o(i.GPIOPinTypeLEDSeq), (28 bytes).
    Removing gpio.o(i.GPIOPinTypeLPC), (28 bytes).
    Removing gpio.o(i.GPIOPinTypePECIRx), (28 bytes).
    Removing gpio.o(i.GPIOPinTypePECITx), (28 bytes).
    Removing gpio.o(i.GPIOPinTypePWM), (28 bytes).
    Removing gpio.o(i.GPIOPinTypeQEI), (28 bytes).
    Removing gpio.o(i.GPIOPinTypeSSI), (28 bytes).
    Removing gpio.o(i.GPIOPinTypeTimer), (28 bytes).
    Removing gpio.o(i.GPIOPinTypeUSBAnalog), (28 bytes).
    Removing gpio.o(i.GPIOPinTypeUSBDigital), (28 bytes).
    Removing gpio.o(i.GPIOPinTypeWakeHigh), (30 bytes).
    Removing gpio.o(i.GPIOPinTypeWakeLow), (30 bytes).
    Removing gpio.o(i.GPIOPinWakeStatus), (6 bytes).
    Removing gpio.o(i.GPIOPinWrite), (6 bytes).
    Removing interrupt.o(i.IntDisable), (100 bytes).
    Removing interrupt.o(i.IntEnable), (100 bytes).
    Removing interrupt.o(i.IntIsEnabled), (96 bytes).
    Removing interrupt.o(i.IntMasterDisable), (14 bytes).
    Removing interrupt.o(i.IntPendClear), (68 bytes).
    Removing interrupt.o(i.IntPendSet), (84 bytes).
    Removing interrupt.o(i.IntPriorityGet), (28 bytes).
    Removing interrupt.o(i.IntPriorityGroupingGet), (36 bytes).
    Removing interrupt.o(i.IntPriorityGroupingSet), (28 bytes).
    Removing interrupt.o(i.IntPriorityMaskGet), (4 bytes).
    Removing interrupt.o(i.IntPriorityMaskSet), (4 bytes).
    Removing interrupt.o(i.IntPrioritySet), (40 bytes).
    Removing interrupt.o(i.IntRegister), (52 bytes).
    Removing interrupt.o(i.IntTrigger), (12 bytes).
    Removing interrupt.o(i.IntUnregister), (20 bytes).
    Removing interrupt.o(i._IntDefaultHandler), (2 bytes).
    Removing interrupt.o(.constdata), (268 bytes).
    Removing interrupt.o(vtable), (620 bytes).
    Removing sysctl.o(i.SysCtlAltClkConfig), (12 bytes).
    Removing sysctl.o(i.SysCtlClockFreqSet), (712 bytes).
    Removing sysctl.o(i.SysCtlClockGet), (356 bytes).
    Removing sysctl.o(i.SysCtlClockOutConfig), (16 bytes).
    Removing sysctl.o(i.SysCtlDeepSleep), (32 bytes).
    Removing sysctl.o(i.SysCtlDeepSleepClockConfigSet), (112 bytes).
    Removing sysctl.o(i.SysCtlDeepSleepClockSet), (12 bytes).
    Removing sysctl.o(i.SysCtlDeepSleepPowerSet), (12 bytes).
    Removing sysctl.o(i.SysCtlFlashSectorSizeGet), (56 bytes).
    Removing sysctl.o(i.SysCtlFlashSizeGet), (56 bytes).
    Removing sysctl.o(i.SysCtlGPIOAHBDisable), (28 bytes).
    Removing sysctl.o(i.SysCtlGPIOAHBEnable), (24 bytes).
    Removing sysctl.o(i.SysCtlIntClear), (12 bytes).
    Removing sysctl.o(i.SysCtlIntDisable), (16 bytes).
    Removing sysctl.o(i.SysCtlIntEnable), (16 bytes).
    Removing sysctl.o(i.SysCtlIntRegister), (20 bytes).
    Removing sysctl.o(i.SysCtlIntStatus), (16 bytes).
    Removing sysctl.o(i.SysCtlIntUnregister), (18 bytes).
    Removing sysctl.o(i.SysCtlLDODeepSleepGet), (12 bytes).
    Removing sysctl.o(i.SysCtlLDODeepSleepSet), (12 bytes).
    Removing sysctl.o(i.SysCtlLDOSleepGet), (12 bytes).
    Removing sysctl.o(i.SysCtlLDOSleepSet), (12 bytes).
    Removing sysctl.o(i.SysCtlMOSCConfigSet), (12 bytes).
    Removing sysctl.o(i.SysCtlNMIClear), (16 bytes).
    Removing sysctl.o(i.SysCtlNMIStatus), (12 bytes).
    Removing sysctl.o(i.SysCtlPIOSCCalibrate), (76 bytes).
    Removing sysctl.o(i.SysCtlPWMClockGet), (24 bytes).
    Removing sysctl.o(i.SysCtlPWMClockSet), (20 bytes).
    Removing sysctl.o(i.SysCtlPeripheralClockGating), (68 bytes).
    Removing sysctl.o(i.SysCtlPeripheralDeepSleepDisable), (40 bytes).
    Removing sysctl.o(i.SysCtlPeripheralDeepSleepEnable), (40 bytes).
    Removing sysctl.o(i.SysCtlPeripheralDisable), (40 bytes).
    Removing sysctl.o(i.SysCtlPeripheralPowerOff), (40 bytes).
    Removing sysctl.o(i.SysCtlPeripheralPowerOn), (40 bytes).
    Removing sysctl.o(i.SysCtlPeripheralPresent), (44 bytes).
    Removing sysctl.o(i.SysCtlPeripheralReady), (44 bytes).
    Removing sysctl.o(i.SysCtlPeripheralReset), (60 bytes).
    Removing sysctl.o(i.SysCtlPeripheralSleepDisable), (40 bytes).
    Removing sysctl.o(i.SysCtlPeripheralSleepEnable), (40 bytes).
    Removing sysctl.o(i.SysCtlReset), (16 bytes).
    Removing sysctl.o(i.SysCtlResetBehaviorGet), (12 bytes).
    Removing sysctl.o(i.SysCtlResetBehaviorSet), (12 bytes).
    Removing sysctl.o(i.SysCtlResetCauseClear), (16 bytes).
    Removing sysctl.o(i.SysCtlResetCauseGet), (12 bytes).
    Removing sysctl.o(i.SysCtlSRAMSizeGet), (16 bytes).
    Removing sysctl.o(i.SysCtlSleep), (4 bytes).
    Removing sysctl.o(i.SysCtlSleepPowerSet), (12 bytes).
    Removing sysctl.o(i.SysCtlUSBPLLDisable), (16 bytes).
    Removing sysctl.o(i.SysCtlUSBPLLEnable), (16 bytes).
    Removing sysctl.o(i.SysCtlVoltageEventClear), (16 bytes).
    Removing sysctl.o(i.SysCtlVoltageEventConfig), (12 bytes).
    Removing sysctl.o(i.SysCtlVoltageEventStatus), (12 bytes).
    Removing sysctl.o(.constdata), (452 bytes).
    Removing systick.o(i.SysTickDisable), (14 bytes).
    Removing systick.o(i.SysTickIntDisable), (14 bytes).
    Removing systick.o(i.SysTickIntRegister), (24 bytes).
    Removing systick.o(i.SysTickIntUnregister), (18 bytes).
    Removing systick.o(i.SysTickPeriodGet), (10 bytes).
    Removing systick.o(i.SysTickValueGet), (8 bytes).
    Removing uart.o(i.UART9BitAddrSend), (38 bytes).
    Removing uart.o(i.UART9BitAddrSet), (10 bytes).
    Removing uart.o(i.UART9BitDisable), (14 bytes).
    Removing uart.o(i.UART9BitEnable), (14 bytes).
    Removing uart.o(i.UARTBreakCtl), (18 bytes).
    Removing uart.o(i.UARTBusy), (8 bytes).
    Removing uart.o(i.UARTCharGet), (12 bytes).
    Removing uart.o(i.UARTCharGetNonBlocking), (16 bytes).
    Removing uart.o(i.UARTCharPutNonBlocking), (16 bytes).
    Removing uart.o(i.UARTCharsAvail), (10 bytes).
    Removing uart.o(i.UARTClockSourceGet), (6 bytes).
    Removing uart.o(i.UARTConfigGetExpClk), (46 bytes).
    Removing uart.o(i.UARTConfigSetExpClk), (110 bytes).
    Removing uart.o(i.UARTDMADisable), (10 bytes).
    Removing uart.o(i.UARTDMAEnable), (8 bytes).
    Removing uart.o(i.UARTDisable), (30 bytes).
    Removing uart.o(i.UARTDisableSIR), (10 bytes).
    Removing uart.o(i.UARTEnable), (20 bytes).
    Removing uart.o(i.UARTEnableSIR), (18 bytes).
    Removing uart.o(i.UARTFIFODisable), (10 bytes).
    Removing uart.o(i.UARTFIFOEnable), (10 bytes).
    Removing uart.o(i.UARTFIFOLevelGet), (16 bytes).
    Removing uart.o(i.UARTFIFOLevelSet), (6 bytes).
    Removing uart.o(i.UARTFlowControlGet), (8 bytes).
    Removing uart.o(i.UARTFlowControlSet), (12 bytes).
    Removing uart.o(i.UARTIntClear), (4 bytes).
    Removing uart.o(i.UARTIntDisable), (10 bytes).
    Removing uart.o(i.UARTIntEnable), (8 bytes).
    Removing uart.o(i.UARTIntRegister), (88 bytes).
    Removing uart.o(i.UARTIntStatus), (10 bytes).
    Removing uart.o(i.UARTIntUnregister), (88 bytes).
    Removing uart.o(i.UARTModemControlClear), (14 bytes).
    Removing uart.o(i.UARTModemControlGet), (8 bytes).
    Removing uart.o(i.UARTModemControlSet), (12 bytes).
    Removing uart.o(i.UARTModemStatusGet), (10 bytes).
    Removing uart.o(i.UARTParityModeGet), (8 bytes).
    Removing uart.o(i.UARTParityModeSet), (12 bytes).
    Removing uart.o(i.UARTRxErrorClear), (6 bytes).
    Removing uart.o(i.UARTRxErrorGet), (8 bytes).
    Removing uart.o(i.UARTSmartCardDisable), (10 bytes).
    Removing uart.o(i.UARTSmartCardEnable), (22 bytes).
    Removing uart.o(i.UARTSpaceAvail), (10 bytes).
    Removing uart.o(i.UARTTxIntModeGet), (8 bytes).
    Removing uart.o(i.UARTTxIntModeSet), (12 bytes).
    Removing uart.o(.constdata), (128 bytes).

191 unused section(s) (total 8900 bytes) removed from the image.

==============================================================================

Image Symbol Table

    Local Symbols

    Symbol Name                              Value     Ov Type        Size  Object(Section)

    RESET                                    0x00000000   Section      648  startup_rvmdk.o(RESET)
    ../clib/angel/boardlib.s                 0x00000000   Number         0  boardshut.o ABSOLUTE
    ../clib/angel/boardlib.s                 0x00000000   Number         0  boardinit3.o ABSOLUTE
    ../clib/angel/boardlib.s                 0x00000000   Number         0  boardinit2.o ABSOLUTE
    ../clib/angel/boardlib.s                 0x00000000   Number         0  boardinit1.o ABSOLUTE
    ../clib/angel/handlers.s                 0x00000000   Number         0  __scatter_zi.o ABSOLUTE
    ../clib/angel/handlers.s                 0x00000000   Number         0  __scatter_copy.o ABSOLUTE
    ../clib/angel/kernel.s                   0x00000000   Number         0  rtexit2.o ABSOLUTE
    ../clib/angel/kernel.s                   0x00000000   Number         0  rtexit.o ABSOLUTE
    ../clib/angel/kernel.s                   0x00000000   Number         0  __rtentry4.o ABSOLUTE
    ../clib/angel/kernel.s                   0x00000000   Number         0  __rtentry2.o ABSOLUTE
    ../clib/angel/kernel.s                   0x00000000   Number         0  __rtentry.o ABSOLUTE
    ../clib/angel/rt.s                       0x00000000   Number         0  rt_raise.o ABSOLUTE
    ../clib/angel/scatter.s                  0x00000000   Number         0  __scatter.o ABSOLUTE
    ../clib/angel/startup.s                  0x00000000   Number         0  __main.o ABSOLUTE
    ../clib/angel/sys.s                      0x00000000   Number         0  use_no_semi.o ABSOLUTE
    ../clib/angel/sys.s                      0x00000000   Number         0  libspace.o ABSOLUTE
    ../clib/angel/sys.s                      0x00000000   Number         0  indicate_semi.o ABSOLUTE
    ../clib/angel/sys.s                      0x00000000   Number         0  sys_stackheap_outer.o ABSOLUTE
    ../clib/angel/sysapp.c                   0x00000000   Number         0  sys_command.o ABSOLUTE
    ../clib/armsys.c                         0x00000000   Number         0  _get_argv_nomalloc.o ABSOLUTE
    ../clib/armsys.c                         0x00000000   Number         0  no_argv.o ABSOLUTE
    ../clib/armsys.c                         0x00000000   Number         0  argv_veneer.o ABSOLUTE
    ../clib/armsys.c                         0x00000000   Number         0  argv_veneer.o ABSOLUTE
    ../clib/heapalloc.c                      0x00000000   Number         0  hrguard.o ABSOLUTE
    ../clib/heapaux.c                        0x00000000   Number         0  heapauxi.o ABSOLUTE
    ../clib/libinit.s                        0x00000000   Number         0  libinit2.o ABSOLUTE
    ../clib/libinit.s                        0x00000000   Number         0  libshutdown2.o ABSOLUTE
    ../clib/libinit.s                        0x00000000   Number         0  libshutdown.o ABSOLUTE
    ../clib/libinit.s                        0x00000000   Number         0  libinit.o ABSOLUTE
    ../clib/printf.c                         0x00000000   Number         0  __printf_flags.o ABSOLUTE
    ../clib/printf.c                         0x00000000   Number         0  _printf_str.o ABSOLUTE
    ../clib/printf.c                         0x00000000   Number         0  __printf_flags_ss_wp.o ABSOLUTE
    ../clib/printf.c                         0x00000000   Number         0  noretval__2printf.o ABSOLUTE
    ../clib/printf.c                         0x00000000   Number         0  __2printf.o ABSOLUTE
    ../clib/printf.c                         0x00000000   Number         0  __printf_nopercent.o ABSOLUTE
    ../clib/printf.c                         0x00000000   Number         0  __printf_flags_ss.o ABSOLUTE
    ../clib/printf.c                         0x00000000   Number         0  _printf_char_common.o ABSOLUTE
    ../clib/printf.c                         0x00000000   Number         0  __printf.o ABSOLUTE
    ../clib/printf.c                         0x00000000   Number         0  __printf_ss_wp.o ABSOLUTE
    ../clib/printf.c                         0x00000000   Number         0  _printf_char_file.o ABSOLUTE
    ../clib/printf.c                         0x00000000   Number         0  _printf_char.o ABSOLUTE
    ../clib/printf.c                         0x00000000   Number         0  __printf_flags_wp.o ABSOLUTE
    ../clib/printf.c                         0x00000000   Number         0  __printf_wp.o ABSOLUTE
    ../clib/printf.c                         0x00000000   Number         0  __printf_ss.o ABSOLUTE
    ../clib/printf_percent.s                 0x00000000   Number         0  _printf_percent.o ABSOLUTE
    ../clib/printf_percent.s                 0x00000000   Number         0  _printf_s.o ABSOLUTE
    ../clib/printf_percent.s                 0x00000000   Number         0  _printf_percent_end.o ABSOLUTE
    ../clib/signal.c                         0x00000000   Number         0  defsig_abrt_inner.o ABSOLUTE
    ../clib/signal.c                         0x00000000   Number         0  defsig_general.o ABSOLUTE
    ../clib/signal.c                         0x00000000   Number         0  __raise.o ABSOLUTE
    ../clib/signal.c                         0x00000000   Number         0  defsig_rtmem_inner.o ABSOLUTE
    ../clib/signal.c                         0x00000000   Number         0  defsig_exit.o ABSOLUTE
    ../clib/signal.c                         0x00000000   Number         0  defsig_rtmem_formal.o ABSOLUTE
    ../clib/signal.c                         0x00000000   Number         0  defsig_other.o ABSOLUTE
    ../clib/signal.c                         0x00000000   Number         0  defsig_rtmem_outer.o ABSOLUTE
    ../clib/signal.c                         0x00000000   Number         0  defsig_segv_inner.o ABSOLUTE
    ../clib/signal.c                         0x00000000   Number         0  defsig_cppl_inner.o ABSOLUTE
    ../clib/signal.c                         0x00000000   Number         0  defsig_pvfn_inner.o ABSOLUTE
    ../clib/signal.c                         0x00000000   Number         0  defsig_stak_inner.o ABSOLUTE
    ../clib/signal.c                         0x00000000   Number         0  defsig_rtred_inner.o ABSOLUTE
    ../clib/signal.c                         0x00000000   Number         0  defsig_fpe_inner.o ABSOLUTE
    ../clib/signal.s                         0x00000000   Number         0  defsig.o ABSOLUTE
    ../clib/stdio.c                          0x00000000   Number         0  puts.o ABSOLUTE
    ../clib/stdio.c                          0x00000000   Number         0  getc.o ABSOLUTE
    ../clib/stdlib.c                         0x00000000   Number         0  exit.o ABSOLUTE
    ../fplib/fpinit.s                        0x00000000   Number         0  fpinit.o ABSOLUTE
    Source\ADMulti.c                         0x00000000   Number         0  admulti.o ABSOLUTE
    Source\CommRxSM.c                        0x00000000   Number         0  commrxsm.o ABSOLUTE
    Source\ES_CheckEvents.c                  0x00000000   Number         0  es_checkevents.o ABSOLUTE
    Source\ES_DeferRecall.c                  0x00000000   Number         0  es_deferrecall.o ABSOLUTE
    Source\ES_Framework.c                    0x00000000   Number         0  es_framework.o ABSOLUTE
    Source\ES_LookupTables.c                 0x00000000   Number         0  es_lookuptables.o ABSOLUTE
    Source\ES_Port.c                         0x00000000   Number         0  es_port.o ABSOLUTE
    Source\ES_PostList.c                     0x00000000   Number         0  es_postlist.o ABSOLUTE
    Source\ES_Queue.c                        0x00000000   Number         0  es_queue.o ABSOLUTE
    Source\ES_Timers.c                       0x00000000   Number         0  es_timers.o ABSOLUTE
    Source\EventCheckers.c                   0x00000000   Number         0  eventcheckers.o ABSOLUTE
    Source\MI6.c                             0x00000000   Number         0  mi6.o ABSOLUTE
    Source\PWM.c                             0x00000000   Number         0  pwm.o ABSOLUTE
    Source\UART.c                            0x00000000   Number         0  uart.o ABSOLUTE
    Source\main.c                            0x00000000   Number         0  main.o ABSOLUTE
    Source\retarget.c                        0x00000000   Number         0  retarget.o ABSOLUTE
    Source\termio.c                          0x00000000   Number         0  termio.o ABSOLUTE
    Source\uartstdio.c                       0x00000000   Number         0  uartstdio.o ABSOLUTE
    StartUp\startup_rvmdk.S                  0x00000000   Number         0  startup_rvmdk.o ABSOLUTE
    cpu.c                                    0x00000000   Number         0  cpu.o ABSOLUTE
    cpu.c                                    0x00000000   Number         0  cpu.o ABSOLUTE
    dc.s                                     0x00000000   Number         0  dc.o ABSOLUTE
    gpio.c                                   0x00000000   Number         0  gpio.o ABSOLUTE
    interrupt.c                              0x00000000   Number         0  interrupt.o ABSOLUTE
    sysctl.c                                 0x00000000   Number         0  sysctl.o ABSOLUTE
    sysctl.c                                 0x00000000   Number         0  sysctl.o ABSOLUTE
    systick.c                                0x00000000   Number         0  systick.o ABSOLUTE
    uart.c                                   0x00000000   Number         0  uart.o ABSOLUTE
    $v0                                      0x0000026c   Number         0  startup_rvmdk.o(RESET)
    NmiSR                                    0x00000281   Thumb Code     0  startup_rvmdk.o(RESET)
    FaultISR                                 0x00000283   Thumb Code     0  startup_rvmdk.o(RESET)
    IntDefaultHandler                        0x00000285   Thumb Code     0  startup_rvmdk.o(RESET)
    !!!main                                  0x00000288   Section        8  __main.o(!!!main)
    !!!scatter                               0x00000290   Section       52  __scatter.o(!!!scatter)
    !!handler_copy                           0x000002c4   Section       26  __scatter_copy.o(!!handler_copy)
    !!handler_zi                             0x000002e0   Section       28  __scatter_zi.o(!!handler_zi)
    .ARM.Collect$$_printf_percent$$00000000  0x000002fc   Section        0  _printf_percent.o(.ARM.Collect$$_printf_percent$$00000000)
    .ARM.Collect$$_printf_percent$$00000014  0x000002fc   Section        6  _printf_s.o(.ARM.Collect$$_printf_percent$$00000014)
    .ARM.Collect$$_printf_percent$$00000017  0x00000302   Section        4  _printf_percent_end.o(.ARM.Collect$$_printf_percent$$00000017)
    .ARM.Collect$$libinit$$00000000          0x00000306   Section        2  libinit.o(.ARM.Collect$$libinit$$00000000)
    .ARM.Collect$$libinit$$00000001          0x00000308   Section        4  libinit2.o(.ARM.Collect$$libinit$$00000001)
    .ARM.Collect$$libinit$$00000004          0x0000030c   Section        0  libinit2.o(.ARM.Collect$$libinit$$00000004)
    .ARM.Collect$$libinit$$0000000A          0x0000030c   Section        0  libinit2.o(.ARM.Collect$$libinit$$0000000A)
    .ARM.Collect$$libinit$$0000000C          0x0000030c   Section        0  libinit2.o(.ARM.Collect$$libinit$$0000000C)
    .ARM.Collect$$libinit$$0000000E          0x0000030c   Section        0  libinit2.o(.ARM.Collect$$libinit$$0000000E)
    .ARM.Collect$$libinit$$00000011          0x0000030c   Section        0  libinit2.o(.ARM.Collect$$libinit$$00000011)
    .ARM.Collect$$libinit$$00000013          0x0000030c   Section        0  libinit2.o(.ARM.Collect$$libinit$$00000013)
    .ARM.Collect$$libinit$$00000015          0x0000030c   Section        0  libinit2.o(.ARM.Collect$$libinit$$00000015)
    .ARM.Collect$$libinit$$00000017          0x0000030c   Section        0  libinit2.o(.ARM.Collect$$libinit$$00000017)
    .ARM.Collect$$libinit$$00000019          0x0000030c   Section        0  libinit2.o(.ARM.Collect$$libinit$$00000019)
    .ARM.Collect$$libinit$$0000001B          0x0000030c   Section        0  libinit2.o(.ARM.Collect$$libinit$$0000001B)
    .ARM.Collect$$libinit$$0000001D          0x0000030c   Section        0  libinit2.o(.ARM.Collect$$libinit$$0000001D)
    .ARM.Collect$$libinit$$0000001F          0x0000030c   Section        0  libinit2.o(.ARM.Collect$$libinit$$0000001F)
    .ARM.Collect$$libinit$$00000021          0x0000030c   Section        0  libinit2.o(.ARM.Collect$$libinit$$00000021)
    .ARM.Collect$$libinit$$00000023          0x0000030c   Section        0  libinit2.o(.ARM.Collect$$libinit$$00000023)
    .ARM.Collect$$libinit$$00000025          0x0000030c   Section        0  libinit2.o(.ARM.Collect$$libinit$$00000025)
    .ARM.Collect$$libinit$$0000002C          0x0000030c   Section        0  libinit2.o(.ARM.Collect$$libinit$$0000002C)
    .ARM.Collect$$libinit$$0000002E          0x0000030c   Section        0  libinit2.o(.ARM.Collect$$libinit$$0000002E)
    .ARM.Collect$$libinit$$00000030          0x0000030c   Section        0  libinit2.o(.ARM.Collect$$libinit$$00000030)
    .ARM.Collect$$libinit$$00000032          0x0000030c   Section        0  libinit2.o(.ARM.Collect$$libinit$$00000032)
    .ARM.Collect$$libinit$$00000033          0x0000030c   Section        2  libinit2.o(.ARM.Collect$$libinit$$00000033)
    .ARM.Collect$$libshutdown$$00000000      0x0000030e   Section        2  libshutdown.o(.ARM.Collect$$libshutdown$$00000000)
    .ARM.Collect$$libshutdown$$00000003      0x00000310   Section        0  libshutdown2.o(.ARM.Collect$$libshutdown$$00000003)
    .ARM.Collect$$libshutdown$$00000006      0x00000310   Section        0  libshutdown2.o(.ARM.Collect$$libshutdown$$00000006)
    .ARM.Collect$$libshutdown$$00000009      0x00000310   Section        0  libshutdown2.o(.ARM.Collect$$libshutdown$$00000009)
    .ARM.Collect$$libshutdown$$0000000B      0x00000310   Section        0  libshutdown2.o(.ARM.Collect$$libshutdown$$0000000B)
    .ARM.Collect$$libshutdown$$0000000E      0x00000310   Section        0  libshutdown2.o(.ARM.Collect$$libshutdown$$0000000E)
    .ARM.Collect$$libshutdown$$0000000F      0x00000310   Section        2  libshutdown2.o(.ARM.Collect$$libshutdown$$0000000F)
    .ARM.Collect$$rtentry$$00000000          0x00000312   Section        0  __rtentry.o(.ARM.Collect$$rtentry$$00000000)
    .ARM.Collect$$rtentry$$00000002          0x00000312   Section        0  __rtentry2.o(.ARM.Collect$$rtentry$$00000002)
    .ARM.Collect$$rtentry$$00000004          0x00000312   Section        6  __rtentry4.o(.ARM.Collect$$rtentry$$00000004)
    .ARM.Collect$$rtentry$$00000009          0x00000318   Section        0  __rtentry2.o(.ARM.Collect$$rtentry$$00000009)
    .ARM.Collect$$rtentry$$0000000A          0x00000318   Section        4  __rtentry2.o(.ARM.Collect$$rtentry$$0000000A)
    .ARM.Collect$$rtentry$$0000000C          0x0000031c   Section        0  __rtentry2.o(.ARM.Collect$$rtentry$$0000000C)
    .ARM.Collect$$rtentry$$0000000D          0x0000031c   Section        8  __rtentry2.o(.ARM.Collect$$rtentry$$0000000D)
    .ARM.Collect$$rtexit$$00000000           0x00000324   Section        2  rtexit.o(.ARM.Collect$$rtexit$$00000000)
    .ARM.Collect$$rtexit$$00000002           0x00000326   Section        0  rtexit2.o(.ARM.Collect$$rtexit$$00000002)
    .ARM.Collect$$rtexit$$00000003           0x00000326   Section        4  rtexit2.o(.ARM.Collect$$rtexit$$00000003)
    .ARM.Collect$$rtexit$$00000004           0x0000032a   Section        6  rtexit2.o(.ARM.Collect$$rtexit$$00000004)
    .emb_text                                0x00000330   Section        6  sysctl.o(.emb_text)
    $v0                                      0x00000330   Number         0  sysctl.o(.emb_text)
    .emb_text                                0x00000338   Section       38  cpu.o(.emb_text)
    $v0                                      0x00000338   Number         0  cpu.o(.emb_text)
    .text                                    0x00000360   Section       24  startup_rvmdk.o(.text)
    $v0                                      0x00000360   Number         0  startup_rvmdk.o(.text)
    .text                                    0x00000378   Section        2  use_no_semi.o(.text)
    .text                                    0x0000037c   Section        0  noretval__2printf.o(.text)
    .text                                    0x00000394   Section        0  __printf.o(.text)
    .text                                    0x000003fc   Section        0  _printf_str.o(.text)
    .text                                    0x0000044e   Section        0  getc.o(.text)
    .text                                    0x00000454   Section        0  puts.o(.text)
    .text                                    0x00000480   Section        0  heapauxi.o(.text)
    .text                                    0x00000486   Section        0  _printf_char.o(.text)
    .text                                    0x000004b4   Section        0  _printf_char_file.o(.text)
    .text                                    0x000004d8   Section        0  _printf_char_common.o(.text)
    _printf_input_char                       0x000004d9   Thumb Code    10  _printf_char_common.o(.text)
    .text                                    0x00000508   Section       74  sys_stackheap_outer.o(.text)
    .text                                    0x00000552   Section        0  exit.o(.text)
    .text                                    0x00000560   Section        8  libspace.o(.text)
    i.ADC_MultiInit                          0x00000568   Section        0  admulti.o(i.ADC_MultiInit)
    i.ADC_MultiRead                          0x00000630   Section        0  admulti.o(i.ADC_MultiRead)
    i.BrakeInterruptResponse                 0x00000668   Section        0  mi6.o(i.BrakeInterruptResponse)
    i.CPUgetPRIMASK_cpsid                    0x00000684   Section        0  es_port.o(i.CPUgetPRIMASK_cpsid)
    i.CPUsetPRIMASK                          0x0000068c   Section        0  es_port.o(i.CPUsetPRIMASK)
    i.Check4Keystroke                        0x00000694   Section        0  eventcheckers.o(i.Check4Keystroke)
    i.ES_CheckUserEvents                     0x000006f4   Section        0  es_checkevents.o(i.ES_CheckUserEvents)
    i.ES_DeQueue                             0x0000071c   Section        0  es_queue.o(i.ES_DeQueue)
    i.ES_EnQueueFIFO                         0x00000770   Section        0  es_queue.o(i.ES_EnQueueFIFO)
    i.ES_GetMSBitSet                         0x000007b8   Section        0  es_lookuptables.o(i.ES_GetMSBitSet)
    i.ES_InitQueue                           0x000007ec   Section        0  es_queue.o(i.ES_InitQueue)
    i.ES_Initialize                          0x000007fc   Section        0  es_framework.o(i.ES_Initialize)
    i.ES_PostToService                       0x00000848   Section        0  es_framework.o(i.ES_PostToService)
    i.ES_Run                                 0x00000880   Section        0  es_framework.o(i.ES_Run)
    i.ES_Timer_Init                          0x000008e0   Section        0  es_timers.o(i.ES_Timer_Init)
    i.ES_Timer_InitTimer                     0x000008e4   Section        0  es_timers.o(i.ES_Timer_InitTimer)
    i.ES_Timer_StopTimer                     0x00000920   Section        0  es_timers.o(i.ES_Timer_StopTimer)
    i.ES_Timer_Tick_Resp                     0x00000944   Section        0  es_timers.o(i.ES_Timer_Tick_Resp)
    i.FlaskInterruptResponse                 0x000009b0   Section        0  mi6.o(i.FlaskInterruptResponse)
    i.GPIODirModeSet                         0x000009c8   Section        0  gpio.o(i.GPIODirModeSet)
    i.GPIOPadConfigSet                       0x000009f0   Section        0  gpio.o(i.GPIOPadConfigSet)
    i.GPIOPinConfigure                       0x00000b2c   Section        0  gpio.o(i.GPIOPinConfigure)
    i.GPIOPinTypeUART                        0x00000b74   Section        0  gpio.o(i.GPIOPinTypeUART)
    i.GetRxData                              0x00000b90   Section        0  commrxsm.o(i.GetRxData)
    i.InitCommRxSM                           0x00000b98   Section        0  commrxsm.o(i.InitCommRxSM)
    i.InitGPIO                               0x00000bb8   Section        0  mi6.o(i.InitGPIO)
    InitGPIO                                 0x00000bb9   Thumb Code    86  mi6.o(i.InitGPIO)
    i.InitInputCaptureWT1                    0x00000c40   Section        0  mi6.o(i.InitInputCaptureWT1)
    InitInputCaptureWT1                      0x00000c41   Thumb Code   170  mi6.o(i.InitInputCaptureWT1)
    i.InitInputCaptureWT2                    0x00000d28   Section        0  mi6.o(i.InitInputCaptureWT2)
    InitInputCaptureWT2                      0x00000d29   Thumb Code   168  mi6.o(i.InitInputCaptureWT2)
    i.InitInputCaptureWT3                    0x00000e08   Section        0  mi6.o(i.InitInputCaptureWT3)
    InitInputCaptureWT3                      0x00000e09   Thumb Code   170  mi6.o(i.InitInputCaptureWT3)
    i.InitMI6                                0x00000ef0   Section        0  mi6.o(i.InitMI6)
    i.InitUART                               0x00000f38   Section        0  uart.o(i.InitUART)
    i.InitUART1                              0x00000f48   Section        0  uart.o(i.InitUART1)
    InitUART1                                0x00000f49   Thumb Code   158  uart.o(i.InitUART1)
    i.InitUART2                              0x00001014   Section        0  uart.o(i.InitUART2)
    InitUART2                                0x00001015   Thumb Code   158  uart.o(i.InitUART2)
    i.IntMasterEnable                        0x000010e0   Section        0  interrupt.o(i.IntMasterEnable)
    i.LoadUpControl                          0x000010f0   Section        0  mi6.o(i.LoadUpControl)
    LoadUpControl                            0x000010f1   Thumb Code    76  mi6.o(i.LoadUpControl)
    i.LoadUpPairingReq                       0x00001144   Section        0  mi6.o(i.LoadUpPairingReq)
    LoadUpPairingReq                         0x00001145   Thumb Code    50  mi6.o(i.LoadUpPairingReq)
    i.PopInterruptResponse                   0x0000117c   Section        0  mi6.o(i.PopInterruptResponse)
    i.PostCommRxSM                           0x000011b8   Section        0  commrxsm.o(i.PostCommRxSM)
    i.PostMI6                                0x000011c8   Section        0  mi6.o(i.PostMI6)
    i.RunCommRxSM                            0x000011d8   Section        0  commrxsm.o(i.RunCommRxSM)
    i.RunMI6                                 0x000012ac   Section        0  mi6.o(i.RunMI6)
    i.SendXbeeData                           0x000014fc   Section        0  mi6.o(i.SendXbeeData)
    SendXbeeData                             0x000014fd   Thumb Code    16  mi6.o(i.SendXbeeData)
    i.SoftwareReset                          0x00001510   Section        0  mi6.o(i.SoftwareReset)
    i.SysCtlClockSet                         0x00001514   Section        0  sysctl.o(i.SysCtlClockSet)
    i.SysCtlPeripheralEnable                 0x00001634   Section        0  sysctl.o(i.SysCtlPeripheralEnable)
    i.SysTickEnable                          0x0000165c   Section        0  systick.o(i.SysTickEnable)
    i.SysTickIntEnable                       0x0000166a   Section        0  systick.o(i.SysTickIntEnable)
    i.SysTickIntHandler                      0x00001678   Section        0  es_port.o(i.SysTickIntHandler)
    i.SysTickPeriodSet                       0x0000168c   Section        0  systick.o(i.SysTickPeriodSet)
    i.TERMIO_GetChar                         0x00001696   Section        0  termio.o(i.TERMIO_GetChar)
    i.TERMIO_Init                            0x0000169c   Section        0  termio.o(i.TERMIO_Init)
    i.TERMIO_PutChar                         0x000016ec   Section        0  termio.o(i.TERMIO_PutChar)
    i.UART1InterruptResponse                 0x000016f8   Section        0  mi6.o(i.UART1InterruptResponse)
    i.UART2InterruptResponse                 0x00001784   Section        0  mi6.o(i.UART2InterruptResponse)
    i.UARTCharPut                            0x000017ec   Section        0  uart.o(i.UARTCharPut)
    i.UARTClockSourceSet                     0x000017f8   Section        0  uart.o(i.UARTClockSourceSet)
    i.UARTStdioConfig                        0x00001800   Section        0  uartstdio.o(i.UARTStdioConfig)
    i.UARTgetc                               0x0000185c   Section        0  uartstdio.o(i.UARTgetc)
    i.UnpairInterruptResponse                0x00001874   Section        0  mi6.o(i.UnpairInterruptResponse)
    i._HW_Process_Pending_Ints               0x000018a0   Section        0  es_port.o(i._HW_Process_Pending_Ints)
    i._HW_Timer_Init                         0x000018c0   Section        0  es_port.o(i._HW_Timer_Init)
    i._sys_exit                              0x000018d6   Section        0  retarget.o(i._sys_exit)
    i.checkSum                               0x000018d8   Section        0  mi6.o(i.checkSum)
    i.ferror                                 0x000018f4   Section        0  retarget.o(i.ferror)
    i.fgetc                                  0x000018fa   Section        0  retarget.o(i.fgetc)
    i.fputc                                  0x000018fe   Section        0  retarget.o(i.fputc)
    i.importData                             0x0000190c   Section        0  mi6.o(i.importData)
    importData                               0x0000190d   Thumb Code    30  mi6.o(i.importData)
    i.kbhit                                  0x00001930   Section        0  termio.o(i.kbhit)
    i.main                                   0x00001944   Section        0  main.o(i.main)
    x$fpl$fpinit                             0x00001b14   Section       10  fpinit.o(x$fpl$fpinit)
    $v0                                      0x00001b14   Number         0  fpinit.o(x$fpl$fpinit)
    .constdata                               0x00001b20   Section       48  admulti.o(.constdata)
    HowMany2Mask                             0x00001b20   Data          16  admulti.o(.constdata)
    HowMany2Mux                              0x00001b30   Data          16  admulti.o(.constdata)
    HowMany2CTL                              0x00001b40   Data          16  admulti.o(.constdata)
    .constdata                               0x00001b50   Section        4  es_checkevents.o(.constdata)
    ES_EventList                             0x00001b50   Data           4  es_checkevents.o(.constdata)
    .constdata                               0x00001b54   Section       32  es_framework.o(.constdata)
    ServDescList                             0x00001b54   Data          16  es_framework.o(.constdata)
    EventQueues                              0x00001b64   Data          16  es_framework.o(.constdata)
    .constdata                               0x00001b74   Section       32  es_lookuptables.o(.constdata)
    .constdata                               0x00001b94   Section       15  es_lookuptables.o(.constdata)
    .constdata                               0x00001ba4   Section       64  es_timers.o(.constdata)
    Timer2PostFunc                           0x00001ba4   Data          64  es_timers.o(.constdata)
    .constdata                               0x00001be4   Section       28  uartstdio.o(.constdata)
    g_pcHex                                  0x00001be4   Data           4  uartstdio.o(.constdata)
    g_ui32UARTBase                           0x00001be8   Data          12  uartstdio.o(.constdata)
    g_ui32UARTPeriph                         0x00001bf4   Data          12  uartstdio.o(.constdata)
    .constdata                               0x00001c00   Section      528  gpio.o(.constdata)
    g_ppui32GPIOIntMapBlizzard               0x00001c00   Data         192  gpio.o(.constdata)
    g_ppui32GPIOIntMapSnowflake              0x00001cc0   Data         192  gpio.o(.constdata)
    g_pui32GPIOBaseAddrs                     0x00001d80   Data         144  gpio.o(.constdata)
    .conststring                             0x00001e10   Section       17  uartstdio.o(.conststring)
    .data                                    0x20000000   Section        1  admulti.o(.data)
    NumChannelsConverting                    0x20000000   Data           1  admulti.o(.data)
    .data                                    0x20000002   Section        8  commrxsm.o(.data)
    chksum                                   0x20000002   Data           1  commrxsm.o(.data)
    MyPriority                               0x20000003   Data           1  commrxsm.o(.data)
    CurrentState                             0x20000004   Data           1  commrxsm.o(.data)
    arrayIndex                               0x20000008   Data           2  commrxsm.o(.data)
    .data                                    0x2000000c   Section       43  mi6.o(.data)
    SpectreAddrMSB                           0x2000000c   Data           1  mi6.o(.data)
    SpectreAddrLSB                           0x2000000d   Data           1  mi6.o(.data)
    ThrustVal                                0x2000000e   Data           1  mi6.o(.data)
    OrientVal                                0x2000000f   Data           1  mi6.o(.data)
    ActionVal                                0x20000010   Data           1  mi6.o(.data)
    ExaVal                                   0x20000011   Data           1  mi6.o(.data)
    ExbVal                                   0x20000012   Data           1  mi6.o(.data)
    ExcVal                                   0x20000013   Data           1  mi6.o(.data)
    InitStatus                               0x20000014   Data           1  mi6.o(.data)
    flag                                     0x20000015   Data           1  mi6.o(.data)
    popStatus                                0x20000016   Data           1  mi6.o(.data)
    debounce                                 0x20000017   Data           1  mi6.o(.data)
    brakeStatus                              0x20000018   Data           1  mi6.o(.data)
    BAC                                      0x20000019   Data           1  mi6.o(.data)
    MyPriority                               0x2000001a   Data           1  mi6.o(.data)
    CurrentState                             0x2000001b   Data           1  mi6.o(.data)
    TeamCorrection                           0x2000001c   Data           1  mi6.o(.data)
    txData                                   0x2000001d   Data           1  mi6.o(.data)
    sThrust                                  0x20000020   Data           4  mi6.o(.data)
    sOrient                                  0x20000024   Data           4  mi6.o(.data)
    txIndex                                  0x20000028   Data           4  mi6.o(.data)
    rx                                       0x2000002c   Data           4  mi6.o(.data)
    rxData                                   0x20000030   Data           7  mi6.o(.data)
    .data                                    0x20000038   Section        6  es_framework.o(.data)
    ThisEvent                                0x2000003a   Data           4  es_framework.o(.data)
    .data                                    0x2000003e   Section        4  es_port.o(.data)
    TickCount                                0x2000003e   Data           1  es_port.o(.data)
    SysTickCounter                           0x20000040   Data           2  es_port.o(.data)
    .data                                    0x20000044   Section        4  es_queue.o(.data)
    .data                                    0x20000048   Section       10  es_timers.o(.data)
    NextTimer2Process                        0x20000048   Data           1  es_timers.o(.data)
    NeedsProcessing                          0x2000004a   Data           2  es_timers.o(.data)
    TMR_ActiveFlags                          0x2000004c   Data           2  es_timers.o(.data)
    NewEvent                                 0x2000004e   Data           4  es_timers.o(.data)
    .data                                    0x20000054   Section        4  retarget.o(.data)
    .data                                    0x20000058   Section        4  retarget.o(.data)
    .data                                    0x2000005c   Section        8  uartstdio.o(.data)
    bLastWasCR                               0x2000005c   Data           1  uartstdio.o(.data)
    g_ui32Base                               0x20000060   Data           4  uartstdio.o(.data)
    .bss                                     0x20000064   Section       12  commrxsm.o(.bss)
    rxData                                   0x20000064   Data          12  commrxsm.o(.bss)
    .bss                                     0x20000070   Section       44  mi6.o(.bss)
    txDataCTRL                               0x20000070   Data          16  mi6.o(.bss)
    txDataBroad                              0x20000080   Data          11  mi6.o(.bss)
    ADResults                                0x2000008c   Data          16  mi6.o(.bss)
    .bss                                     0x2000009c   Section       24  es_framework.o(.bss)
    Queue0                                   0x2000009c   Data          24  es_framework.o(.bss)
    .bss                                     0x200000b4   Section       16  es_framework.o(.bss)
    Queue1                                   0x200000b4   Data          16  es_framework.o(.bss)
    .bss                                     0x200000c4   Section       32  es_timers.o(.bss)
    TMR_TimerArray                           0x200000c4   Data          32  es_timers.o(.bss)
    .bss                                     0x200000e4   Section       96  libspace.o(.bss)
    HEAP                                     0x20000148   Section        0  startup_rvmdk.o(HEAP)
    STACK                                    0x20000148   Section     2048  startup_rvmdk.o(STACK)
    HeapMem                                  0x20000148   Data           0  startup_rvmdk.o(HEAP)
    StackMem                                 0x20000148   Data           0  startup_rvmdk.o(STACK)

    Global Symbols

    Symbol Name                              Value     Ov Type        Size  Object(Section)

    BuildAttributes$$THM_ISAv4$E$P$D$K$B$S$7EM$VFPi3$EXTD16$VFPS$VFMA$PE$A:L22UL41UL21$X:L11$S22US41US21$IEEE1$IW$USESV6$~STKCKD$USESV7$~SHL$OTIME$ROPI$EBA8$UX$STANDARDLIB$REQ8$PRES8$EABIv2 0x00000000   Number         0  anon$$obj.o ABSOLUTE
    __ARM_use_no_argv                        0x00000000   Number         0  main.o ABSOLUTE
    __Vectors                                0x00000000   Data           0  startup_rvmdk.o(RESET)
    __ARM_exceptions_init                     - Undefined Weak Reference
    __alloca_initialize                       - Undefined Weak Reference
    __arm_preinit_                            - Undefined Weak Reference
    __cpp_initialize__aeabi_                  - Undefined Weak Reference
    __cxa_finalize                            - Undefined Weak Reference
    __rt_locale                               - Undefined Weak Reference
    __sigvec_lookup                           - Undefined Weak Reference
    _atexit_init                              - Undefined Weak Reference
    _call_atexit_fns                          - Undefined Weak Reference
    _clock_init                               - Undefined Weak Reference
    _fp_trap_init                             - Undefined Weak Reference
    _fp_trap_shutdown                         - Undefined Weak Reference
    _get_lc_collate                           - Undefined Weak Reference
    _get_lc_ctype                             - Undefined Weak Reference
    _get_lc_monetary                          - Undefined Weak Reference
    _get_lc_numeric                           - Undefined Weak Reference
    _get_lc_time                              - Undefined Weak Reference
    _getenv_init                              - Undefined Weak Reference
    _handle_redirection                       - Undefined Weak Reference
    _init_alloc                               - Undefined Weak Reference
    _init_user_alloc                          - Undefined Weak Reference
    _initio                                   - Undefined Weak Reference
    _printf_mbtowc                            - Undefined Weak Reference
    _printf_post_padding                      - Undefined Weak Reference
    _printf_pre_padding                       - Undefined Weak Reference
    _rand_init                                - Undefined Weak Reference
    _signal_finish                            - Undefined Weak Reference
    _signal_init                              - Undefined Weak Reference
    _terminate_alloc                          - Undefined Weak Reference
    _terminate_user_alloc                     - Undefined Weak Reference
    _terminateio                              - Undefined Weak Reference
    Reset_Handler                            0x0000026d   Thumb Code     0  startup_rvmdk.o(RESET)
    __main                                   0x00000289   Thumb Code     8  __main.o(!!!main)
    __scatterload                            0x00000291   Thumb Code     0  __scatter.o(!!!scatter)
    __scatterload_rt2                        0x00000291   Thumb Code    44  __scatter.o(!!!scatter)
    __scatterload_rt2_thumb_only             0x00000291   Thumb Code     0  __scatter.o(!!!scatter)
    __scatterload_null                       0x0000029f   Thumb Code     0  __scatter.o(!!!scatter)
    __scatterload_copy                       0x000002c5   Thumb Code    26  __scatter_copy.o(!!handler_copy)
    __scatterload_zeroinit                   0x000002e1   Thumb Code    28  __scatter_zi.o(!!handler_zi)
    _printf_percent                          0x000002fd   Thumb Code     0  _printf_percent.o(.ARM.Collect$$_printf_percent$$00000000)
    _printf_s                                0x000002fd   Thumb Code     0  _printf_s.o(.ARM.Collect$$_printf_percent$$00000014)
    _printf_percent_end                      0x00000303   Thumb Code     0  _printf_percent_end.o(.ARM.Collect$$_printf_percent$$00000017)
    __rt_lib_init                            0x00000307   Thumb Code     0  libinit.o(.ARM.Collect$$libinit$$00000000)
    __rt_lib_init_fp_1                       0x00000309   Thumb Code     0  libinit2.o(.ARM.Collect$$libinit$$00000001)
    __rt_lib_init_alloca_1                   0x0000030d   Thumb Code     0  libinit2.o(.ARM.Collect$$libinit$$0000002E)
    __rt_lib_init_argv_1                     0x0000030d   Thumb Code     0  libinit2.o(.ARM.Collect$$libinit$$0000002C)
    __rt_lib_init_atexit_1                   0x0000030d   Thumb Code     0  libinit2.o(.ARM.Collect$$libinit$$0000001B)
    __rt_lib_init_clock_1                    0x0000030d   Thumb Code     0  libinit2.o(.ARM.Collect$$libinit$$00000021)
    __rt_lib_init_cpp_1                      0x0000030d   Thumb Code     0  libinit2.o(.ARM.Collect$$libinit$$00000032)
    __rt_lib_init_exceptions_1               0x0000030d   Thumb Code     0  libinit2.o(.ARM.Collect$$libinit$$00000030)
    __rt_lib_init_fp_trap_1                  0x0000030d   Thumb Code     0  libinit2.o(.ARM.Collect$$libinit$$0000001F)
    __rt_lib_init_getenv_1                   0x0000030d   Thumb Code     0  libinit2.o(.ARM.Collect$$libinit$$00000023)
    __rt_lib_init_heap_1                     0x0000030d   Thumb Code     0  libinit2.o(.ARM.Collect$$libinit$$0000000A)
    __rt_lib_init_lc_collate_1               0x0000030d   Thumb Code     0  libinit2.o(.ARM.Collect$$libinit$$00000011)
    __rt_lib_init_lc_ctype_1                 0x0000030d   Thumb Code     0  libinit2.o(.ARM.Collect$$libinit$$00000013)
    __rt_lib_init_lc_monetary_1              0x0000030d   Thumb Code     0  libinit2.o(.ARM.Collect$$libinit$$00000015)
    __rt_lib_init_lc_numeric_1               0x0000030d   Thumb Code     0  libinit2.o(.ARM.Collect$$libinit$$00000017)
    __rt_lib_init_lc_time_1                  0x0000030d   Thumb Code     0  libinit2.o(.ARM.Collect$$libinit$$00000019)
    __rt_lib_init_preinit_1                  0x0000030d   Thumb Code     0  libinit2.o(.ARM.Collect$$libinit$$00000004)
    __rt_lib_init_rand_1                     0x0000030d   Thumb Code     0  libinit2.o(.ARM.Collect$$libinit$$0000000E)
    __rt_lib_init_return                     0x0000030d   Thumb Code     0  libinit2.o(.ARM.Collect$$libinit$$00000033)
    __rt_lib_init_signal_1                   0x0000030d   Thumb Code     0  libinit2.o(.ARM.Collect$$libinit$$0000001D)
    __rt_lib_init_stdio_1                    0x0000030d   Thumb Code     0  libinit2.o(.ARM.Collect$$libinit$$00000025)
    __rt_lib_init_user_alloc_1               0x0000030d   Thumb Code     0  libinit2.o(.ARM.Collect$$libinit$$0000000C)
    __rt_lib_shutdown                        0x0000030f   Thumb Code     0  libshutdown.o(.ARM.Collect$$libshutdown$$00000000)
    __rt_lib_shutdown_fp_trap_1              0x00000311   Thumb Code     0  libshutdown2.o(.ARM.Collect$$libshutdown$$00000006)
    __rt_lib_shutdown_heap_1                 0x00000311   Thumb Code     0  libshutdown2.o(.ARM.Collect$$libshutdown$$0000000E)
    __rt_lib_shutdown_return                 0x00000311   Thumb Code     0  libshutdown2.o(.ARM.Collect$$libshutdown$$0000000F)
    __rt_lib_shutdown_signal_1               0x00000311   Thumb Code     0  libshutdown2.o(.ARM.Collect$$libshutdown$$00000009)
    __rt_lib_shutdown_stdio_1                0x00000311   Thumb Code     0  libshutdown2.o(.ARM.Collect$$libshutdown$$00000003)
    __rt_lib_shutdown_user_alloc_1           0x00000311   Thumb Code     0  libshutdown2.o(.ARM.Collect$$libshutdown$$0000000B)
    __rt_entry                               0x00000313   Thumb Code     0  __rtentry.o(.ARM.Collect$$rtentry$$00000000)
    __rt_entry_presh_1                       0x00000313   Thumb Code     0  __rtentry2.o(.ARM.Collect$$rtentry$$00000002)
    __rt_entry_sh                            0x00000313   Thumb Code     0  __rtentry4.o(.ARM.Collect$$rtentry$$00000004)
    __rt_entry_li                            0x00000319   Thumb Code     0  __rtentry2.o(.ARM.Collect$$rtentry$$0000000A)
    __rt_entry_postsh_1                      0x00000319   Thumb Code     0  __rtentry2.o(.ARM.Collect$$rtentry$$00000009)
    __rt_entry_main                          0x0000031d   Thumb Code     0  __rtentry2.o(.ARM.Collect$$rtentry$$0000000D)
    __rt_entry_postli_1                      0x0000031d   Thumb Code     0  __rtentry2.o(.ARM.Collect$$rtentry$$0000000C)
    __rt_exit                                0x00000325   Thumb Code     0  rtexit.o(.ARM.Collect$$rtexit$$00000000)
    __rt_exit_ls                             0x00000327   Thumb Code     0  rtexit2.o(.ARM.Collect$$rtexit$$00000003)
    __rt_exit_prels_1                        0x00000327   Thumb Code     0  rtexit2.o(.ARM.Collect$$rtexit$$00000002)
    __rt_exit_exit                           0x0000032b   Thumb Code     0  rtexit2.o(.ARM.Collect$$rtexit$$00000004)
    SysCtlDelay                              0x00000331   Thumb Code     6  sysctl.o(.emb_text)
    CPUcpsid                                 0x00000339   Thumb Code     8  cpu.o(.emb_text)
    CPUprimask                               0x00000341   Thumb Code     6  cpu.o(.emb_text)
    CPUcpsie                                 0x00000347   Thumb Code     8  cpu.o(.emb_text)
    CPUwfi                                   0x0000034f   Thumb Code     4  cpu.o(.emb_text)
    CPUbasepriSet                            0x00000353   Thumb Code     6  cpu.o(.emb_text)
    CPUbasepriGet                            0x00000359   Thumb Code     6  cpu.o(.emb_text)
    __user_initial_stackheap                 0x00000361   Thumb Code     0  startup_rvmdk.o(.text)
    __I$use$semihosting                      0x00000379   Thumb Code     0  use_no_semi.o(.text)
    __use_no_semihosting_swi                 0x00000379   Thumb Code     2  use_no_semi.o(.text)
    __2printf                                0x0000037d   Thumb Code    20  noretval__2printf.o(.text)
    __printf                                 0x00000395   Thumb Code   104  __printf.o(.text)
    _printf_str                              0x000003fd   Thumb Code    82  _printf_str.o(.text)
    getc                                     0x0000044f   Thumb Code     4  getc.o(.text)
    puts                                     0x00000455   Thumb Code    40  puts.o(.text)
    __use_two_region_memory                  0x00000481   Thumb Code     2  heapauxi.o(.text)
    __rt_heap_escrow$2region                 0x00000483   Thumb Code     2  heapauxi.o(.text)
    __rt_heap_expand$2region                 0x00000485   Thumb Code     2  heapauxi.o(.text)
    _printf_cs_common                        0x00000487   Thumb Code    20  _printf_char.o(.text)
    _printf_char                             0x0000049b   Thumb Code    16  _printf_char.o(.text)
    _printf_string                           0x000004ab   Thumb Code     8  _printf_char.o(.text)
    _printf_char_file                        0x000004b5   Thumb Code    32  _printf_char_file.o(.text)
    _printf_char_common                      0x000004e3   Thumb Code    32  _printf_char_common.o(.text)
    __user_setup_stackheap                   0x00000509   Thumb Code    74  sys_stackheap_outer.o(.text)
    exit                                     0x00000553   Thumb Code    12  exit.o(.text)
    __user_libspace                          0x00000561   Thumb Code     8  libspace.o(.text)
    __user_perproc_libspace                  0x00000561   Thumb Code     0  libspace.o(.text)
    __user_perthread_libspace                0x00000561   Thumb Code     0  libspace.o(.text)
    ADC_MultiInit                            0x00000569   Thumb Code   170  admulti.o(i.ADC_MultiInit)
    ADC_MultiRead                            0x00000631   Thumb Code    46  admulti.o(i.ADC_MultiRead)
    BrakeInterruptResponse                   0x00000669   Thumb Code    18  mi6.o(i.BrakeInterruptResponse)
    CPUgetPRIMASK_cpsid                      0x00000685   Thumb Code     8  es_port.o(i.CPUgetPRIMASK_cpsid)
    CPUsetPRIMASK                            0x0000068d   Thumb Code     6  es_port.o(i.CPUsetPRIMASK)
    Check4Keystroke                          0x00000695   Thumb Code    84  eventcheckers.o(i.Check4Keystroke)
    ES_CheckUserEvents                       0x000006f5   Thumb Code    34  es_checkevents.o(i.ES_CheckUserEvents)
    ES_DeQueue                               0x0000071d   Thumb Code    80  es_queue.o(i.ES_DeQueue)
    ES_EnQueueFIFO                           0x00000771   Thumb Code    66  es_queue.o(i.ES_EnQueueFIFO)
    ES_GetMSBitSet                           0x000007b9   Thumb Code    48  es_lookuptables.o(i.ES_GetMSBitSet)
    ES_InitQueue                             0x000007ed   Thumb Code    16  es_queue.o(i.ES_InitQueue)
    ES_Initialize                            0x000007fd   Thumb Code    72  es_framework.o(i.ES_Initialize)
    ES_PostToService                         0x00000849   Thumb Code    42  es_framework.o(i.ES_PostToService)
    ES_Run                                   0x00000881   Thumb Code    84  es_framework.o(i.ES_Run)
    ES_Timer_Init                            0x000008e1   Thumb Code     4  es_timers.o(i.ES_Timer_Init)
    ES_Timer_InitTimer                       0x000008e5   Thumb Code    44  es_timers.o(i.ES_Timer_InitTimer)
    ES_Timer_StopTimer                       0x00000921   Thumb Code    28  es_timers.o(i.ES_Timer_StopTimer)
    ES_Timer_Tick_Resp                       0x00000945   Thumb Code    90  es_timers.o(i.ES_Timer_Tick_Resp)
    FlaskInterruptResponse                   0x000009b1   Thumb Code    16  mi6.o(i.FlaskInterruptResponse)
    GPIODirModeSet                           0x000009c9   Thumb Code    40  gpio.o(i.GPIODirModeSet)
    GPIOPadConfigSet                         0x000009f1   Thumb Code   314  gpio.o(i.GPIOPadConfigSet)
    GPIOPinConfigure                         0x00000b2d   Thumb Code    64  gpio.o(i.GPIOPinConfigure)
    GPIOPinTypeUART                          0x00000b75   Thumb Code    28  gpio.o(i.GPIOPinTypeUART)
    GetRxData                                0x00000b91   Thumb Code     4  commrxsm.o(i.GetRxData)
    InitCommRxSM                             0x00000b99   Thumb Code    28  commrxsm.o(i.InitCommRxSM)
    InitMI6                                  0x00000ef1   Thumb Code    68  mi6.o(i.InitMI6)
    InitUART                                 0x00000f39   Thumb Code    14  uart.o(i.InitUART)
    IntMasterEnable                          0x000010e1   Thumb Code    14  interrupt.o(i.IntMasterEnable)
    PopInterruptResponse                     0x0000117d   Thumb Code    50  mi6.o(i.PopInterruptResponse)
    PostCommRxSM                             0x000011b9   Thumb Code    10  commrxsm.o(i.PostCommRxSM)
    PostMI6                                  0x000011c9   Thumb Code    10  mi6.o(i.PostMI6)
    RunCommRxSM                              0x000011d9   Thumb Code   202  commrxsm.o(i.RunCommRxSM)
    RunMI6                                   0x000012ad   Thumb Code   574  mi6.o(i.RunMI6)
    SoftwareReset                            0x00001511   Thumb Code     2  mi6.o(i.SoftwareReset)
    SysCtlClockSet                           0x00001515   Thumb Code   270  sysctl.o(i.SysCtlClockSet)
    SysCtlPeripheralEnable                   0x00001635   Thumb Code    36  sysctl.o(i.SysCtlPeripheralEnable)
    SysTickEnable                            0x0000165d   Thumb Code    14  systick.o(i.SysTickEnable)
    SysTickIntEnable                         0x0000166b   Thumb Code    14  systick.o(i.SysTickIntEnable)
    SysTickIntHandler                        0x00001679   Thumb Code    16  es_port.o(i.SysTickIntHandler)
    SysTickPeriodSet                         0x0000168d   Thumb Code    10  systick.o(i.SysTickPeriodSet)
    TERMIO_GetChar                           0x00001697   Thumb Code     4  termio.o(i.TERMIO_GetChar)
    TERMIO_Init                              0x0000169d   Thumb Code    62  termio.o(i.TERMIO_Init)
    TERMIO_PutChar                           0x000016ed   Thumb Code     8  termio.o(i.TERMIO_PutChar)
    UART1InterruptResponse                   0x000016f9   Thumb Code   128  mi6.o(i.UART1InterruptResponse)
    UART2InterruptResponse                   0x00001785   Thumb Code    96  mi6.o(i.UART2InterruptResponse)
    UARTCharPut                              0x000017ed   Thumb Code    12  uart.o(i.UARTCharPut)
    UARTClockSourceSet                       0x000017f9   Thumb Code     6  uart.o(i.UARTClockSourceSet)
    UARTStdioConfig                          0x00001801   Thumb Code    82  uartstdio.o(i.UARTStdioConfig)
    UARTgetc                                 0x0000185d   Thumb Code    20  uartstdio.o(i.UARTgetc)
    UnpairInterruptResponse                  0x00001875   Thumb Code    34  mi6.o(i.UnpairInterruptResponse)
    _HW_Process_Pending_Ints                 0x000018a1   Thumb Code    26  es_port.o(i._HW_Process_Pending_Ints)
    _HW_Timer_Init                           0x000018c1   Thumb Code    22  es_port.o(i._HW_Timer_Init)
    _sys_exit                                0x000018d7   Thumb Code     2  retarget.o(i._sys_exit)
    checkSum                                 0x000018d9   Thumb Code    28  mi6.o(i.checkSum)
    ferror                                   0x000018f5   Thumb Code     6  retarget.o(i.ferror)
    fgetc                                    0x000018fb   Thumb Code     4  retarget.o(i.fgetc)
    fputc                                    0x000018ff   Thumb Code    14  retarget.o(i.fputc)
    kbhit                                    0x00001931   Thumb Code    16  termio.o(i.kbhit)
    main                                     0x00001945   Thumb Code   108  main.o(i.main)
    _fp_init                                 0x00001b15   Thumb Code    10  fpinit.o(x$fpl$fpinit)
    __fplib_config_fpu_vfp                   0x00001b1d   Thumb Code     0  fpinit.o(x$fpl$fpinit)
    __fplib_config_pureend_doubles           0x00001b1d   Thumb Code     0  fpinit.o(x$fpl$fpinit)
    BitNum2SetMask                           0x00001b74   Data          32  es_lookuptables.o(.constdata)
    Nybble2MSBitNum                          0x00001b94   Data          15  es_lookuptables.o(.constdata)
    Region$$Table$$Base                      0x00001e24   Number         0  anon$$obj.o(Region$$Table)
    Region$$Table$$Limit                     0x00001e44   Number         0  anon$$obj.o(Region$$Table)
    DataLen                                  0x20000006   Data           2  commrxsm.o(.data)
    Ready                                    0x20000038   Data           2  es_framework.o(.data)
    _PRIMASK_temp                            0x20000044   Data           4  es_queue.o(.data)
    __stdout                                 0x20000054   Data           4  retarget.o(.data)
    __stdin                                  0x20000058   Data           4  retarget.o(.data)
    __libspace_start                         0x200000e4   Data          96  libspace.o(.bss)
    __temporary_stack_top$libspace           0x20000144   Data           0  libspace.o(.bss)



==============================================================================

Memory Map of the image

  Image Entry point : 0x0000026d

  Load Region LR_IROM1 (Base: 0x00000000, Size: 0x00001ea8, Max: 0x00040000, ABSOLUTE)

    Execution Region ER_IROM1 (Base: 0x00000000, Size: 0x00001e44, Max: 0x00040000, ABSOLUTE)

    Base Addr    Size         Type   Attr      Idx    E Section Name        Object

    0x00000000   0x00000288   Code   RO          388  * RESET               startup_rvmdk.o
    0x00000288   0x00000008   Code   RO         1991  * !!!main             c_w.l(__main.o)
    0x00000290   0x00000034   Code   RO         2150    !!!scatter          c_w.l(__scatter.o)
    0x000002c4   0x0000001a   Code   RO         2152    !!handler_copy      c_w.l(__scatter_copy.o)
    0x000002de   0x00000002   PAD
    0x000002e0   0x0000001c   Code   RO         2154    !!handler_zi        c_w.l(__scatter_zi.o)
    0x000002fc   0x00000000   Code   RO         1984    .ARM.Collect$$_printf_percent$$00000000  c_w.l(_printf_percent.o)
    0x000002fc   0x00000006   Code   RO         1983    .ARM.Collect$$_printf_percent$$00000014  c_w.l(_printf_s.o)
    0x00000302   0x00000004   Code   RO         1998    .ARM.Collect$$_printf_percent$$00000017  c_w.l(_printf_percent_end.o)
    0x00000306   0x00000002   Code   RO         2027    .ARM.Collect$$libinit$$00000000  c_w.l(libinit.o)
    0x00000308   0x00000004   Code   RO         2033    .ARM.Collect$$libinit$$00000001  c_w.l(libinit2.o)
    0x0000030c   0x00000000   Code   RO         2036    .ARM.Collect$$libinit$$00000004  c_w.l(libinit2.o)
    0x0000030c   0x00000000   Code   RO         2039    .ARM.Collect$$libinit$$0000000A  c_w.l(libinit2.o)
    0x0000030c   0x00000000   Code   RO         2041    .ARM.Collect$$libinit$$0000000C  c_w.l(libinit2.o)
    0x0000030c   0x00000000   Code   RO         2043    .ARM.Collect$$libinit$$0000000E  c_w.l(libinit2.o)
    0x0000030c   0x00000000   Code   RO         2046    .ARM.Collect$$libinit$$00000011  c_w.l(libinit2.o)
    0x0000030c   0x00000000   Code   RO         2048    .ARM.Collect$$libinit$$00000013  c_w.l(libinit2.o)
    0x0000030c   0x00000000   Code   RO         2050    .ARM.Collect$$libinit$$00000015  c_w.l(libinit2.o)
    0x0000030c   0x00000000   Code   RO         2052    .ARM.Collect$$libinit$$00000017  c_w.l(libinit2.o)
    0x0000030c   0x00000000   Code   RO         2054    .ARM.Collect$$libinit$$00000019  c_w.l(libinit2.o)
    0x0000030c   0x00000000   Code   RO         2056    .ARM.Collect$$libinit$$0000001B  c_w.l(libinit2.o)
    0x0000030c   0x00000000   Code   RO         2058    .ARM.Collect$$libinit$$0000001D  c_w.l(libinit2.o)
    0x0000030c   0x00000000   Code   RO         2060    .ARM.Collect$$libinit$$0000001F  c_w.l(libinit2.o)
    0x0000030c   0x00000000   Code   RO         2062    .ARM.Collect$$libinit$$00000021  c_w.l(libinit2.o)
    0x0000030c   0x00000000   Code   RO         2064    .ARM.Collect$$libinit$$00000023  c_w.l(libinit2.o)
    0x0000030c   0x00000000   Code   RO         2066    .ARM.Collect$$libinit$$00000025  c_w.l(libinit2.o)
    0x0000030c   0x00000000   Code   RO         2070    .ARM.Collect$$libinit$$0000002C  c_w.l(libinit2.o)
    0x0000030c   0x00000000   Code   RO         2072    .ARM.Collect$$libinit$$0000002E  c_w.l(libinit2.o)
    0x0000030c   0x00000000   Code   RO         2074    .ARM.Collect$$libinit$$00000030  c_w.l(libinit2.o)
    0x0000030c   0x00000000   Code   RO         2076    .ARM.Collect$$libinit$$00000032  c_w.l(libinit2.o)
    0x0000030c   0x00000002   Code   RO         2077    .ARM.Collect$$libinit$$00000033  c_w.l(libinit2.o)
    0x0000030e   0x00000002   Code   RO         2095    .ARM.Collect$$libshutdown$$00000000  c_w.l(libshutdown.o)
    0x00000310   0x00000000   Code   RO         2106    .ARM.Collect$$libshutdown$$00000003  c_w.l(libshutdown2.o)
    0x00000310   0x00000000   Code   RO         2109    .ARM.Collect$$libshutdown$$00000006  c_w.l(libshutdown2.o)
    0x00000310   0x00000000   Code   RO         2112    .ARM.Collect$$libshutdown$$00000009  c_w.l(libshutdown2.o)
    0x00000310   0x00000000   Code   RO         2114    .ARM.Collect$$libshutdown$$0000000B  c_w.l(libshutdown2.o)
    0x00000310   0x00000000   Code   RO         2117    .ARM.Collect$$libshutdown$$0000000E  c_w.l(libshutdown2.o)
    0x00000310   0x00000002   Code   RO         2118    .ARM.Collect$$libshutdown$$0000000F  c_w.l(libshutdown2.o)
    0x00000312   0x00000000   Code   RO         1993    .ARM.Collect$$rtentry$$00000000  c_w.l(__rtentry.o)
    0x00000312   0x00000000   Code   RO         2000    .ARM.Collect$$rtentry$$00000002  c_w.l(__rtentry2.o)
    0x00000312   0x00000006   Code   RO         2012    .ARM.Collect$$rtentry$$00000004  c_w.l(__rtentry4.o)
    0x00000318   0x00000000   Code   RO         2002    .ARM.Collect$$rtentry$$00000009  c_w.l(__rtentry2.o)
    0x00000318   0x00000004   Code   RO         2003    .ARM.Collect$$rtentry$$0000000A  c_w.l(__rtentry2.o)
    0x0000031c   0x00000000   Code   RO         2005    .ARM.Collect$$rtentry$$0000000C  c_w.l(__rtentry2.o)
    0x0000031c   0x00000008   Code   RO         2006    .ARM.Collect$$rtentry$$0000000D  c_w.l(__rtentry2.o)
    0x00000324   0x00000002   Code   RO         2031    .ARM.Collect$$rtexit$$00000000  c_w.l(rtexit.o)
    0x00000326   0x00000000   Code   RO         2079    .ARM.Collect$$rtexit$$00000002  c_w.l(rtexit2.o)
    0x00000326   0x00000004   Code   RO         2080    .ARM.Collect$$rtexit$$00000003  c_w.l(rtexit2.o)
    0x0000032a   0x00000006   Code   RO         2081    .ARM.Collect$$rtexit$$00000004  c_w.l(rtexit2.o)
    0x00000330   0x00000006   Code   RO         1247    .emb_text           driverlib.lib(sysctl.o)
    0x00000336   0x00000002   PAD
    0x00000338   0x00000026   Code   RO         1941    .emb_text           driverlib.lib(cpu.o)
    0x0000035e   0x00000002   PAD
    0x00000360   0x00000018   Code   RO          389    .text               startup_rvmdk.o
    0x00000378   0x00000002   Code   RO         1953    .text               c_w.l(use_no_semi.o)
    0x0000037a   0x00000002   PAD
    0x0000037c   0x00000018   Code   RO         1957    .text               c_w.l(noretval__2printf.o)
    0x00000394   0x00000068   Code   RO         1959    .text               c_w.l(__printf.o)
    0x000003fc   0x00000052   Code   RO         1961    .text               c_w.l(_printf_str.o)
    0x0000044e   0x00000004   Code   RO         1985    .text               c_w.l(getc.o)
    0x00000452   0x00000002   PAD
    0x00000454   0x0000002c   Code   RO         1987    .text               c_w.l(puts.o)
    0x00000480   0x00000006   Code   RO         1989    .text               c_w.l(heapauxi.o)
    0x00000486   0x0000002c   Code   RO         1994    .text               c_w.l(_printf_char.o)
    0x000004b2   0x00000002   PAD
    0x000004b4   0x00000024   Code   RO         1996    .text               c_w.l(_printf_char_file.o)
    0x000004d8   0x00000030   Code   RO         2014    .text               c_w.l(_printf_char_common.o)
    0x00000508   0x0000004a   Code   RO         2016    .text               c_w.l(sys_stackheap_outer.o)
    0x00000552   0x0000000c   Code   RO         2020    .text               c_w.l(exit.o)
    0x0000055e   0x00000002   PAD
    0x00000560   0x00000008   Code   RO         2028    .text               c_w.l(libspace.o)
    0x00000568   0x000000c8   Code   RO          125    i.ADC_MultiInit     admulti.o
    0x00000630   0x00000038   Code   RO          126    i.ADC_MultiRead     admulti.o
    0x00000668   0x0000001c   Code   RO          247    i.BrakeInterruptResponse  mi6.o
    0x00000684   0x00000008   Code   RO          524    i.CPUgetPRIMASK_cpsid  es_port.o
    0x0000068c   0x00000006   Code   RO          530    i.CPUsetPRIMASK     es_port.o
    0x00000692   0x00000002   PAD
    0x00000694   0x00000060   Code   RO           86    i.Check4Keystroke   eventcheckers.o
    0x000006f4   0x00000028   Code   RO          395    i.ES_CheckUserEvents  es_checkevents.o
    0x0000071c   0x00000054   Code   RO          563    i.ES_DeQueue        es_queue.o
    0x00000770   0x00000048   Code   RO          564    i.ES_EnQueueFIFO    es_queue.o
    0x000007b8   0x00000034   Code   RO          473    i.ES_GetMSBitSet    es_lookuptables.o
    0x000007ec   0x00000010   Code   RO          566    i.ES_InitQueue      es_queue.o
    0x000007fc   0x0000004c   Code   RO          427    i.ES_Initialize     es_framework.o
    0x00000848   0x00000038   Code   RO          429    i.ES_PostToService  es_framework.o
    0x00000880   0x00000060   Code   RO          431    i.ES_Run            es_framework.o
    0x000008e0   0x00000004   Code   RO          606    i.ES_Timer_Init     es_timers.o
    0x000008e4   0x0000003c   Code   RO          607    i.ES_Timer_InitTimer  es_timers.o
    0x00000920   0x00000024   Code   RO          610    i.ES_Timer_StopTimer  es_timers.o
    0x00000944   0x0000006c   Code   RO          611    i.ES_Timer_Tick_Resp  es_timers.o
    0x000009b0   0x00000018   Code   RO          248    i.FlaskInterruptResponse  mi6.o
    0x000009c8   0x00000028   Code   RO          810    i.GPIODirModeSet    driverlib.lib(gpio.o)
    0x000009f0   0x0000013a   Code   RO          820    i.GPIOPadConfigSet  driverlib.lib(gpio.o)
    0x00000b2a   0x00000002   PAD
    0x00000b2c   0x00000048   Code   RO          821    i.GPIOPinConfigure  driverlib.lib(gpio.o)
    0x00000b74   0x0000001c   Code   RO          846    i.GPIOPinTypeUART   driverlib.lib(gpio.o)
    0x00000b90   0x00000008   Code   RO          213    i.GetRxData         commrxsm.o
    0x00000b98   0x00000020   Code   RO          214    i.InitCommRxSM      commrxsm.o
    0x00000bb8   0x00000088   Code   RO          249    i.InitGPIO          mi6.o
    0x00000c40   0x000000e8   Code   RO          250    i.InitInputCaptureWT1  mi6.o
    0x00000d28   0x000000e0   Code   RO          251    i.InitInputCaptureWT2  mi6.o
    0x00000e08   0x000000e8   Code   RO          252    i.InitInputCaptureWT3  mi6.o
    0x00000ef0   0x00000048   Code   RO          253    i.InitMI6           mi6.o
    0x00000f38   0x0000000e   Code   RO          364    i.InitUART          uart.o
    0x00000f46   0x00000002   PAD
    0x00000f48   0x000000cc   Code   RO          365    i.InitUART1         uart.o
    0x00001014   0x000000cc   Code   RO          366    i.InitUART2         uart.o
    0x000010e0   0x0000000e   Code   RO         1135    i.IntMasterEnable   driverlib.lib(interrupt.o)
    0x000010ee   0x00000002   PAD
    0x000010f0   0x00000054   Code   RO          254    i.LoadUpControl     mi6.o
    0x00001144   0x00000038   Code   RO          255    i.LoadUpPairingReq  mi6.o
    0x0000117c   0x0000003c   Code   RO          256    i.PopInterruptResponse  mi6.o
    0x000011b8   0x00000010   Code   RO          215    i.PostCommRxSM      commrxsm.o
    0x000011c8   0x00000010   Code   RO          257    i.PostMI6           mi6.o
    0x000011d8   0x000000d4   Code   RO          216    i.RunCommRxSM       commrxsm.o
    0x000012ac   0x00000250   Code   RO          258    i.RunMI6            mi6.o
    0x000014fc   0x00000014   Code   RO          259    i.SendXbeeData      mi6.o
    0x00001510   0x00000002   Code   RO          260    i.SoftwareReset     mi6.o
    0x00001512   0x00000002   PAD
    0x00001514   0x00000120   Code   RO         1252    i.SysCtlClockSet    driverlib.lib(sysctl.o)
    0x00001634   0x00000028   Code   RO         1281    i.SysCtlPeripheralEnable  driverlib.lib(sysctl.o)
    0x0000165c   0x0000000e   Code   RO         1590    i.SysTickEnable     driverlib.lib(systick.o)
    0x0000166a   0x0000000e   Code   RO         1592    i.SysTickIntEnable  driverlib.lib(systick.o)
    0x00001678   0x00000014   Code   RO          490    i.SysTickIntHandler  es_port.o
    0x0000168c   0x0000000a   Code   RO         1596    i.SysTickPeriodSet  driverlib.lib(systick.o)
    0x00001696   0x00000004   Code   RO          710    i.TERMIO_GetChar    termio.o
    0x0000169a   0x00000002   PAD
    0x0000169c   0x00000050   Code   RO          711    i.TERMIO_Init       termio.o
    0x000016ec   0x0000000c   Code   RO          712    i.TERMIO_PutChar    termio.o
    0x000016f8   0x0000008c   Code   RO          261    i.UART1InterruptResponse  mi6.o
    0x00001784   0x00000068   Code   RO          262    i.UART2InterruptResponse  mi6.o
    0x000017ec   0x0000000c   Code   RO         1660    i.UARTCharPut       driverlib.lib(uart.o)
    0x000017f8   0x00000006   Code   RO         1664    i.UARTClockSourceSet  driverlib.lib(uart.o)
    0x000017fe   0x00000002   PAD
    0x00001800   0x0000005c   Code   RO          750    i.UARTStdioConfig   uartstdio.o
    0x0000185c   0x00000018   Code   RO          751    i.UARTgetc          uartstdio.o
    0x00001874   0x0000002c   Code   RO          263    i.UnpairInterruptResponse  mi6.o
    0x000018a0   0x00000020   Code   RO          492    i._HW_Process_Pending_Ints  es_port.o
    0x000018c0   0x00000016   Code   RO          493    i._HW_Timer_Init    es_port.o
    0x000018d6   0x00000002   Code   RO          657    i._sys_exit         retarget.o
    0x000018d8   0x0000001c   Code   RO          264    i.checkSum          mi6.o
    0x000018f4   0x00000006   Code   RO          659    i.ferror            retarget.o
    0x000018fa   0x00000004   Code   RO          660    i.fgetc             retarget.o
    0x000018fe   0x0000000e   Code   RO          661    i.fputc             retarget.o
    0x0000190c   0x00000024   Code   RO          265    i.importData        mi6.o
    0x00001930   0x00000014   Code   RO          713    i.kbhit             termio.o
    0x00001944   0x000001d0   Code   RO            1    i.main              main.o
    0x00001b14   0x0000000a   Code   RO         2087    x$fpl$fpinit        fz_wm.l(fpinit.o)
    0x00001b1e   0x00000002   PAD
    0x00001b20   0x00000030   Data   RO          127    .constdata          admulti.o
    0x00001b50   0x00000004   Data   RO          396    .constdata          es_checkevents.o
    0x00001b54   0x00000020   Data   RO          434    .constdata          es_framework.o
    0x00001b74   0x00000020   Data   RO          474    .constdata          es_lookuptables.o
    0x00001b94   0x0000000f   Data   RO          475    .constdata          es_lookuptables.o
    0x00001ba3   0x00000001   PAD
    0x00001ba4   0x00000040   Data   RO          613    .constdata          es_timers.o
    0x00001be4   0x0000001c   Data   RO          756    .constdata          uartstdio.o
    0x00001c00   0x00000210   Data   RO          853    .constdata          driverlib.lib(gpio.o)
    0x00001e10   0x00000011   Data   RO          757    .conststring        uartstdio.o
    0x00001e21   0x00000003   PAD
    0x00001e24   0x00000020   Data   RO         2148    Region$$Table       anon$$obj.o


    Execution Region RW_IRAM1 (Base: 0x20000000, Size: 0x00000948, Max: 0x00008000, ABSOLUTE)

    Base Addr    Size         Type   Attr      Idx    E Section Name        Object

    0x20000000   0x00000001   Data   RW          128    .data               admulti.o
    0x20000001   0x00000001   PAD
    0x20000002   0x00000008   Data   RW          218    .data               commrxsm.o
    0x2000000a   0x00000002   PAD
    0x2000000c   0x0000002b   Data   RW          267    .data               mi6.o
    0x20000037   0x00000001   PAD
    0x20000038   0x00000006   Data   RW          435    .data               es_framework.o
    0x2000003e   0x00000004   Data   RW          494    .data               es_port.o
    0x20000042   0x00000002   PAD
    0x20000044   0x00000004   Data   RW          568    .data               es_queue.o
    0x20000048   0x0000000a   Data   RW          614    .data               es_timers.o
    0x20000052   0x00000002   PAD
    0x20000054   0x00000004   Data   RW          662    .data               retarget.o
    0x20000058   0x00000004   Data   RW          663    .data               retarget.o
    0x2000005c   0x00000008   Data   RW          758    .data               uartstdio.o
    0x20000064   0x0000000c   Zero   RW          217    .bss                commrxsm.o
    0x20000070   0x0000002c   Zero   RW          266    .bss                mi6.o
    0x2000009c   0x00000018   Zero   RW          432    .bss                es_framework.o
    0x200000b4   0x00000010   Zero   RW          433    .bss                es_framework.o
    0x200000c4   0x00000020   Zero   RW          612    .bss                es_timers.o
    0x200000e4   0x00000060   Zero   RW         2029    .bss                c_w.l(libspace.o)
    0x20000144   0x00000004   PAD
    0x20000148   0x00000000   Zero   RW          387    HEAP                startup_rvmdk.o
    0x20000148   0x00000800   Zero   RW          386    STACK               startup_rvmdk.o


==============================================================================

Image component sizes


      Code (inc. data)   RO Data    RW Data    ZI Data      Debug   Object Name

       256         40         48          1          0       2044   admulti.o
       268         24          0          8         12       3646   commrxsm.o
        40          6          4          0          0       1297   es_checkevents.o
       228         30         32          6         40       3092   es_framework.o
        52          4         47          0          0       1402   es_lookuptables.o
        88         10          0          4          0       3846   es_port.o
       172         10          0          4          0       2633   es_queue.o
       208         42         64         10         32       3187   es_timers.o
        96         12          0          0          0       2314   eventcheckers.o
       464        356          0          0          0       9731   main.o
      2130        340          0         43         44      13059   mi6.o
        26          0          0          8          0       3887   retarget.o
       672        636          0          0       2048        628   startup_rvmdk.o
       116         26          0          0          0       2116   termio.o
       422         92          0          0          0       2303   uart.o
       116         14         45          8          0       2920   uartstdio.o

    ----------------------------------------------------------------------
      5362       1642        276        100       2176      58105   Object Totals
         0          0         32          0          0          0   (incl. Generated)
         8          0          4          8          0          0   (incl. Padding)

    ----------------------------------------------------------------------

      Code (inc. data)   RO Data    RW Data    ZI Data      Debug   Library Member Name

         8          0          0          0          0         68   __main.o
       104          0          0          0          0         84   __printf.o
         0          0          0          0          0          0   __rtentry.o
        12          0          0          0          0          0   __rtentry2.o
         6          0          0          0          0          0   __rtentry4.o
        52          8          0          0          0          0   __scatter.o
        26          0          0          0          0          0   __scatter_copy.o
        28          0          0          0          0          0   __scatter_zi.o
        44          0          0          0          0        108   _printf_char.o
        48          6          0          0          0         96   _printf_char_common.o
        36          4          0          0          0         80   _printf_char_file.o
         0          0          0          0          0          0   _printf_percent.o
         4          0          0          0          0          0   _printf_percent_end.o
         6          0          0          0          0          0   _printf_s.o
        82          0          0          0          0         80   _printf_str.o
        12          0          0          0          0         72   exit.o
         4          0          0          0          0         68   getc.o
         6          0          0          0          0        152   heapauxi.o
         2          0          0          0          0          0   libinit.o
         6          0          0          0          0          0   libinit2.o
         2          0          0          0          0          0   libshutdown.o
         2          0          0          0          0          0   libshutdown2.o
         8          4          0          0         96         68   libspace.o
        24          4          0          0          0         84   noretval__2printf.o
        44          4          0          0          0         84   puts.o
         2          0          0          0          0          0   rtexit.o
        10          0          0          0          0          0   rtexit2.o
        74          0          0          0          0         80   sys_stackheap_outer.o
         2          0          0          0          0         68   use_no_semi.o
        38          0          0          0          0        504   cpu.o
       454          8        528          0          0       5929   gpio.o
        14          0          0          0          0        450   interrupt.o
       334         22          0          0          0       1550   sysctl.o
        38          0          0          0          0       1218   systick.o
        18          0          0          0          0        867   uart.o
        10          0          0          0          0        116   fpinit.o

    ----------------------------------------------------------------------
      1582         60        528          0        100      11826   Library Totals
        22          0          0          0          4          0   (incl. Padding)

    ----------------------------------------------------------------------

      Code (inc. data)   RO Data    RW Data    ZI Data      Debug   Library Name

       654         30          0          0         96       1192   c_w.l
       896         30        528          0          0      10518   driverlib.lib
        10          0          0          0          0        116   fz_wm.l

    ----------------------------------------------------------------------
      1582         60        528          0        100      11826   Library Totals

    ----------------------------------------------------------------------

==============================================================================


      Code (inc. data)   RO Data    RW Data    ZI Data      Debug   

      6944       1702        804        100       2276      63111   Grand Totals
      6944       1702        804        100       2276      63111   ELF Image Totals
      6944       1702        804        100          0          0   ROM Totals

==============================================================================

    Total RO  Size (Code + RO Data)                 7748 (   7.57kB)
    Total RW  Size (RW Data + ZI Data)              2376 (   2.32kB)
    Total ROM Size (Code + RO Data + RW Data)       7848 (   7.66kB)

==============================================================================

